Component: ARM Compiler 5.06 update 6 (build 750) Tool: armlink [4d35ed]

==============================================================================

Section Cross References

    startup_stm32f103xb.o(STACK) refers (Special) to heapauxi.o(.text) for __use_two_region_memory
    startup_stm32f103xb.o(HEAP) refers (Special) to heapauxi.o(.text) for __use_two_region_memory
    startup_stm32f103xb.o(RESET) refers (Special) to heapauxi.o(.text) for __use_two_region_memory
    startup_stm32f103xb.o(RESET) refers to startup_stm32f103xb.o(STACK) for __initial_sp
    startup_stm32f103xb.o(RESET) refers to startup_stm32f103xb.o(.text) for Reset_Handler
    startup_stm32f103xb.o(RESET) refers to stm32f1xx_it.o(i.NMI_Handler) for NMI_Handler
    startup_stm32f103xb.o(RESET) refers to stm32f1xx_it.o(i.HardFault_Handler) for HardFault_Handler
    startup_stm32f103xb.o(RESET) refers to stm32f1xx_it.o(i.MemManage_Handler) for MemManage_Handler
    startup_stm32f103xb.o(RESET) refers to stm32f1xx_it.o(i.BusFault_Handler) for BusFault_Handler
    startup_stm32f103xb.o(RESET) refers to stm32f1xx_it.o(i.UsageFault_Handler) for UsageFault_Handler
    startup_stm32f103xb.o(RESET) refers to port.o(.emb_text) for SVC_Handler
    startup_stm32f103xb.o(RESET) refers to stm32f1xx_it.o(i.DebugMon_Handler) for DebugMon_Handler
    startup_stm32f103xb.o(RESET) refers to stm32f1xx_it.o(i.SysTick_Handler) for SysTick_Handler
    startup_stm32f103xb.o(RESET) refers to stm32f1xx_it.o(i.TIM2_IRQHandler) for TIM2_IRQHandler
    startup_stm32f103xb.o(.text) refers (Special) to heapauxi.o(.text) for __use_two_region_memory
    startup_stm32f103xb.o(.text) refers to system_stm32f1xx.o(i.SystemInit) for SystemInit
    startup_stm32f103xb.o(.text) refers to __main.o(!!!main) for __main
    startup_stm32f103xb.o(.text) refers to startup_stm32f103xb.o(HEAP) for Heap_Mem
    startup_stm32f103xb.o(.text) refers to startup_stm32f103xb.o(STACK) for Stack_Mem
    main.o(i.HAL_TIM_PeriodElapsedCallback) refers to stm32f1xx_hal.o(i.HAL_IncTick) for HAL_IncTick
    main.o(i.SystemClock_Config) refers to rt_memclr_w.o(.text) for __aeabi_memclr4
    main.o(i.SystemClock_Config) refers to stm32f1xx_hal_rcc.o(i.HAL_RCC_OscConfig) for HAL_RCC_OscConfig
    main.o(i.SystemClock_Config) refers to main.o(i.Error_Handler) for Error_Handler
    main.o(i.SystemClock_Config) refers to stm32f1xx_hal_rcc.o(i.HAL_RCC_ClockConfig) for HAL_RCC_ClockConfig
    main.o(i.main) refers to stm32f1xx_hal.o(i.HAL_Init) for HAL_Init
    main.o(i.main) refers to main.o(i.SystemClock_Config) for SystemClock_Config
    main.o(i.main) refers to gpio.o(i.MX_GPIO_Init) for MX_GPIO_Init
    main.o(i.main) refers to oled.o(i.OLED_Init) for OLED_Init
    main.o(i.main) refers to oled.o(i.OLED_Clear) for OLED_Clear
    main.o(i.main) refers to startup_animation.o(i.xCreateStartupAnimationTask) for xCreateStartupAnimationTask
    main.o(i.main) refers to oled.o(i.OLED_ShowString) for OLED_ShowString
    main.o(i.main) refers to oled.o(i.OLED_Update) for OLED_Update
    main.o(i.main) refers to tasks.o(i.xTaskCreate) for xTaskCreate
    main.o(i.main) refers to tasks.o(i.vTaskStartScheduler) for vTaskStartScheduler
    main.o(i.main) refers to main.o(.data) for xLEDTaskHandle
    main.o(i.main) refers to main.o(i.vLEDTask) for vLEDTask
    main.o(i.vLEDTask) refers to tasks.o(i.vTaskDelay) for vTaskDelay
    main.o(i.vLEDTask) refers to stm32f1xx_hal_gpio.o(i.HAL_GPIO_TogglePin) for HAL_GPIO_TogglePin
    main.o(i.vLEDTask) refers to startup_animation.o(.data) for xAnimationCompleted
    gpio.o(i.MX_GPIO_Init) refers to stm32f1xx_hal_gpio.o(i.HAL_GPIO_WritePin) for HAL_GPIO_WritePin
    gpio.o(i.MX_GPIO_Init) refers to stm32f1xx_hal_gpio.o(i.HAL_GPIO_Init) for HAL_GPIO_Init
    stm32f1xx_it.o(i.SysTick_Handler) refers to tasks.o(i.xTaskGetSchedulerState) for xTaskGetSchedulerState
    stm32f1xx_it.o(i.SysTick_Handler) refers to port.o(i.xPortSysTickHandler) for xPortSysTickHandler
    stm32f1xx_it.o(i.TIM2_IRQHandler) refers to stm32f1xx_hal_tim.o(i.HAL_TIM_IRQHandler) for HAL_TIM_IRQHandler
    stm32f1xx_it.o(i.TIM2_IRQHandler) refers to stm32f1xx_hal_timebase_tim.o(.bss) for htim2
    stm32f1xx_hal_timebase_tim.o(i.HAL_InitTick) refers to stm32f1xx_hal_rcc.o(i.HAL_RCC_GetClockConfig) for HAL_RCC_GetClockConfig
    stm32f1xx_hal_timebase_tim.o(i.HAL_InitTick) refers to stm32f1xx_hal_rcc.o(i.HAL_RCC_GetPCLK1Freq) for HAL_RCC_GetPCLK1Freq
    stm32f1xx_hal_timebase_tim.o(i.HAL_InitTick) refers to stm32f1xx_hal_tim.o(i.HAL_TIM_Base_Init) for HAL_TIM_Base_Init
    stm32f1xx_hal_timebase_tim.o(i.HAL_InitTick) refers to stm32f1xx_hal_tim.o(i.HAL_TIM_Base_Start_IT) for HAL_TIM_Base_Start_IT
    stm32f1xx_hal_timebase_tim.o(i.HAL_InitTick) refers to stm32f1xx_hal_cortex.o(i.HAL_NVIC_EnableIRQ) for HAL_NVIC_EnableIRQ
    stm32f1xx_hal_timebase_tim.o(i.HAL_InitTick) refers to stm32f1xx_hal_cortex.o(i.HAL_NVIC_SetPriority) for HAL_NVIC_SetPriority
[...]
    ../clib/heap1.c                          0x00000000   Number         0  h1_free.o ABSOLUTE
    ../clib/heap1.c                          0x00000000   Number         0  h1_final.o ABSOLUTE
    ../clib/heap1.c                          0x00000000   Number         0  h1_alloc_mt.o ABSOLUTE
    ../clib/heap1.c                          0x00000000   Number         0  h1_final_mt.o ABSOLUTE
    ../clib/heap1.c                          0x00000000   Number         0  h1_free_mt.o ABSOLUTE
    ../clib/heap1.c                          0x00000000   Number         0  h1_init.o ABSOLUTE
    ../clib/heap1.c                          0x00000000   Number         0  h1_extend.o ABSOLUTE
    ../clib/heap1.c                          0x00000000   Number         0  h1_extend_mt.o ABSOLUTE
    ../clib/heap2.c                          0x00000000   Number         0  heap2mt.o ABSOLUTE
    ../clib/heap2.c                          0x00000000   Number         0  heap2.o ABSOLUTE
    ../clib/heap2.c                          0x00000000   Number         0  fdtree.o ABSOLUTE
    ../clib/heapalloc.c                      0x00000000   Number         0  free.o ABSOLUTE
    ../clib/heapalloc.c                      0x00000000   Number         0  term_alloc.o ABSOLUTE
    ../clib/heapalloc.c                      0x00000000   Number         0  maybetermalloc1.o ABSOLUTE
    ../clib/heapalloc.c                      0x00000000   Number         0  hrguard.o ABSOLUTE
    ../clib/heapalloc.c                      0x00000000   Number         0  heapstubs.o ABSOLUTE
    ../clib/heapalloc.c                      0x00000000   Number         0  malloc.o ABSOLUTE
    ../clib/heapalloc.c                      0x00000000   Number         0  maybetermalloc2.o ABSOLUTE
    ../clib/heapalloc.c                      0x00000000   Number         0  maybetermalloc2.o ABSOLUTE
    ../clib/heapalloc.c                      0x00000000   Number         0  hguard.o ABSOLUTE
    ../clib/heapalloc.c                      0x00000000   Number         0  maybetermalloc1.o ABSOLUTE
    ../clib/heapalloc.c                      0x00000000   Number         0  init_alloc.o ABSOLUTE
    ../clib/heapaux.c                        0x00000000   Number         0  heapauxa.o ABSOLUTE
    ../clib/heapaux.c                        0x00000000   Number         0  heapauxi.o ABSOLUTE
    ../clib/libinit.s                        0x00000000   Number         0  libshutdown2.o ABSOLUTE
    ../clib/libinit.s                        0x00000000   Number         0  libinit.o ABSOLUTE
    ../clib/libinit.s                        0x00000000   Number         0  libinit2.o ABSOLUTE
    ../clib/libinit.s                        0x00000000   Number         0  libshutdown.o ABSOLUTE
    ../clib/longlong.s                       0x00000000   Number         0  llushr.o ABSOLUTE
    ../clib/memcpset.s                       0x00000000   Number         0  strcmpv7m.o ABSOLUTE
    ../clib/memcpset.s                       0x00000000   Number         0  rt_memclr_w.o ABSOLUTE
    ../clib/memcpset.s                       0x00000000   Number         0  rt_memclr.o ABSOLUTE
    ../clib/memcpset.s                       0x00000000   Number         0  rt_memcpy_v6.o ABSOLUTE
    ../clib/memcpset.s                       0x00000000   Number         0  rt_memcpy_w.o ABSOLUTE
    ../clib/printf.c                         0x00000000   Number         0  __printf_ss.o ABSOLUTE
    ../clib/printf.c                         0x00000000   Number         0  _sputc.o ABSOLUTE
    ../clib/printf.c                         0x00000000   Number         0  _printf_char_common.o ABSOLUTE
    ../clib/printf.c                         0x00000000   Number         0  _printf_intcommon.o ABSOLUTE
    ../clib/printf.c                         0x00000000   Number         0  __printf_nopercent.o ABSOLUTE
    ../clib/printf.c                         0x00000000   Number         0  __2sprintf.o ABSOLUTE
    ../clib/printf.c                         0x00000000   Number         0  noretval__2sprintf.o ABSOLUTE
    ../clib/printf.c                         0x00000000   Number         0  __printf.o ABSOLUTE
    ../clib/printf.c                         0x00000000   Number         0  _printf_dec.o ABSOLUTE
    ../clib/printf.c                         0x00000000   Number         0  __printf_flags.o ABSOLUTE
    ../clib/printf.c                         0x00000000   Number         0  __printf_flags_ss.o ABSOLUTE
    ../clib/printf.c                         0x00000000   Number         0  __printf_wp.o ABSOLUTE
    ../clib/printf.c                         0x00000000   Number         0  __printf_flags_wp.o ABSOLUTE
    ../clib/printf.c                         0x00000000   Number         0  __printf_flags_ss_wp.o ABSOLUTE
    ../clib/printf.c                         0x00000000   Number         0  __printf_ss_wp.o ABSOLUTE
    ../clib/printf_percent.s                 0x00000000   Number         0  _printf_percent.o ABSOLUTE
    ../clib/printf_percent.s                 0x00000000   Number         0  _printf_d.o ABSOLUTE
    ../clib/printf_percent.s                 0x00000000   Number         0  _printf_percent_end.o ABSOLUTE
    ../clib/signal.c                         0x00000000   Number         0  defsig_stak_inner.o ABSOLUTE
    ../clib/signal.c                         0x00000000   Number         0  defsig_rtred_inner.o ABSOLUTE
    ../clib/signal.c                         0x00000000   Number         0  defsig_abrt_inner.o ABSOLUTE
    ../clib/signal.c                         0x00000000   Number         0  defsig_segv_inner.o ABSOLUTE
    ../clib/signal.c                         0x00000000   Number         0  defsig_exit.o ABSOLUTE
    ../clib/signal.c                         0x00000000   Number         0  defsig_cppl_inner.o ABSOLUTE
    ../clib/signal.c                         0x00000000   Number         0  __raise.o ABSOLUTE
    ../clib/signal.c                         0x00000000   Number         0  defsig_other.o ABSOLUTE
    ../clib/signal.c                         0x00000000   Number         0  defsig_fpe_inner.o ABSOLUTE
    ../clib/signal.c                         0x00000000   Number         0  defsig_general.o ABSOLUTE
    ../clib/signal.c                         0x00000000   Number         0  defsig_rtmem_outer.o ABSOLUTE
    ../clib/signal.c                         0x00000000   Number         0  defsig_rtmem_formal.o ABSOLUTE
    ../clib/signal.c                         0x00000000   Number         0  defsig_pvfn_inner.o ABSOLUTE
    ../clib/signal.c                         0x00000000   Number         0  defsig_rtmem_inner.o ABSOLUTE
    ../clib/signal.s                         0x00000000   Number         0  defsig.o ABSOLUTE
    ../clib/stdlib.c                         0x00000000   Number         0  exit.o ABSOLUTE
    ../clib/string.c                         0x00000000   Number         0  strlen.o ABSOLUTE
    ../fplib/dfix.s                          0x00000000   Number         0  dfix.o ABSOLUTE
    ../fplib/dmul.s                          0x00000000   Number         0  dmul.o ABSOLUTE
    ../fplib/dnaninf.s                       0x00000000   Number         0  dnaninf.o ABSOLUTE
    ../fplib/dretinf.s                       0x00000000   Number         0  dretinf.o ABSOLUTE
    ../fplib/f2d.s                           0x00000000   Number         0  f2d.o ABSOLUTE
    ../fplib/faddsub.s                       0x00000000   Number         0  faddsub_clz.o ABSOLUTE
    ../fplib/ffix.s                          0x00000000   Number         0  ffix.o ABSOLUTE
    ../fplib/fflt.s                          0x00000000   Number         0  fflt_clz.o ABSOLUTE
    ../fplib/fnaninf.s                       0x00000000   Number         0  fnaninf.o ABSOLUTE
    ../fplib/fpinit.s                        0x00000000   Number         0  fpinit.o ABSOLUTE
    ../fplib/fretinf.s                       0x00000000   Number         0  fretinf.o ABSOLUTE
    ../fplib/usenofp.s                       0x00000000   Number         0  usenofp.o ABSOLUTE
    ..\APP\startup_animation.c               0x00000000   Number         0  startup_animation.o ABSOLUTE
    ..\Core\Src\gpio.c                       0x00000000   Number         0  gpio.o ABSOLUTE
    ..\Core\Src\main.c                       0x00000000   Number         0  main.o ABSOLUTE
    ..\Core\Src\stm32f1xx_hal_msp.c          0x00000000   Number         0  stm32f1xx_hal_msp.o ABSOLUTE
    ..\Core\Src\stm32f1xx_hal_timebase_tim.c 0x00000000   Number         0  stm32f1xx_hal_timebase_tim.o ABSOLUTE
    ..\Core\Src\stm32f1xx_it.c               0x00000000   Number         0  stm32f1xx_it.o ABSOLUTE
    ..\Core\Src\system_stm32f1xx.c           0x00000000   Number         0  system_stm32f1xx.o ABSOLUTE
    ..\Drivers\STM32F1xx_HAL_Driver\Src\stm32f1xx_hal.c 0x00000000   Number         0  stm32f1xx_hal.o ABSOLUTE
    ..\Drivers\STM32F1xx_HAL_Driver\Src\stm32f1xx_hal_cortex.c 0x00000000   Number         0  stm32f1xx_hal_cortex.o ABSOLUTE
    ..\Drivers\STM32F1xx_HAL_Driver\Src\stm32f1xx_hal_dma.c 0x00000000   Number         0  stm32f1xx_hal_dma.o ABSOLUTE
    ..\Drivers\STM32F1xx_HAL_Driver\Src\stm32f1xx_hal_exti.c 0x00000000   Number         0  stm32f1xx_hal_exti.o ABSOLUTE
    ..\Drivers\STM32F1xx_HAL_Driver\Src\stm32f1xx_hal_flash.c 0x00000000   Number         0  stm32f1xx_hal_flash.o ABSOLUTE
    ..\Drivers\STM32F1xx_HAL_Driver\Src\stm32f1xx_hal_flash_ex.c 0x00000000   Number         0  stm32f1xx_hal_flash_ex.o ABSOLUTE
    ..\Drivers\STM32F1xx_HAL_Driver\Src\stm32f1xx_hal_gpio.c 0x00000000   Number         0  stm32f1xx_hal_gpio.o ABSOLUTE
    ..\Drivers\STM32F1xx_HAL_Driver\Src\stm32f1xx_hal_gpio_ex.c 0x00000000   Number         0  stm32f1xx_hal_gpio_ex.o ABSOLUTE
    ..\Drivers\STM32F1xx_HAL_Driver\Src\stm32f1xx_hal_pwr.c 0x00000000   Number         0  stm32f1xx_hal_pwr.o ABSOLUTE
    ..\Drivers\STM32F1xx_HAL_Driver\Src\stm32f1xx_hal_rcc.c 0x00000000   Number         0  stm32f1xx_hal_rcc.o ABSOLUTE
    ..\Drivers\STM32F1xx_HAL_Driver\Src\stm32f1xx_hal_rcc_ex.c 0x00000000   Number         0  stm32f1xx_hal_rcc_ex.o ABSOLUTE
    ..\Drivers\STM32F1xx_HAL_Driver\Src\stm32f1xx_hal_tim.c 0x00000000   Number         0  stm32f1xx_hal_tim.o ABSOLUTE
    ..\Drivers\STM32F1xx_HAL_Driver\Src\stm32f1xx_hal_tim_ex.c 0x00000000   Number         0  stm32f1xx_hal_tim_ex.o ABSOLUTE
    ..\FreeRTOS\portable\MemMang\heap_4.c    0x00000000   Number         0  heap_4.o ABSOLUTE
    ..\FreeRTOS\portable\RVDS\ARM_CM3\port.c 0x00000000   Number         0  port.o ABSOLUTE
    ..\FreeRTOS\source\croutine.c            0x00000000   Number         0  croutine.o ABSOLUTE
    ..\FreeRTOS\source\event_groups.c        0x00000000   Number         0  event_groups.o ABSOLUTE
    ..\FreeRTOS\source\list.c                0x00000000   Number         0  list.o ABSOLUTE
    ..\FreeRTOS\source\queue.c               0x00000000   Number         0  queue.o ABSOLUTE
    ..\FreeRTOS\source\stream_buffer.c       0x00000000   Number         0  stream_buffer.o ABSOLUTE
    ..\FreeRTOS\source\tasks.c               0x00000000   Number         0  tasks.o ABSOLUTE
    ..\FreeRTOS\source\timers.c              0x00000000   Number         0  timers.o ABSOLUTE
    ..\HardWare\MYI2C_HAL.c                  0x00000000   Number         0  myi2c_hal.o ABSOLUTE
    ..\HardWare\oled.c                       0x00000000   Number         0  oled.o ABSOLUTE
    ..\HardWare\oled_fonts.c                 0x00000000   Number         0  oled_fonts.o ABSOLUTE
    ..\\FreeRTOS\\portable\\RVDS\\ARM_CM3\\port.c 0x00000000   Number         0  port.o ABSOLUTE
    ..\\HardWare\\MYI2C_HAL.c                0x00000000   Number         0  myi2c_hal.o ABSOLUTE
    ..\\HardWare\\oled.c                     0x00000000   Number         0  oled.o ABSOLUTE
    dc.s                                     0x00000000   Number         0  dc.o ABSOLUTE
    startup_stm32f103xb.s                    0x00000000   Number         0  startup_stm32f103xb.o ABSOLUTE
    RESET                                    0x08000000   Section      236  startup_stm32f103xb.o(RESET)
    !!!main                                  0x080000ec   Section        8  __main.o(!!!main)
    !!!scatter                               0x080000f4   Section       52  __scatter.o(!!!scatter)
    !!handler_copy                           0x08000128   Section       26  __scatter_copy.o(!!handler_copy)
    !!handler_zi                             0x08000144   Section       28  __scatter_zi.o(!!handler_zi)
    .ARM.Collect$$_printf_percent$$00000000  0x08000160   Section        0  _printf_percent.o(.ARM.Collect$$_printf_percent$$00000000)
    .ARM.Collect$$_printf_percent$$00000009  0x08000160   Section        6  _printf_d.o(.ARM.Collect$$_printf_percent$$00000009)
    .ARM.Collect$$_printf_percent$$00000017  0x08000166   Section        4  _printf_percent_end.o(.ARM.Collect$$_printf_percent$$00000017)
    .ARM.Collect$$libinit$$00000000          0x0800016a   Section        2  libinit.o(.ARM.Collect$$libinit$$00000000)
    .ARM.Collect$$libinit$$00000002          0x0800016c   Section        0  libinit2.o(.ARM.Collect$$libinit$$00000002)
    .ARM.Collect$$libinit$$00000004          0x0800016c   Section        0  libinit2.o(.ARM.Collect$$libinit$$00000004)
    .ARM.Collect$$libinit$$0000000A          0x0800016c   Section        0  libinit2.o(.ARM.Collect$$libinit$$0000000A)
    .ARM.Collect$$libinit$$0000000C          0x0800016c   Section        0  libinit2.o(.ARM.Collect$$libinit$$0000000C)
    .ARM.Collect$$libinit$$0000000E          0x0800016c   Section        0  libinit2.o(.ARM.Collect$$libinit$$0000000E)
    .ARM.Collect$$libinit$$00000011          0x0800016c   Section        0  libinit2.o(.ARM.Collect$$libinit$$00000011)
    .ARM.Collect$$libinit$$00000013          0x0800016c   Section        0  libinit2.o(.ARM.Collect$$libinit$$00000013)
    .ARM.Collect$$libinit$$00000015          0x0800016c   Section        0  libinit2.o(.ARM.Collect$$libinit$$00000015)
    .ARM.Collect$$libinit$$00000017          0x0800016c   Section        0  libinit2.o(.ARM.Collect$$libinit$$00000017)
    .ARM.Collect$$libinit$$00000019          0x0800016c   Section        0  libinit2.o(.ARM.Collect$$libinit$$00000019)
    .ARM.Collect$$libinit$$0000001B          0x0800016c   Section        0  libinit2.o(.ARM.Collect$$libinit$$0000001B)
    .ARM.Collect$$libinit$$0000001D          0x0800016c   Section        0  libinit2.o(.ARM.Collect$$libinit$$0000001D)
    .ARM.Collect$$libinit$$0000001F          0x0800016c   Section        0  libinit2.o(.ARM.Collect$$libinit$$0000001F)
    .ARM.Collect$$libinit$$00000021          0x0800016c   Section        0  libinit2.o(.ARM.Collect$$libinit$$00000021)
    .ARM.Collect$$libinit$$00000023          0x0800016c   Section        0  libinit2.o(.ARM.Collect$$libinit$$00000023)
    .ARM.Collect$$libinit$$00000025          0x0800016c   Section        0  libinit2.o(.ARM.Collect$$libinit$$00000025)
    .ARM.Collect$$libinit$$0000002C          0x0800016c   Section        0  libinit2.o(.ARM.Collect$$libinit$$0000002C)
    .ARM.Collect$$libinit$$0000002E          0x0800016c   Section        0  libinit2.o(.ARM.Collect$$libinit$$0000002E)
    .ARM.Collect$$libinit$$00000030          0x0800016c   Section        0  libinit2.o(.ARM.Collect$$libinit$$00000030)
    .ARM.Collect$$libinit$$00000032          0x0800016c   Section        0  libinit2.o(.ARM.Collect$$libinit$$00000032)
    .ARM.Collect$$libinit$$00000033          0x0800016c   Section        2  libinit2.o(.ARM.Collect$$libinit$$00000033)
    .ARM.Collect$$libshutdown$$00000000      0x0800016e   Section        2  libshutdown.o(.ARM.Collect$$libshutdown$$00000000)
    .ARM.Collect$$libshutdown$$00000002      0x08000170   Section        0  libshutdown2.o(.ARM.Collect$$libshutdown$$00000002)
    .ARM.Collect$$libshutdown$$00000004      0x08000170   Section        0  libshutdown2.o(.ARM.Collect$$libshutdown$$00000004)
    .ARM.Collect$$libshutdown$$00000007      0x08000170   Section        0  libshutdown2.o(.ARM.Collect$$libshutdown$$00000007)
    .ARM.Collect$$libshutdown$$0000000A      0x08000170   Section        0  libshutdown2.o(.ARM.Collect$$libshutdown$$0000000A)
    .ARM.Collect$$libshutdown$$0000000C      0x08000170   Section        0  libshutdown2.o(.ARM.Collect$$libshutdown$$0000000C)
    .ARM.Collect$$libshutdown$$0000000F      0x08000170   Section        0  libshutdown2.o(.ARM.Collect$$libshutdown$$0000000F)
    .ARM.Collect$$libshutdown$$00000010      0x08000170   Section        2  libshutdown2.o(.ARM.Collect$$libshutdown$$00000010)
    .ARM.Collect$$rtentry$$00000000          0x08000172   Section        0  __rtentry.o(.ARM.Collect$$rtentry$$00000000)
    .ARM.Collect$$rtentry$$00000002          0x08000172   Section        0  __rtentry2.o(.ARM.Collect$$rtentry$$00000002)
    .ARM.Collect$$rtentry$$00000004          0x08000172   Section        6  __rtentry4.o(.ARM.Collect$$rtentry$$00000004)
    .ARM.Collect$$rtentry$$00000009          0x08000178   Section        0  __rtentry2.o(.ARM.Collect$$rtentry$$00000009)
    .ARM.Collect$$rtentry$$0000000A          0x08000178   Section        4  __rtentry2.o(.ARM.Collect$$rtentry$$0000000A)
    .ARM.Collect$$rtentry$$0000000C          0x0800017c   Section        0  __rtentry2.o(.ARM.Collect$$rtentry$$0000000C)
    .ARM.Collect$$rtentry$$0000000D          0x0800017c   Section        8  __rtentry2.o(.ARM.Collect$$rtentry$$0000000D)
    .ARM.Collect$$rtexit$$00000000           0x08000184   Section        2  rtexit.o(.ARM.Collect$$rtexit$$00000000)
    .ARM.Collect$$rtexit$$00000002           0x08000186   Section        0  rtexit2.o(.ARM.Collect$$rtexit$$00000002)
    .ARM.Collect$$rtexit$$00000003           0x08000186   Section        4  rtexit2.o(.ARM.Collect$$rtexit$$00000003)
    .ARM.Collect$$rtexit$$00000004           0x0800018a   Section        6  rtexit2.o(.ARM.Collect$$rtexit$$00000004)
    .emb_text                                0x08000190   Section      150  port.o(.emb_text)
    .text                                    0x08000228   Section       64  startup_stm32f103xb.o(.text)
    .text                                    0x08000268   Section        0  noretval__2sprintf.o(.text)
    .text                                    0x08000290   Section        0  __printf.o(.text)
    .text                                    0x080002f8   Section        0  _printf_dec.o(.text)
    .text                                    0x08000370   Section        0  strlen.o(.text)
    .text                                    0x080003ae   Section       78  rt_memclr_w.o(.text)
    .text                                    0x080003fc   Section        0  heapauxi.o(.text)
    .text                                    0x08000402   Section        0  _printf_intcommon.o(.text)
    .text                                    0x080004b4   Section        0  _printf_char_common.o(.text)
    _printf_input_char                       0x080004b5   Thumb Code    10  _printf_char_common.o(.text)
    .text                                    0x080004e4   Section        0  _sputc.o(.text)
    .text                                    0x080004f0   Section        8  libspace.o(.text)
    .text                                    0x080004f8   Section        2  use_no_semi.o(.text)
    .text                                    0x080004fa   Section        0  indicate_semi.o(.text)
    .text                                    0x080004fa   Section       74  sys_stackheap_outer.o(.text)
    .text                                    0x08000544   Section        0  exit.o(.text)
    .text                                    0x08000558   Section        0  sys_exit.o(.text)
    i.BusFault_Handler                       0x08000564   Section        0  stm32f1xx_it.o(i.BusFault_Handler)
    i.DebugMon_Handler                       0x08000568   Section        0  stm32f1xx_it.o(i.DebugMon_Handler)
    i.Error_Handler                          0x0800056a   Section        0  main.o(i.Error_Handler)
    i.HAL_GPIO_Init                          0x08000570   Section        0  stm32f1xx_hal_gpio.o(i.HAL_GPIO_Init)
    i.HAL_GPIO_ReadPin                       0x0800087c   Section        0  stm32f1xx_hal_gpio.o(i.HAL_GPIO_ReadPin)
    i.HAL_GPIO_TogglePin                     0x0800088c   Section        0  stm32f1xx_hal_gpio.o(i.HAL_GPIO_TogglePin)
    i.HAL_GPIO_WritePin                      0x080008a0   Section        0  stm32f1xx_hal_gpio.o(i.HAL_GPIO_WritePin)
    i.HAL_GetTick                            0x080008ac   Section        0  stm32f1xx_hal.o(i.HAL_GetTick)
    i.HAL_IncTick                            0x080008b8   Section        0  stm32f1xx_hal.o(i.HAL_IncTick)
    i.HAL_Init                               0x080008d0   Section        0  stm32f1xx_hal.o(i.HAL_Init)
    i.HAL_InitTick                           0x080008f8   Section        0  stm32f1xx_hal_timebase_tim.o(i.HAL_InitTick)
    i.HAL_MspInit                            0x080009a8   Section        0  stm32f1xx_hal_msp.o(i.HAL_MspInit)
    i.HAL_NVIC_EnableIRQ                     0x080009fc   Section        0  stm32f1xx_hal_cortex.o(i.HAL_NVIC_EnableIRQ)
    i.HAL_NVIC_SetPriority                   0x08000a1c   Section        0  stm32f1xx_hal_cortex.o(i.HAL_NVIC_SetPriority)
    i.HAL_NVIC_SetPriorityGrouping           0x08000a98   Section        0  stm32f1xx_hal_cortex.o(i.HAL_NVIC_SetPriorityGrouping)
    i.HAL_RCC_ClockConfig                    0x08000ac0   Section        0  stm32f1xx_hal_rcc.o(i.HAL_RCC_ClockConfig)
    i.HAL_RCC_GetClockConfig                 0x08000c4c   Section        0  stm32f1xx_hal_rcc.o(i.HAL_RCC_GetClockConfig)
    i.HAL_RCC_GetHCLKFreq                    0x08000c90   Section        0  stm32f1xx_hal_rcc.o(i.HAL_RCC_GetHCLKFreq)
    i.HAL_RCC_GetPCLK1Freq                   0x08000c9c   Section        0  stm32f1xx_hal_rcc.o(i.HAL_RCC_GetPCLK1Freq)
    i.HAL_RCC_GetSysClockFreq                0x08000cbc   Section        0  stm32f1xx_hal_rcc.o(i.HAL_RCC_GetSysClockFreq)
    i.HAL_RCC_OscConfig                      0x08000d2c   Section        0  stm32f1xx_hal_rcc.o(i.HAL_RCC_OscConfig)
    i.HAL_TIMEx_BreakCallback                0x08001190   Section        0  stm32f1xx_hal_tim_ex.o(i.HAL_TIMEx_BreakCallback)
    i.HAL_TIMEx_CommutCallback               0x08001192   Section        0  stm32f1xx_hal_tim_ex.o(i.HAL_TIMEx_CommutCallback)
    i.HAL_TIM_Base_Init                      0x08001194   Section        0  stm32f1xx_hal_tim.o(i.HAL_TIM_Base_Init)
    i.HAL_TIM_Base_MspInit                   0x080011fa   Section        0  stm32f1xx_hal_tim.o(i.HAL_TIM_Base_MspInit)
    i.HAL_TIM_Base_Start_IT                  0x080011fc   Section        0  stm32f1xx_hal_tim.o(i.HAL_TIM_Base_Start_IT)
    i.HAL_TIM_IC_CaptureCallback             0x08001268   Section        0  stm32f1xx_hal_tim.o(i.HAL_TIM_IC_CaptureCallback)
    i.HAL_TIM_IRQHandler                     0x0800126a   Section        0  stm32f1xx_hal_tim.o(i.HAL_TIM_IRQHandler)
    i.HAL_TIM_OC_DelayElapsedCallback        0x080013d6   Section        0  stm32f1xx_hal_tim.o(i.HAL_TIM_OC_DelayElapsedCallback)
    i.HAL_TIM_PWM_PulseFinishedCallback      0x080013d8   Section        0  stm32f1xx_hal_tim.o(i.HAL_TIM_PWM_PulseFinishedCallback)
    i.HAL_TIM_PeriodElapsedCallback          0x080013da   Section        0  main.o(i.HAL_TIM_PeriodElapsedCallback)
    i.HAL_TIM_TriggerCallback                0x080013ec   Section        0  stm32f1xx_hal_tim.o(i.HAL_TIM_TriggerCallback)
    i.HardFault_Handler                      0x080013ee   Section        0  stm32f1xx_it.o(i.HardFault_Handler)
    i.MX_GPIO_Init                           0x080013f4   Section        0  gpio.o(i.MX_GPIO_Init)
    i.MemManage_Handler                      0x080014c8   Section        0  stm32f1xx_it.o(i.MemManage_Handler)
    i.MyI2C_Init                             0x080014cc   Section        0  myi2c_hal.o(i.MyI2C_Init)
    i.MyI2C_R_SDA                            0x080014dc   Section        0  myi2c_hal.o(i.MyI2C_R_SDA)
    i.MyI2C_ReceiveAck                       0x080014f0   Section        0  myi2c_hal.o(i.MyI2C_ReceiveAck)
    i.MyI2C_SendByte                         0x0800150e   Section        0  myi2c_hal.o(i.MyI2C_SendByte)
    i.MyI2C_Start                            0x08001540   Section        0  myi2c_hal.o(i.MyI2C_Start)
    i.MyI2C_Stop                             0x0800155c   Section        0  myi2c_hal.o(i.MyI2C_Stop)
    i.MyI2C_W_SCL                            0x08001574   Section        0  myi2c_hal.o(i.MyI2C_W_SCL)
    i.MyI2C_W_SDA                            0x0800158c   Section        0  myi2c_hal.o(i.MyI2C_W_SDA)
    i.NMI_Handler                            0x080015a4   Section        0  stm32f1xx_it.o(i.NMI_Handler)
    i.OLED_Clear                             0x080015a8   Section        0  oled.o(i.OLED_Clear)
    i.OLED_ClearArea                         0x080015d0   Section        0  oled.o(i.OLED_ClearArea)
    i.OLED_DrawPoint                         0x08001650   Section        0  oled.o(i.OLED_DrawPoint)
    i.OLED_DrawRectangle                     0x08001680   Section        0  oled.o(i.OLED_DrawRectangle)
    i.OLED_FillArea                          0x080016f8   Section        0  oled.o(i.OLED_FillArea)
    i.OLED_Init                              0x080017d8   Section        0  oled.o(i.OLED_Init)
    i.OLED_SetCursor                         0x0800186a   Section        0  oled.o(i.OLED_SetCursor)
    i.OLED_ShowChar                          0x0800188c   Section        0  oled.o(i.OLED_ShowChar)
    i.OLED_ShowImage                         0x080018e0   Section        0  oled.o(i.OLED_ShowImage)
    i.OLED_ShowString                        0x080019ec   Section        0  oled.o(i.OLED_ShowString)
    i.OLED_ShowString_Center                 0x08001a1a   Section        0  oled.o(i.OLED_ShowString_Center)
    i.OLED_Update                            0x08001a4c   Section        0  oled.o(i.OLED_Update)
    i.OLED_WriteCommand                      0x08001a74   Section        0  oled.o(i.OLED_WriteCommand)
    i.OLED_WriteData                         0x08001aa0   Section        0  oled.o(i.OLED_WriteData)
    i.RCC_Delay                              0x08001adc   Section        0  stm32f1xx_hal_rcc.o(i.RCC_Delay)
    RCC_Delay                                0x08001add   Thumb Code    36  stm32f1xx_hal_rcc.o(i.RCC_Delay)
    i.SysTick_Handler                        0x08001b04   Section        0  stm32f1xx_it.o(i.SysTick_Handler)
    i.SystemClock_Config                     0x08001b14   Section        0  main.o(i.SystemClock_Config)
    i.SystemInit                             0x08001b7a   Section        0  system_stm32f1xx.o(i.SystemInit)
    i.TIM2_IRQHandler                        0x08001b7c   Section        0  stm32f1xx_it.o(i.TIM2_IRQHandler)
    i.TIM_Base_SetConfig                     0x08001b8c   Section        0  stm32f1xx_hal_tim.o(i.TIM_Base_SetConfig)
    i.UsageFault_Handler                     0x08001c00   Section        0  stm32f1xx_it.o(i.UsageFault_Handler)
    i.__NVIC_GetPriorityGrouping             0x08001c04   Section        0  stm32f1xx_hal_cortex.o(i.__NVIC_GetPriorityGrouping)
    __NVIC_GetPriorityGrouping               0x08001c05   Thumb Code    10  stm32f1xx_hal_cortex.o(i.__NVIC_GetPriorityGrouping)
    i.__NVIC_SetPriority                     0x08001c14   Section        0  stm32f1xx_hal_cortex.o(i.__NVIC_SetPriority)
    __NVIC_SetPriority                       0x08001c15   Thumb Code    32  stm32f1xx_hal_cortex.o(i.__NVIC_SetPriority)
    i.main                                   0x08001c3c   Section        0  main.o(i.main)
    i.prvAddCurrentTaskToDelayedList         0x08001ca0   Section        0  tasks.o(i.prvAddCurrentTaskToDelayedList)
    prvAddCurrentTaskToDelayedList           0x08001ca1   Thumb Code   174  tasks.o(i.prvAddCurrentTaskToDelayedList)
    i.prvAddNewTaskToReadyList               0x08001d6c   Section        0  tasks.o(i.prvAddNewTaskToReadyList)
    prvAddNewTaskToReadyList                 0x08001d6d   Thumb Code   212  tasks.o(i.prvAddNewTaskToReadyList)
    i.prvCheckTasksWaitingTermination        0x08001e5c   Section        0  tasks.o(i.prvCheckTasksWaitingTermination)
    prvCheckTasksWaitingTermination          0x08001e5d   Thumb Code    60  tasks.o(i.prvCheckTasksWaitingTermination)
    i.prvCreateIdleTasks                     0x08001ea4   Section        0  tasks.o(i.prvCreateIdleTasks)
    prvCreateIdleTasks                       0x08001ea5   Thumb Code    86  tasks.o(i.prvCreateIdleTasks)
    i.prvCreateTask                          0x08001f0c   Section        0  tasks.o(i.prvCreateTask)
    prvCreateTask                            0x08001f0d   Thumb Code    90  tasks.o(i.prvCreateTask)
    i.prvDeleteTCB                           0x08001f66   Section        0  tasks.o(i.prvDeleteTCB)
    prvDeleteTCB                             0x08001f67   Thumb Code    18  tasks.o(i.prvDeleteTCB)
    i.prvHeapInit                            0x08001f78   Section        0  heap_4.o(i.prvHeapInit)
    prvHeapInit                              0x08001f79   Thumb Code    88  heap_4.o(i.prvHeapInit)
    i.prvIdleTask                            0x08001fe4   Section        0  tasks.o(i.prvIdleTask)
    prvIdleTask                              0x08001fe5   Thumb Code    32  tasks.o(i.prvIdleTask)
    i.prvInitialiseNewTask                   0x0800200c   Section        0  tasks.o(i.prvInitialiseNewTask)
    prvInitialiseNewTask                     0x0800200d   Thumb Code   122  tasks.o(i.prvInitialiseNewTask)
    i.prvInitialiseTaskLists                 0x08002088   Section        0  tasks.o(i.prvInitialiseTaskLists)
    prvInitialiseTaskLists                   0x08002089   Thumb Code    70  tasks.o(i.prvInitialiseTaskLists)
    i.prvInsertBlockIntoFreeList             0x080020f0   Section        0  heap_4.o(i.prvInsertBlockIntoFreeList)
    prvInsertBlockIntoFreeList               0x080020f1   Thumb Code    96  heap_4.o(i.prvInsertBlockIntoFreeList)
    i.prvResetNextTaskUnblockTime            0x08002158   Section        0  tasks.o(i.prvResetNextTaskUnblockTime)
    prvResetNextTaskUnblockTime              0x08002159   Thumb Code    40  tasks.o(i.prvResetNextTaskUnblockTime)
    i.prvTaskExitError                       0x08002188   Section        0  port.o(i.prvTaskExitError)
    prvTaskExitError                         0x08002189   Thumb Code    22  port.o(i.prvTaskExitError)
    i.pvPortMalloc                           0x080021a0   Section        0  heap_4.o(i.pvPortMalloc)
    i.pxPortInitialiseStack                  0x080022a0   Section        0  port.o(i.pxPortInitialiseStack)
    i.uxListRemove                           0x080022c4   Section        0  list.o(i.uxListRemove)
    i.vAnimation_LoadingBar                  0x080022ec   Section        0  startup_animation.o(i.vAnimation_LoadingBar)
    i.vAnimation_Typewriter                  0x080023a4   Section        0  startup_animation.o(i.vAnimation_Typewriter)
    i.vLEDTask                               0x0800240c   Section        0  main.o(i.vLEDTask)
    i.vListInitialise                        0x0800243c   Section        0  list.o(i.vListInitialise)
    i.vListInitialiseItem                    0x08002456   Section        0  list.o(i.vListInitialiseItem)
    i.vListInsert                            0x0800245c   Section        0  list.o(i.vListInsert)
    i.vListInsertEnd                         0x08002490   Section        0  list.o(i.vListInsertEnd)
    i.vPortEnterCritical                     0x080024a8   Section        0  port.o(i.vPortEnterCritical)
    i.vPortExitCritical                      0x080024cc   Section        0  port.o(i.vPortExitCritical)
    i.vPortFree                              0x080024ec   Section        0  heap_4.o(i.vPortFree)
    i.vPortSetupTimerInterrupt               0x08002538   Section        0  port.o(i.vPortSetupTimerInterrupt)
    i.vTaskDelay                             0x08002550   Section        0  tasks.o(i.vTaskDelay)
    i.vTaskDelete                            0x08002584   Section        0  tasks.o(i.vTaskDelete)
    i.vTaskStartScheduler                    0x08002670   Section        0  tasks.o(i.vTaskStartScheduler)
    i.vTaskStartupAnimation                  0x080026bc   Section        0  startup_animation.o(i.vTaskStartupAnimation)
    i.vTaskSuspendAll                        0x08002704   Section        0  tasks.o(i.vTaskSuspendAll)
    i.vTaskSwitchContext                     0x08002714   Section        0  tasks.o(i.vTaskSwitchContext)
    i.xCreateStartupAnimationTask            0x0800277c   Section        0  startup_animation.o(i.xCreateStartupAnimationTask)
    i.xPortStartScheduler                    0x080027b0   Section        0  port.o(i.xPortStartScheduler)
    i.xPortSysTickHandler                    0x080027e4   Section        0  port.o(i.xPortSysTickHandler)
    i.xTaskCreate                            0x08002818   Section        0  tasks.o(i.xTaskCreate)
    i.xTaskGetSchedulerState                 0x08002850   Section        0  tasks.o(i.xTaskGetSchedulerState)
    i.xTaskIncrementTick                     0x08002870   Section        0  tasks.o(i.xTaskIncrementTick)
    i.xTaskResumeAll                         0x08002a10   Section        0  tasks.o(i.xTaskResumeAll)
    .constdata                               0x08002b8c   Section       18  stm32f1xx_hal_rcc.o(.constdata)
    aPLLMULFactorTable                       0x08002b8c   Data          16  stm32f1xx_hal_rcc.o(.constdata)
    aPredivFactorTable                       0x08002b9c   Data           2  stm32f1xx_hal_rcc.o(.constdata)
    .constdata                               0x08002b9e   Section       24  system_stm32f1xx.o(.constdata)
    .constdata                               0x08002bb6   Section     2270  oled_fonts.o(.constdata)
    .data                                    0x20000000   Section        4  main.o(.data)
    .data                                    0x20000004   Section        9  stm32f1xx_hal.o(.data)
    .data                                    0x20000010   Section        4  system_stm32f1xx.o(.data)
    .data                                    0x20000014   Section       64  tasks.o(.data)
    pxDelayedTaskList                        0x20000018   Data           4  tasks.o(.data)
    pxOverflowDelayedTaskList                0x2000001c   Data           4  tasks.o(.data)
    uxDeletedTasksWaitingCleanUp             0x20000020   Data           4  tasks.o(.data)
    uxCurrentNumberOfTasks                   0x20000024   Data           4  tasks.o(.data)
    xTickCount                               0x20000028   Data           4  tasks.o(.data)
    uxTopReadyPriority                       0x2000002c   Data           4  tasks.o(.data)
    xSchedulerRunning                        0x20000030   Data           4  tasks.o(.data)
    xPendedTicks                             0x20000034   Data           4  tasks.o(.data)
    xYieldPendings                           0x20000038   Data           4  tasks.o(.data)
    xNumOfOverflows                          0x2000003c   Data           4  tasks.o(.data)
    uxTaskNumber                             0x20000040   Data           4  tasks.o(.data)
    xNextTaskUnblockTime                     0x20000044   Data           4  tasks.o(.data)
    xIdleTaskHandles                         0x20000048   Data           4  tasks.o(.data)
    uxTopUsedPriority                        0x2000004c   Data           4  tasks.o(.data)
    uxSchedulerSuspended                     0x20000050   Data           4  tasks.o(.data)
    .data                                    0x20000054   Section       28  heap_4.o(.data)
    xStart                                   0x20000054   Data           8  heap_4.o(.data)
    pxEnd                                    0x2000005c   Data           4  heap_4.o(.data)
    xFreeBytesRemaining                      0x20000060   Data           4  heap_4.o(.data)
    xMinimumEverFreeBytesRemaining           0x20000064   Data           4  heap_4.o(.data)
    xNumberOfSuccessfulAllocations           0x20000068   Data           4  heap_4.o(.data)
    xNumberOfSuccessfulFrees                 0x2000006c   Data           4  heap_4.o(.data)
    .data                                    0x20000070   Section        4  port.o(.data)
    uxCriticalNesting                        0x20000070   Data           4  port.o(.data)
    .data                                    0x20000074   Section        4  startup_animation.o(.data)
    .bss                                     0x20000078   Section       72  stm32f1xx_hal_timebase_tim.o(.bss)
    .bss                                     0x200000c0   Section     1024  oled.o(.bss)
    .bss                                     0x200004c0   Section      200  tasks.o(.bss)
    pxReadyTasksLists                        0x200004c0   Data         100  tasks.o(.bss)
    xDelayedTaskList1                        0x20000524   Data          20  tasks.o(.bss)
    xDelayedTaskList2                        0x20000538   Data          20  tasks.o(.bss)
    xPendingReadyList                        0x2000054c   Data          20  tasks.o(.bss)
    xTasksWaitingTermination                 0x20000560   Data          20  tasks.o(.bss)
    xSuspendedTaskList                       0x20000574   Data          20  tasks.o(.bss)
    .bss                                     0x20000588   Section     4096  heap_4.o(.bss)
    ucHeap                                   0x20000588   Data        4096  heap_4.o(.bss)
    .bss                                     0x20001588   Section       96  libspace.o(.bss)
    HEAP                                     0x200015e8   Section      512  startup_stm32f103xb.o(HEAP)
    Heap_Mem                                 0x200015e8   Data         512  startup_stm32f103xb.o(HEAP)
    STACK                                    0x200017e8   Section     1024  startup_stm32f103xb.o(STACK)
    Stack_Mem                                0x200017e8   Data        1024  startup_stm32f103xb.o(STACK)
    __initial_sp                             0x20001be8   Data           0  startup_stm32f103xb.o(STACK)

    Global Symbols

    Symbol Name                              Value     Ov Type        Size  Object(Section)

    BuildAttributes$$THM_ISAv4$P$D$K$B$S$PE$A:L22UL41UL21$X:L11$S22US41US21$IEEE1$IW$USESV6$~STKCKD$USESV7$~SHL$OTIME$ROPI$EBA8$UX$STANDARDLIB$REQ8$PRES8$EABIv2 0x00000000   Number         0  anon$$obj.o ABSOLUTE
    __ARM_use_no_argv                        0x00000000   Number         0  main.o ABSOLUTE
    __ARM_exceptions_init                     - Undefined Weak Reference
    __alloca_initialize                       - Undefined Weak Reference
    __arm_preinit_                            - Undefined Weak Reference
    __cpp_initialize__aeabi_                  - Undefined Weak Reference
    __cxa_finalize                            - Undefined Weak Reference
    __rt_locale                               - Undefined Weak Reference
    __sigvec_lookup                           - Undefined Weak Reference
    __user_heap_extent                        - Undefined Weak Reference
    _atexit_init                              - Undefined Weak Reference
    _call_atexit_fns                          - Undefined Weak Reference
    _clock_init                               - Undefined Weak Reference
    _fp_trap_init                             - Undefined Weak Reference
    _fp_trap_shutdown                         - Undefined Weak Reference
    _get_lc_collate                           - Undefined Weak Reference
    _get_lc_ctype                             - Undefined Weak Reference
    _get_lc_monetary                          - Undefined Weak Reference
    _get_lc_numeric                           - Undefined Weak Reference
    _get_lc_time                              - Undefined Weak Reference
    _getenv_init                              - Undefined Weak Reference
    _handle_redirection                       - Undefined Weak Reference
    _initio                                   - Undefined Weak Reference
    _mutex_acquire                            - Undefined Weak Reference
    _mutex_free                               - Undefined Weak Reference
    _mutex_release                            - Undefined Weak Reference
    _printf_post_padding                      - Undefined Weak Reference
    _printf_pre_padding                       - Undefined Weak Reference
    _printf_truncate_signed                   - Undefined Weak Reference
    _printf_truncate_unsigned                 - Undefined Weak Reference
    _rand_init                                - Undefined Weak Reference
    _signal_finish                            - Undefined Weak Reference
    _signal_init                              - Undefined Weak Reference
    _terminateio                              - Undefined Weak Reference
    __Vectors_Size                           0x000000ec   Number         0  startup_stm32f103xb.o ABSOLUTE
    __Vectors                                0x08000000   Data           4  startup_stm32f103xb.o(RESET)
    __Vectors_End                            0x080000ec   Data           0  startup_stm32f103xb.o(RESET)
    __main                                   0x080000ed   Thumb Code     8  __main.o(!!!main)
    __scatterload                            0x080000f5   Thumb Code     0  __scatter.o(!!!scatter)
    __scatterload_rt2                        0x080000f5   Thumb Code    44  __scatter.o(!!!scatter)
    __scatterload_rt2_thumb_only             0x080000f5   Thumb Code     0  __scatter.o(!!!scatter)
    __scatterload_null                       0x08000103   Thumb Code     0  __scatter.o(!!!scatter)
    __scatterload_copy                       0x08000129   Thumb Code    26  __scatter_copy.o(!!handler_copy)
    __scatterload_zeroinit                   0x08000145   Thumb Code    28  __scatter_zi.o(!!handler_zi)
    _printf_d                                0x08000161   Thumb Code     0  _printf_d.o(.ARM.Collect$$_printf_percent$$00000009)
    _printf_percent                          0x08000161   Thumb Code     0  _printf_percent.o(.ARM.Collect$$_printf_percent$$00000000)
    _printf_percent_end                      0x08000167   Thumb Code     0  _printf_percent_end.o(.ARM.Collect$$_printf_percent$$00000017)
    __rt_lib_init                            0x0800016b   Thumb Code     0  libinit.o(.ARM.Collect$$libinit$$00000000)
    __rt_lib_init_alloca_1                   0x0800016d   Thumb Code     0  libinit2.o(.ARM.Collect$$libinit$$0000002E)
    __rt_lib_init_argv_1                     0x0800016d   Thumb Code     0  libinit2.o(.ARM.Collect$$libinit$$0000002C)
    __rt_lib_init_atexit_1                   0x0800016d   Thumb Code     0  libinit2.o(.ARM.Collect$$libinit$$0000001B)
    __rt_lib_init_clock_1                    0x0800016d   Thumb Code     0  libinit2.o(.ARM.Collect$$libinit$$00000021)
    __rt_lib_init_cpp_1                      0x0800016d   Thumb Code     0  libinit2.o(.ARM.Collect$$libinit$$00000032)
    __rt_lib_init_exceptions_1               0x0800016d   Thumb Code     0  libinit2.o(.ARM.Collect$$libinit$$00000030)
    __rt_lib_init_fp_1                       0x0800016d   Thumb Code     0  libinit2.o(.ARM.Collect$$libinit$$00000002)
    __rt_lib_init_fp_trap_1                  0x0800016d   Thumb Code     0  libinit2.o(.ARM.Collect$$libinit$$0000001F)
    __rt_lib_init_getenv_1                   0x0800016d   Thumb Code     0  libinit2.o(.ARM.Collect$$libinit$$00000023)
    __rt_lib_init_heap_1                     0x0800016d   Thumb Code     0  libinit2.o(.ARM.Collect$$libinit$$0000000A)
    __rt_lib_init_lc_collate_1               0x0800016d   Thumb Code     0  libinit2.o(.ARM.Collect$$libinit$$00000011)
    __rt_lib_init_lc_ctype_1                 0x0800016d   Thumb Code     0  libinit2.o(.ARM.Collect$$libinit$$00000013)
    __rt_lib_init_lc_monetary_1              0x0800016d   Thumb Code     0  libinit2.o(.ARM.Collect$$libinit$$00000015)
    __rt_lib_init_lc_numeric_1               0x0800016d   Thumb Code     0  libinit2.o(.ARM.Collect$$libinit$$00000017)
    __rt_lib_init_lc_time_1                  0x0800016d   Thumb Code     0  libinit2.o(.ARM.Collect$$libinit$$00000019)
    __rt_lib_init_preinit_1                  0x0800016d   Thumb Code     0  libinit2.o(.ARM.Collect$$libinit$$00000004)
    __rt_lib_init_rand_1                     0x0800016d   Thumb Code     0  libinit2.o(.ARM.Collect$$libinit$$0000000E)
    __rt_lib_init_return                     0x0800016d   Thumb Code     0  libinit2.o(.ARM.Collect$$libinit$$00000033)
    __rt_lib_init_signal_1                   0x0800016d   Thumb Code     0  libinit2.o(.ARM.Collect$$libinit$$0000001D)
    __rt_lib_init_stdio_1                    0x0800016d   Thumb Code     0  libinit2.o(.ARM.Collect$$libinit$$00000025)
    __rt_lib_init_user_alloc_1               0x0800016d   Thumb Code     0  libinit2.o(.ARM.Collect$$libinit$$0000000C)
    __rt_lib_shutdown                        0x0800016f   Thumb Code     0  libshutdown.o(.ARM.Collect$$libshutdown$$00000000)
    __rt_lib_shutdown_cpp_1                  0x08000171   Thumb Code     0  libshutdown2.o(.ARM.Collect$$libshutdown$$00000002)
    __rt_lib_shutdown_fp_trap_1              0x08000171   Thumb Code     0  libshutdown2.o(.ARM.Collect$$libshutdown$$00000007)
    __rt_lib_shutdown_heap_1                 0x08000171   Thumb Code     0  libshutdown2.o(.ARM.Collect$$libshutdown$$0000000F)
    __rt_lib_shutdown_return                 0x08000171   Thumb Code     0  libshutdown2.o(.ARM.Collect$$libshutdown$$00000010)
    __rt_lib_shutdown_signal_1               0x08000171   Thumb Code     0  libshutdown2.o(.ARM.Collect$$libshutdown$$0000000A)
    __rt_lib_shutdown_stdio_1                0x08000171   Thumb Code     0  libshutdown2.o(.ARM.Collect$$libshutdown$$00000004)
    __rt_lib_shutdown_user_alloc_1           0x08000171   Thumb Code     0  libshutdown2.o(.ARM.Collect$$libshutdown$$0000000C)
    __rt_entry                               0x08000173   Thumb Code     0  __rtentry.o(.ARM.Collect$$rtentry$$00000000)
    __rt_entry_presh_1                       0x08000173   Thumb Code     0  __rtentry2.o(.ARM.Collect$$rtentry$$00000002)
    __rt_entry_sh                            0x08000173   Thumb Code     0  __rtentry4.o(.ARM.Collect$$rtentry$$00000004)
    __rt_entry_li                            0x08000179   Thumb Code     0  __rtentry2.o(.ARM.Collect$$rtentry$$0000000A)
    __rt_entry_postsh_1                      0x08000179   Thumb Code     0  __rtentry2.o(.ARM.Collect$$rtentry$$00000009)
    __rt_entry_main                          0x0800017d   Thumb Code     0  __rtentry2.o(.ARM.Collect$$rtentry$$0000000D)
    __rt_entry_postli_1                      0x0800017d   Thumb Code     0  __rtentry2.o(.ARM.Collect$$rtentry$$0000000C)
    __rt_exit                                0x08000185   Thumb Code     0  rtexit.o(.ARM.Collect$$rtexit$$00000000)
    __rt_exit_ls                             0x08000187   Thumb Code     0  rtexit2.o(.ARM.Collect$$rtexit$$00000003)
    __rt_exit_prels_1                        0x08000187   Thumb Code     0  rtexit2.o(.ARM.Collect$$rtexit$$00000002)
    __rt_exit_exit                           0x0800018b   Thumb Code     0  rtexit2.o(.ARM.Collect$$rtexit$$00000004)
    SVC_Handler                              0x08000191   Thumb Code    32  port.o(.emb_text)
    __asm___6_port_c_39a90d8d__prvStartFirstTask 0x080001b5   Thumb Code    28  port.o(.emb_text)
    PendSV_Handler                           0x080001d5   Thumb Code    72  port.o(.emb_text)
    vPortGetIPSR                             0x08000221   Thumb Code     6  port.o(.emb_text)
    Reset_Handler                            0x08000229   Thumb Code     8  startup_stm32f103xb.o(.text)
    ADC1_2_IRQHandler                        0x08000243   Thumb Code     0  startup_stm32f103xb.o(.text)
    CAN1_RX1_IRQHandler                      0x08000243   Thumb Code     0  startup_stm32f103xb.o(.text)
    CAN1_SCE_IRQHandler                      0x08000243   Thumb Code     0  startup_stm32f103xb.o(.text)
    DMA1_Channel1_IRQHandler                 0x08000243   Thumb Code     0  startup_stm32f103xb.o(.text)
    DMA1_Channel2_IRQHandler                 0x08000243   Thumb Code     0  startup_stm32f103xb.o(.text)
    DMA1_Channel3_IRQHandler                 0x08000243   Thumb Code     0  startup_stm32f103xb.o(.text)
    DMA1_Channel4_IRQHandler                 0x08000243   Thumb Code     0  startup_stm32f103xb.o(.text)
    DMA1_Channel5_IRQHandler                 0x08000243   Thumb Code     0  startup_stm32f103xb.o(.text)
    DMA1_Channel6_IRQHandler                 0x08000243   Thumb Code     0  startup_stm32f103xb.o(.text)
    DMA1_Channel7_IRQHandler                 0x08000243   Thumb Code     0  startup_stm32f103xb.o(.text)
    EXTI0_IRQHandler                         0x08000243   Thumb Code     0  startup_stm32f103xb.o(.text)
    EXTI15_10_IRQHandler                     0x08000243   Thumb Code     0  startup_stm32f103xb.o(.text)
    EXTI1_IRQHandler                         0x08000243   Thumb Code     0  startup_stm32f103xb.o(.text)
    EXTI2_IRQHandler                         0x08000243   Thumb Code     0  startup_stm32f103xb.o(.text)
    EXTI3_IRQHandler                         0x08000243   Thumb Code     0  startup_stm32f103xb.o(.text)
    EXTI4_IRQHandler                         0x08000243   Thumb Code     0  startup_stm32f103xb.o(.text)
    EXTI9_5_IRQHandler                       0x08000243   Thumb Code     0  startup_stm32f103xb.o(.text)
    FLASH_IRQHandler                         0x08000243   Thumb Code     0  startup_stm32f103xb.o(.text)
    I2C1_ER_IRQHandler                       0x08000243   Thumb Code     0  startup_stm32f103xb.o(.text)
    I2C1_EV_IRQHandler                       0x08000243   Thumb Code     0  startup_stm32f103xb.o(.text)
    I2C2_ER_IRQHandler                       0x08000243   Thumb Code     0  startup_stm32f103xb.o(.text)
    I2C2_EV_IRQHandler                       0x08000243   Thumb Code     0  startup_stm32f103xb.o(.text)
    PVD_IRQHandler                           0x08000243   Thumb Code     0  startup_stm32f103xb.o(.text)
    RCC_IRQHandler                           0x08000243   Thumb Code     0  startup_stm32f103xb.o(.text)
    RTC_Alarm_IRQHandler                     0x08000243   Thumb Code     0  startup_stm32f103xb.o(.text)
    RTC_IRQHandler                           0x08000243   Thumb Code     0  startup_stm32f103xb.o(.text)
    SPI1_IRQHandler                          0x08000243   Thumb Code     0  startup_stm32f103xb.o(.text)
    SPI2_IRQHandler                          0x08000243   Thumb Code     0  startup_stm32f103xb.o(.text)
    TAMPER_IRQHandler                        0x08000243   Thumb Code     0  startup_stm32f103xb.o(.text)
    TIM1_BRK_IRQHandler                      0x08000243   Thumb Code     0  startup_stm32f103xb.o(.text)
    TIM1_CC_IRQHandler                       0x08000243   Thumb Code     0  startup_stm32f103xb.o(.text)
    TIM1_TRG_COM_IRQHandler                  0x08000243   Thumb Code     0  startup_stm32f103xb.o(.text)
    TIM1_UP_IRQHandler                       0x08000243   Thumb Code     0  startup_stm32f103xb.o(.text)
    TIM3_IRQHandler                          0x08000243   Thumb Code     0  startup_stm32f103xb.o(.text)
    TIM4_IRQHandler                          0x08000243   Thumb Code     0  startup_stm32f103xb.o(.text)
    USART1_IRQHandler                        0x08000243   Thumb Code     0  startup_stm32f103xb.o(.text)
    USART2_IRQHandler                        0x08000243   Thumb Code     0  startup_stm32f103xb.o(.text)
    USART3_IRQHandler                        0x08000243   Thumb Code     0  startup_stm32f103xb.o(.text)
    USBWakeUp_IRQHandler                     0x08000243   Thumb Code     0  startup_stm32f103xb.o(.text)
    USB_HP_CAN1_TX_IRQHandler                0x08000243   Thumb Code     0  startup_stm32f103xb.o(.text)
    USB_LP_CAN1_RX0_IRQHandler               0x08000243   Thumb Code     0  startup_stm32f103xb.o(.text)
    WWDG_IRQHandler                          0x08000243   Thumb Code     0  startup_stm32f103xb.o(.text)
    __user_initial_stackheap                 0x08000245   Thumb Code     0  startup_stm32f103xb.o(.text)
    __2sprintf                               0x08000269   Thumb Code    34  noretval__2sprintf.o(.text)
    __printf                                 0x08000291   Thumb Code   104  __printf.o(.text)
    _printf_int_dec                          0x080002f9   Thumb Code   104  _printf_dec.o(.text)
    strlen                                   0x08000371   Thumb Code    62  strlen.o(.text)
    __aeabi_memclr4                          0x080003af   Thumb Code     0  rt_memclr_w.o(.text)
    __aeabi_memclr8                          0x080003af   Thumb Code     0  rt_memclr_w.o(.text)
    __rt_memclr_w                            0x080003af   Thumb Code    78  rt_memclr_w.o(.text)
    _memset_w                                0x080003b3   Thumb Code     0  rt_memclr_w.o(.text)
    __use_two_region_memory                  0x080003fd   Thumb Code     2  heapauxi.o(.text)
    __rt_heap_escrow                         0x080003ff   Thumb Code     2  heapauxi.o(.text)
    __rt_heap_expand                         0x08000401   Thumb Code     2  heapauxi.o(.text)
    _printf_int_common                       0x08000403   Thumb Code   178  _printf_intcommon.o(.text)
    _printf_char_common                      0x080004bf   Thumb Code    32  _printf_char_common.o(.text)
    _sputc                                   0x080004e5   Thumb Code    10  _sputc.o(.text)
    __user_libspace                          0x080004f1   Thumb Code     8  libspace.o(.text)
    __user_perproc_libspace                  0x080004f1   Thumb Code     0  libspace.o(.text)
    __user_perthread_libspace                0x080004f1   Thumb Code     0  libspace.o(.text)
    __I$use$semihosting                      0x080004f9   Thumb Code     0  use_no_semi.o(.text)
    __use_no_semihosting_swi                 0x080004f9   Thumb Code     2  use_no_semi.o(.text)
    __semihosting_library_function           0x080004fb   Thumb Code     0  indicate_semi.o(.text)
    __user_setup_stackheap                   0x080004fb   Thumb Code    74  sys_stackheap_outer.o(.text)
    exit                                     0x08000545   Thumb Code    18  exit.o(.text)
    _sys_exit                                0x08000559   Thumb Code     8  sys_exit.o(.text)
    BusFault_Handler                         0x08000565   Thumb Code     4  stm32f1xx_it.o(i.BusFault_Handler)
    DebugMon_Handler                         0x08000569   Thumb Code     2  stm32f1xx_it.o(i.DebugMon_Handler)
    Error_Handler                            0x0800056b   Thumb Code     6  main.o(i.Error_Handler)
    HAL_GPIO_Init                            0x08000571   Thumb Code   750  stm32f1xx_hal_gpio.o(i.HAL_GPIO_Init)
    HAL_GPIO_ReadPin                         0x0800087d   Thumb Code    16  stm32f1xx_hal_gpio.o(i.HAL_GPIO_ReadPin)
    HAL_GPIO_TogglePin                       0x0800088d   Thumb Code    20  stm32f1xx_hal_gpio.o(i.HAL_GPIO_TogglePin)
    HAL_GPIO_WritePin                        0x080008a1   Thumb Code    12  stm32f1xx_hal_gpio.o(i.HAL_GPIO_WritePin)
    HAL_GetTick                              0x080008ad   Thumb Code     6  stm32f1xx_hal.o(i.HAL_GetTick)
    HAL_IncTick                              0x080008b9   Thumb Code    16  stm32f1xx_hal.o(i.HAL_IncTick)
    HAL_Init                                 0x080008d1   Thumb Code    34  stm32f1xx_hal.o(i.HAL_Init)
    HAL_InitTick                             0x080008f9   Thumb Code   160  stm32f1xx_hal_timebase_tim.o(i.HAL_InitTick)
    HAL_MspInit                              0x080009a9   Thumb Code    76  stm32f1xx_hal_msp.o(i.HAL_MspInit)
    HAL_NVIC_EnableIRQ                       0x080009fd   Thumb Code    32  stm32f1xx_hal_cortex.o(i.HAL_NVIC_EnableIRQ)
    HAL_NVIC_SetPriority                     0x08000a1d   Thumb Code   124  stm32f1xx_hal_cortex.o(i.HAL_NVIC_SetPriority)
    HAL_NVIC_SetPriorityGrouping             0x08000a99   Thumb Code    32  stm32f1xx_hal_cortex.o(i.HAL_NVIC_SetPriorityGrouping)
    HAL_RCC_ClockConfig                      0x08000ac1   Thumb Code   376  stm32f1xx_hal_rcc.o(i.HAL_RCC_ClockConfig)
    HAL_RCC_GetClockConfig                   0x08000c4d   Thumb Code    58  stm32f1xx_hal_rcc.o(i.HAL_RCC_GetClockConfig)
    HAL_RCC_GetHCLKFreq                      0x08000c91   Thumb Code     6  stm32f1xx_hal_rcc.o(i.HAL_RCC_GetHCLKFreq)
    HAL_RCC_GetPCLK1Freq                     0x08000c9d   Thumb Code    22  stm32f1xx_hal_rcc.o(i.HAL_RCC_GetPCLK1Freq)
    HAL_RCC_GetSysClockFreq                  0x08000cbd   Thumb Code    92  stm32f1xx_hal_rcc.o(i.HAL_RCC_GetSysClockFreq)
    HAL_RCC_OscConfig                        0x08000d2d   Thumb Code  1114  stm32f1xx_hal_rcc.o(i.HAL_RCC_OscConfig)
    HAL_TIMEx_BreakCallback                  0x08001191   Thumb Code     2  stm32f1xx_hal_tim_ex.o(i.HAL_TIMEx_BreakCallback)
    HAL_TIMEx_CommutCallback                 0x08001193   Thumb Code     2  stm32f1xx_hal_tim_ex.o(i.HAL_TIMEx_CommutCallback)
    HAL_TIM_Base_Init                        0x08001195   Thumb Code   102  stm32f1xx_hal_tim.o(i.HAL_TIM_Base_Init)
    HAL_TIM_Base_MspInit                     0x080011fb   Thumb Code     2  stm32f1xx_hal_tim.o(i.HAL_TIM_Base_MspInit)
    HAL_TIM_Base_Start_IT                    0x080011fd   Thumb Code    98  stm32f1xx_hal_tim.o(i.HAL_TIM_Base_Start_IT)
    HAL_TIM_IC_CaptureCallback               0x08001269   Thumb Code     2  stm32f1xx_hal_tim.o(i.HAL_TIM_IC_CaptureCallback)
    HAL_TIM_IRQHandler                       0x0800126b   Thumb Code   364  stm32f1xx_hal_tim.o(i.HAL_TIM_IRQHandler)
    HAL_TIM_OC_DelayElapsedCallback          0x080013d7   Thumb Code     2  stm32f1xx_hal_tim.o(i.HAL_TIM_OC_DelayElapsedCallback)
    HAL_TIM_PWM_PulseFinishedCallback        0x080013d9   Thumb Code     2  stm32f1xx_hal_tim.o(i.HAL_TIM_PWM_PulseFinishedCallback)
    HAL_TIM_PeriodElapsedCallback            0x080013db   Thumb Code    18  main.o(i.HAL_TIM_PeriodElapsedCallback)
    HAL_TIM_TriggerCallback                  0x080013ed   Thumb Code     2  stm32f1xx_hal_tim.o(i.HAL_TIM_TriggerCallback)
    HardFault_Handler                        0x080013ef   Thumb Code     4  stm32f1xx_it.o(i.HardFault_Handler)
    MX_GPIO_Init                             0x080013f5   Thumb Code   198  gpio.o(i.MX_GPIO_Init)
    MemManage_Handler                        0x080014c9   Thumb Code     4  stm32f1xx_it.o(i.MemManage_Handler)
    MyI2C_Init                               0x080014cd   Thumb Code    16  myi2c_hal.o(i.MyI2C_Init)
    MyI2C_R_SDA                              0x080014dd   Thumb Code    14  myi2c_hal.o(i.MyI2C_R_SDA)
    MyI2C_ReceiveAck                         0x080014f1   Thumb Code    30  myi2c_hal.o(i.MyI2C_ReceiveAck)
    MyI2C_SendByte                           0x0800150f   Thumb Code    50  myi2c_hal.o(i.MyI2C_SendByte)
    MyI2C_Start                              0x08001541   Thumb Code    28  myi2c_hal.o(i.MyI2C_Start)
    MyI2C_Stop                               0x0800155d   Thumb Code    22  myi2c_hal.o(i.MyI2C_Stop)
    MyI2C_W_SCL                              0x08001575   Thumb Code    18  myi2c_hal.o(i.MyI2C_W_SCL)
    MyI2C_W_SDA                              0x0800158d   Thumb Code    18  myi2c_hal.o(i.MyI2C_W_SDA)
    NMI_Handler                              0x080015a5   Thumb Code     4  stm32f1xx_it.o(i.NMI_Handler)
    OLED_Clear                               0x080015a9   Thumb Code    36  oled.o(i.OLED_Clear)
    OLED_ClearArea                           0x080015d1   Thumb Code   124  oled.o(i.OLED_ClearArea)
    OLED_DrawPoint                           0x08001651   Thumb Code    42  oled.o(i.OLED_DrawPoint)
    OLED_DrawRectangle                       0x08001681   Thumb Code   120  oled.o(i.OLED_DrawRectangle)
    OLED_FillArea                            0x080016f9   Thumb Code   220  oled.o(i.OLED_FillArea)
    OLED_Init                                0x080017d9   Thumb Code   146  oled.o(i.OLED_Init)
    OLED_SetCursor                           0x0800186b   Thumb Code    34  oled.o(i.OLED_SetCursor)
    OLED_ShowChar                            0x0800188d   Thumb Code    74  oled.o(i.OLED_ShowChar)
    OLED_ShowImage                           0x080018e1   Thumb Code   262  oled.o(i.OLED_ShowImage)
    OLED_ShowString                          0x080019ed   Thumb Code    46  oled.o(i.OLED_ShowString)
    OLED_ShowString_Center                   0x08001a1b   Thumb Code    50  oled.o(i.OLED_ShowString_Center)
    OLED_Update                              0x08001a4d   Thumb Code    36  oled.o(i.OLED_Update)
    OLED_WriteCommand                        0x08001a75   Thumb Code    44  oled.o(i.OLED_WriteCommand)
    OLED_WriteData                           0x08001aa1   Thumb Code    58  oled.o(i.OLED_WriteData)
    SysTick_Handler                          0x08001b05   Thumb Code    16  stm32f1xx_it.o(i.SysTick_Handler)
    SystemClock_Config                       0x08001b15   Thumb Code   102  main.o(i.SystemClock_Config)
    SystemInit                               0x08001b7b   Thumb Code     2  system_stm32f1xx.o(i.SystemInit)
    TIM2_IRQHandler                          0x08001b7d   Thumb Code    10  stm32f1xx_it.o(i.TIM2_IRQHandler)
    TIM_Base_SetConfig                       0x08001b8d   Thumb Code   108  stm32f1xx_hal_tim.o(i.TIM_Base_SetConfig)
    UsageFault_Handler                       0x08001c01   Thumb Code     4  stm32f1xx_it.o(i.UsageFault_Handler)
    main                                     0x08001c3d   Thumb Code    76  main.o(i.main)
    pvPortMalloc                             0x080021a1   Thumb Code   234  heap_4.o(i.pvPortMalloc)
    pxPortInitialiseStack                    0x080022a1   Thumb Code    30  port.o(i.pxPortInitialiseStack)
    uxListRemove                             0x080022c5   Thumb Code    40  list.o(i.uxListRemove)
    vAnimation_LoadingBar                    0x080022ed   Thumb Code   166  startup_animation.o(i.vAnimation_LoadingBar)
    vAnimation_Typewriter                    0x080023a5   Thumb Code    90  startup_animation.o(i.vAnimation_Typewriter)
    vLEDTask                                 0x0800240d   Thumb Code    38  main.o(i.vLEDTask)
    vListInitialise                          0x0800243d   Thumb Code    26  list.o(i.vListInitialise)
    vListInitialiseItem                      0x08002457   Thumb Code     6  list.o(i.vListInitialiseItem)
    vListInsert                              0x0800245d   Thumb Code    52  list.o(i.vListInsert)
    vListInsertEnd                           0x08002491   Thumb Code    24  list.o(i.vListInsertEnd)
    vPortEnterCritical                       0x080024a9   Thumb Code    30  port.o(i.vPortEnterCritical)
    vPortExitCritical                        0x080024cd   Thumb Code    28  port.o(i.vPortExitCritical)
    vPortFree                                0x080024ed   Thumb Code    68  heap_4.o(i.vPortFree)
    vPortSetupTimerInterrupt                 0x08002539   Thumb Code    20  port.o(i.vPortSetupTimerInterrupt)
    vTaskDelay                               0x08002551   Thumb Code    46  tasks.o(i.vTaskDelay)
    vTaskDelete                              0x08002585   Thumb Code   198  tasks.o(i.vTaskDelete)
    vTaskStartScheduler                      0x08002671   Thumb Code    60  tasks.o(i.vTaskStartScheduler)
    vTaskStartupAnimation                    0x080026bd   Thumb Code    52  startup_animation.o(i.vTaskStartupAnimation)
    vTaskSuspendAll                          0x08002705   Thumb Code    12  tasks.o(i.vTaskSuspendAll)
    vTaskSwitchContext                       0x08002715   Thumb Code    84  tasks.o(i.vTaskSwitchContext)
    xCreateStartupAnimationTask              0x0800277d   Thumb Code    34  startup_animation.o(i.xCreateStartupAnimationTask)
    xPortStartScheduler                      0x080027b1   Thumb Code    42  port.o(i.xPortStartScheduler)
    xPortSysTickHandler                      0x080027e5   Thumb Code    46  port.o(i.xPortSysTickHandler)
    xTaskCreate                              0x08002819   Thumb Code    56  tasks.o(i.xTaskCreate)
    xTaskGetSchedulerState                   0x08002851   Thumb Code    24  tasks.o(i.xTaskGetSchedulerState)
    xTaskIncrementTick                       0x08002871   Thumb Code   372  tasks.o(i.xTaskIncrementTick)
    xTaskResumeAll                           0x08002a11   Thumb Code   344  tasks.o(i.xTaskResumeAll)
    AHBPrescTable                            0x08002b9e   Data          16  system_stm32f1xx.o(.constdata)
    APBPrescTable                            0x08002bae   Data           8  system_stm32f1xx.o(.constdata)
    OLED_F8x16                               0x08002bb6   Data        1520  oled_fonts.o(.constdata)
    OLED_F6x8                                0x080031a6   Data         570  oled_fonts.o(.constdata)
    OLED_CF16x16                             0x080033e0   Data         180  oled_fonts.o(.constdata)
    Region$$Table$$Base                      0x08003494   Number         0  anon$$obj.o(Region$$Table)
    Region$$Table$$Limit                     0x080034b4   Number         0  anon$$obj.o(Region$$Table)
    xLEDTaskHandle                           0x20000000   Data           4  main.o(.data)
    uwTick                                   0x20000004   Data           4  stm32f1xx_hal.o(.data)
    uwTickPrio                               0x20000008   Data           4  stm32f1xx_hal.o(.data)
    uwTickFreq                               0x2000000c   Data           1  stm32f1xx_hal.o(.data)
    SystemCoreClock                          0x20000010   Data           4  system_stm32f1xx.o(.data)
    pxCurrentTCB                             0x20000014   Data           4  tasks.o(.data)
    xAnimationCompleted                      0x20000074   Data           4  startup_animation.o(.data)
    htim2                                    0x20000078   Data          72  stm32f1xx_hal_timebase_tim.o(.bss)
    OLED_DisplayBuf                          0x200000c0   Data        1024  oled.o(.bss)
    __libspace_start                         0x20001588   Data          96  libspace.o(.bss)
    __temporary_stack_top$libspace           0x200015e8   Data           0  libspace.o(.bss)



==============================================================================

Memory Map of the image

  Image Entry point : 0x080000ed

  Load Region LR_IROM1 (Base: 0x08000000, Size: 0x0000352c, Max: 0x00008000, ABSOLUTE)

    Execution Region ER_IROM1 (Exec base: 0x08000000, Load base: 0x08000000, Size: 0x000034b4, Max: 0x00008000, ABSOLUTE)

    Exec Addr    Load Addr    Size         Type   Attr      Idx    E Section Name        Object

    0x08000000   0x08000000   0x000000ec   Data   RO            3    RESET               startup_stm32f103xb.o
    0x080000ec   0x080000ec   0x00000008   Code   RO         3786  * !!!main             c_w.l(__main.o)
    0x080000f4   0x080000f4   0x00000034   Code   RO         4031    !!!scatter          c_w.l(__scatter.o)
    0x08000128   0x08000128   0x0000001a   Code   RO         4033    !!handler_copy      c_w.l(__scatter_copy.o)
    0x08000142   0x08000142   0x00000002   PAD
    0x08000144   0x08000144   0x0000001c   Code   RO         4035    !!handler_zi        c_w.l(__scatter_zi.o)
    0x08000160   0x08000160   0x00000000   Code   RO         3773    .ARM.Collect$$_printf_percent$$00000000  c_w.l(_printf_percent.o)
    0x08000160   0x08000160   0x00000006   Code   RO         3772    .ARM.Collect$$_printf_percent$$00000009  c_w.l(_printf_d.o)
    0x08000166   0x08000166   0x00000004   Code   RO         3846    .ARM.Collect$$_printf_percent$$00000017  c_w.l(_printf_percent_end.o)
    0x0800016a   0x0800016a   0x00000002   Code   RO         3970    .ARM.Collect$$libinit$$00000000  c_w.l(libinit.o)
    0x0800016c   0x0800016c   0x00000000   Code   RO         3852    .ARM.Collect$$libinit$$00000002  c_w.l(libinit2.o)
    0x0800016c   0x0800016c   0x00000000   Code   RO         3854    .ARM.Collect$$libinit$$00000004  c_w.l(libinit2.o)
    0x0800016c   0x0800016c   0x00000000   Code   RO         3857    .ARM.Collect$$libinit$$0000000A  c_w.l(libinit2.o)
    0x0800016c   0x0800016c   0x00000000   Code   RO         3859    .ARM.Collect$$libinit$$0000000C  c_w.l(libinit2.o)
    0x0800016c   0x0800016c   0x00000000   Code   RO         3861    .ARM.Collect$$libinit$$0000000E  c_w.l(libinit2.o)
    0x0800016c   0x0800016c   0x00000000   Code   RO         3864    .ARM.Collect$$libinit$$00000011  c_w.l(libinit2.o)
    0x0800016c   0x0800016c   0x00000000   Code   RO         3866    .ARM.Collect$$libinit$$00000013  c_w.l(libinit2.o)
    0x0800016c   0x0800016c   0x00000000   Code   RO         3868    .ARM.Collect$$libinit$$00000015  c_w.l(libinit2.o)
    0x0800016c   0x0800016c   0x00000000   Code   RO         3870    .ARM.Collect$$libinit$$00000017  c_w.l(libinit2.o)
    0x0800016c   0x0800016c   0x00000000   Code   RO         3872    .ARM.Collect$$libinit$$00000019  c_w.l(libinit2.o)
    0x0800016c   0x0800016c   0x00000000   Code   RO         3874    .ARM.Collect$$libinit$$0000001B  c_w.l(libinit2.o)
    0x0800016c   0x0800016c   0x00000000   Code   RO         3876    .ARM.Collect$$libinit$$0000001D  c_w.l(libinit2.o)
    0x0800016c   0x0800016c   0x00000000   Code   RO         3878    .ARM.Collect$$libinit$$0000001F  c_w.l(libinit2.o)
    0x0800016c   0x0800016c   0x00000000   Code   RO         3880    .ARM.Collect$$libinit$$00000021  c_w.l(libinit2.o)
    0x0800016c   0x0800016c   0x00000000   Code   RO         3882    .ARM.Collect$$libinit$$00000023  c_w.l(libinit2.o)
    0x0800016c   0x0800016c   0x00000000   Code   RO         3884    .ARM.Collect$$libinit$$00000025  c_w.l(libinit2.o)
    0x0800016c   0x0800016c   0x00000000   Code   RO         3888    .ARM.Collect$$libinit$$0000002C  c_w.l(libinit2.o)
    0x0800016c   0x0800016c   0x00000000   Code   RO         3890    .ARM.Collect$$libinit$$0000002E  c_w.l(libinit2.o)
    0x0800016c   0x0800016c   0x00000000   Code   RO         3892    .ARM.Collect$$libinit$$00000030  c_w.l(libinit2.o)
    0x0800016c   0x0800016c   0x00000000   Code   RO         3894    .ARM.Collect$$libinit$$00000032  c_w.l(libinit2.o)
    0x0800016c   0x0800016c   0x00000002   Code   RO         3895    .ARM.Collect$$libinit$$00000033  c_w.l(libinit2.o)
    0x0800016e   0x0800016e   0x00000002   Code   RO         4028    .ARM.Collect$$libshutdown$$00000000  c_w.l(libshutdown.o)
    0x08000170   0x08000170   0x00000000   Code   RO         3984    .ARM.Collect$$libshutdown$$00000002  c_w.l(libshutdown2.o)
    0x08000170   0x08000170   0x00000000   Code   RO         3986    .ARM.Collect$$libshutdown$$00000004  c_w.l(libshutdown2.o)
    0x08000170   0x08000170   0x00000000   Code   RO         3989    .ARM.Collect$$libshutdown$$00000007  c_w.l(libshutdown2.o)
    0x08000170   0x08000170   0x00000000   Code   RO         3992    .ARM.Collect$$libshutdown$$0000000A  c_w.l(libshutdown2.o)
    0x08000170   0x08000170   0x00000000   Code   RO         3994    .ARM.Collect$$libshutdown$$0000000C  c_w.l(libshutdown2.o)
    0x08000170   0x08000170   0x00000000   Code   RO         3997    .ARM.Collect$$libshutdown$$0000000F  c_w.l(libshutdown2.o)
    0x08000170   0x08000170   0x00000002   Code   RO         3998    .ARM.Collect$$libshutdown$$00000010  c_w.l(libshutdown2.o)
    0x08000172   0x08000172   0x00000000   Code   RO         3814    .ARM.Collect$$rtentry$$00000000  c_w.l(__rtentry.o)
    0x08000172   0x08000172   0x00000000   Code   RO         3911    .ARM.Collect$$rtentry$$00000002  c_w.l(__rtentry2.o)
    0x08000172   0x08000172   0x00000006   Code   RO         3923    .ARM.Collect$$rtentry$$00000004  c_w.l(__rtentry4.o)
    0x08000178   0x08000178   0x00000000   Code   RO         3913    .ARM.Collect$$rtentry$$00000009  c_w.l(__rtentry2.o)
    0x08000178   0x08000178   0x00000004   Code   RO         3914    .ARM.Collect$$rtentry$$0000000A  c_w.l(__rtentry2.o)
    0x0800017c   0x0800017c   0x00000000   Code   RO         3916    .ARM.Collect$$rtentry$$0000000C  c_w.l(__rtentry2.o)
    0x0800017c   0x0800017c   0x00000008   Code   RO         3917    .ARM.Collect$$rtentry$$0000000D  c_w.l(__rtentry2.o)
    0x08000184   0x08000184   0x00000002   Code   RO         3973    .ARM.Collect$$rtexit$$00000000  c_w.l(rtexit.o)
    0x08000186   0x08000186   0x00000000   Code   RO         4002    .ARM.Collect$$rtexit$$00000002  c_w.l(rtexit2.o)
    0x08000186   0x08000186   0x00000004   Code   RO         4003    .ARM.Collect$$rtexit$$00000003  c_w.l(rtexit2.o)
    0x0800018a   0x0800018a   0x00000006   Code   RO         4004    .ARM.Collect$$rtexit$$00000004  c_w.l(rtexit2.o)
    0x08000190   0x08000190   0x00000096   Code   RO         3567    .emb_text           port.o
    0x08000226   0x08000226   0x00000002   PAD
    0x08000228   0x08000228   0x00000040   Code   RO            4    .text               startup_stm32f103xb.o
    0x08000268   0x08000268   0x00000028   Code   RO         3746    .text               c_w.l(noretval__2sprintf.o)
    0x08000290   0x08000290   0x00000068   Code   RO         3748    .text               c_w.l(__printf.o)
    0x080002f8   0x080002f8   0x00000078   Code   RO         3750    .text               c_w.l(_printf_dec.o)
    0x08000370   0x08000370   0x0000003e   Code   RO         3774    .text               c_w.l(strlen.o)
    0x080003ae   0x080003ae   0x0000004e   Code   RO         3780    .text               c_w.l(rt_memclr_w.o)
    0x080003fc   0x080003fc   0x00000006   Code   RO         3784    .text               c_w.l(heapauxi.o)
    0x08000402   0x08000402   0x000000b2   Code   RO         3840    .text               c_w.l(_printf_intcommon.o)
    0x080004b4   0x080004b4   0x00000030   Code   RO         3842    .text               c_w.l(_printf_char_common.o)
    0x080004e4   0x080004e4   0x0000000a   Code   RO         3844    .text               c_w.l(_sputc.o)
    0x080004ee   0x080004ee   0x00000002   PAD
    0x080004f0   0x080004f0   0x00000008   Code   RO         3907    .text               c_w.l(libspace.o)
    0x080004f8   0x080004f8   0x00000002   Code   RO         3946    .text               c_w.l(use_no_semi.o)
    0x080004fa   0x080004fa   0x00000000   Code   RO         3948    .text               c_w.l(indicate_semi.o)
    0x080004fa   0x080004fa   0x0000004a   Code   RO         3949    .text               c_w.l(sys_stackheap_outer.o)
    0x08000544   0x08000544   0x00000012   Code   RO         3955    .text               c_w.l(exit.o)
    0x08000556   0x08000556   0x00000002   PAD
    0x08000558   0x08000558   0x0000000c   Code   RO         3971    .text               c_w.l(sys_exit.o)
    0x08000564   0x08000564   0x00000004   Code   RO          211    i.BusFault_Handler  stm32f1xx_it.o
    0x08000568   0x08000568   0x00000002   Code   RO          212    i.DebugMon_Handler  stm32f1xx_it.o
    0x0800056a   0x0800056a   0x00000006   Code   RO           13    i.Error_Handler     main.o
    0x08000570   0x08000570   0x0000030c   Code   RO         1686    i.HAL_GPIO_Init     stm32f1xx_hal_gpio.o
    0x0800087c   0x0800087c   0x00000010   Code   RO         1688    i.HAL_GPIO_ReadPin  stm32f1xx_hal_gpio.o
    0x0800088c   0x0800088c   0x00000014   Code   RO         1689    i.HAL_GPIO_TogglePin  stm32f1xx_hal_gpio.o
    0x080008a0   0x080008a0   0x0000000c   Code   RO         1690    i.HAL_GPIO_WritePin  stm32f1xx_hal_gpio.o
    0x080008ac   0x080008ac   0x0000000c   Code   RO         1375    i.HAL_GetTick       stm32f1xx_hal.o
    0x080008b8   0x080008b8   0x00000018   Code   RO         1381    i.HAL_IncTick       stm32f1xx_hal.o
    0x080008d0   0x080008d0   0x00000028   Code   RO         1382    i.HAL_Init          stm32f1xx_hal.o
    0x080008f8   0x080008f8   0x000000b0   Code   RO          305    i.HAL_InitTick      stm32f1xx_hal_timebase_tim.o
    0x080009a8   0x080009a8   0x00000054   Code   RO          281    i.HAL_MspInit       stm32f1xx_hal_msp.o
    0x080009fc   0x080009fc   0x00000020   Code   RO         1846    i.HAL_NVIC_EnableIRQ  stm32f1xx_hal_cortex.o
    0x08000a1c   0x08000a1c   0x0000007c   Code   RO         1852    i.HAL_NVIC_SetPriority  stm32f1xx_hal_cortex.o
    0x08000a98   0x08000a98   0x00000028   Code   RO         1853    i.HAL_NVIC_SetPriorityGrouping  stm32f1xx_hal_cortex.o
    0x08000ac0   0x08000ac0   0x0000018c   Code   RO         1539    i.HAL_RCC_ClockConfig  stm32f1xx_hal_rcc.o
    0x08000c4c   0x08000c4c   0x00000044   Code   RO         1543    i.HAL_RCC_GetClockConfig  stm32f1xx_hal_rcc.o
    0x08000c90   0x08000c90   0x0000000c   Code   RO         1544    i.HAL_RCC_GetHCLKFreq  stm32f1xx_hal_rcc.o
    0x08000c9c   0x08000c9c   0x00000020   Code   RO         1546    i.HAL_RCC_GetPCLK1Freq  stm32f1xx_hal_rcc.o
    0x08000cbc   0x08000cbc   0x00000070   Code   RO         1548    i.HAL_RCC_GetSysClockFreq  stm32f1xx_hal_rcc.o
    0x08000d2c   0x08000d2c   0x00000464   Code   RO         1551    i.HAL_RCC_OscConfig  stm32f1xx_hal_rcc.o
    0x08001190   0x08001190   0x00000002   Code   RO         1097    i.HAL_TIMEx_BreakCallback  stm32f1xx_hal_tim_ex.o
    0x08001192   0x08001192   0x00000002   Code   RO         1098    i.HAL_TIMEx_CommutCallback  stm32f1xx_hal_tim_ex.o
    0x08001194   0x08001194   0x00000066   Code   RO          382    i.HAL_TIM_Base_Init  stm32f1xx_hal_tim.o
    0x080011fa   0x080011fa   0x00000002   Code   RO          384    i.HAL_TIM_Base_MspInit  stm32f1xx_hal_tim.o
    0x080011fc   0x080011fc   0x0000006c   Code   RO          387    i.HAL_TIM_Base_Start_IT  stm32f1xx_hal_tim.o
    0x08001268   0x08001268   0x00000002   Code   RO          416    i.HAL_TIM_IC_CaptureCallback  stm32f1xx_hal_tim.o
    0x0800126a   0x0800126a   0x0000016c   Code   RO          430    i.HAL_TIM_IRQHandler  stm32f1xx_hal_tim.o
    0x080013d6   0x080013d6   0x00000002   Code   RO          433    i.HAL_TIM_OC_DelayElapsedCallback  stm32f1xx_hal_tim.o
    0x080013d8   0x080013d8   0x00000002   Code   RO          460    i.HAL_TIM_PWM_PulseFinishedCallback  stm32f1xx_hal_tim.o
    0x080013da   0x080013da   0x00000012   Code   RO           14    i.HAL_TIM_PeriodElapsedCallback  main.o
    0x080013ec   0x080013ec   0x00000002   Code   RO          473    i.HAL_TIM_TriggerCallback  stm32f1xx_hal_tim.o
    0x080013ee   0x080013ee   0x00000004   Code   RO          213    i.HardFault_Handler  stm32f1xx_it.o
    0x080013f2   0x080013f2   0x00000002   PAD
    0x080013f4   0x080013f4   0x000000d4   Code   RO          187    i.MX_GPIO_Init      gpio.o
    0x080014c8   0x080014c8   0x00000004   Code   RO          214    i.MemManage_Handler  stm32f1xx_it.o
    0x080014cc   0x080014cc   0x00000010   Code   RO         2409    i.MyI2C_Init        myi2c_hal.o
    0x080014dc   0x080014dc   0x00000014   Code   RO         2410    i.MyI2C_R_SDA       myi2c_hal.o
    0x080014f0   0x080014f0   0x0000001e   Code   RO         2411    i.MyI2C_ReceiveAck  myi2c_hal.o
    0x0800150e   0x0800150e   0x00000032   Code   RO         2414    i.MyI2C_SendByte    myi2c_hal.o
    0x08001540   0x08001540   0x0000001c   Code   RO         2415    i.MyI2C_Start       myi2c_hal.o
    0x0800155c   0x0800155c   0x00000016   Code   RO         2416    i.MyI2C_Stop        myi2c_hal.o
    0x08001572   0x08001572   0x00000002   PAD
    0x08001574   0x08001574   0x00000018   Code   RO         2417    i.MyI2C_W_SCL       myi2c_hal.o
    0x0800158c   0x0800158c   0x00000018   Code   RO         2418    i.MyI2C_W_SDA       myi2c_hal.o
    0x080015a4   0x080015a4   0x00000004   Code   RO          215    i.NMI_Handler       stm32f1xx_it.o
    0x080015a8   0x080015a8   0x00000028   Code   RO         2502    i.OLED_Clear        oled.o
    0x080015d0   0x080015d0   0x00000080   Code   RO         2503    i.OLED_ClearArea    oled.o
    0x08001650   0x08001650   0x00000030   Code   RO         2507    i.OLED_DrawPoint    oled.o
    0x08001680   0x08001680   0x00000078   Code   RO         2508    i.OLED_DrawRectangle  oled.o
    0x080016f8   0x080016f8   0x000000e0   Code   RO         2509    i.OLED_FillArea     oled.o
    0x080017d8   0x080017d8   0x00000092   Code   RO         2511    i.OLED_Init         oled.o
    0x0800186a   0x0800186a   0x00000022   Code   RO         2516    i.OLED_SetCursor    oled.o
    0x0800188c   0x0800188c   0x00000054   Code   RO         2518    i.OLED_ShowChar     oled.o
    0x080018e0   0x080018e0   0x0000010c   Code   RO         2522    i.OLED_ShowImage    oled.o
    0x080019ec   0x080019ec   0x0000002e   Code   RO         2525    i.OLED_ShowString   oled.o
    0x08001a1a   0x08001a1a   0x00000032   Code   RO         2526    i.OLED_ShowString_Center  oled.o
    0x08001a4c   0x08001a4c   0x00000028   Code   RO         2528    i.OLED_Update       oled.o
    0x08001a74   0x08001a74   0x0000002c   Code   RO         2529    i.OLED_WriteCommand  oled.o
    0x08001aa0   0x08001aa0   0x0000003a   Code   RO         2530    i.OLED_WriteData    oled.o
    0x08001ada   0x08001ada   0x00000002   PAD
    0x08001adc   0x08001adc   0x00000028   Code   RO         1552    i.RCC_Delay         stm32f1xx_hal_rcc.o
    0x08001b04   0x08001b04   0x00000010   Code   RO          216    i.SysTick_Handler   stm32f1xx_it.o
    0x08001b14   0x08001b14   0x00000066   Code   RO           15    i.SystemClock_Config  main.o
    0x08001b7a   0x08001b7a   0x00000002   Code   RO         2373    i.SystemInit        system_stm32f1xx.o
    0x08001b7c   0x08001b7c   0x00000010   Code   RO          217    i.TIM2_IRQHandler   stm32f1xx_it.o
    0x08001b8c   0x08001b8c   0x00000074   Code   RO          475    i.TIM_Base_SetConfig  stm32f1xx_hal_tim.o
    0x08001c00   0x08001c00   0x00000004   Code   RO          218    i.UsageFault_Handler  stm32f1xx_it.o
    0x08001c04   0x08001c04   0x00000010   Code   RO         1859    i.__NVIC_GetPriorityGrouping  stm32f1xx_hal_cortex.o
    0x08001c14   0x08001c14   0x00000028   Code   RO         1860    i.__NVIC_SetPriority  stm32f1xx_hal_cortex.o
    0x08001c3c   0x08001c3c   0x00000064   Code   RO           16    i.main              main.o
    0x08001ca0   0x08001ca0   0x000000cc   Code   RO         3166    i.prvAddCurrentTaskToDelayedList  tasks.o
    0x08001d6c   0x08001d6c   0x000000f0   Code   RO         3167    i.prvAddNewTaskToReadyList  tasks.o
    0x08001e5c   0x08001e5c   0x00000048   Code   RO         3168    i.prvCheckTasksWaitingTermination  tasks.o
    0x08001ea4   0x08001ea4   0x00000068   Code   RO         3169    i.prvCreateIdleTasks  tasks.o
    0x08001f0c   0x08001f0c   0x0000005a   Code   RO         3170    i.prvCreateTask     tasks.o
    0x08001f66   0x08001f66   0x00000012   Code   RO         3171    i.prvDeleteTCB      tasks.o
    0x08001f78   0x08001f78   0x0000006c   Code   RO         3500    i.prvHeapInit       heap_4.o
    0x08001fe4   0x08001fe4   0x00000028   Code   RO         3172    i.prvIdleTask       tasks.o
    0x0800200c   0x0800200c   0x0000007a   Code   RO         3173    i.prvInitialiseNewTask  tasks.o
    0x08002086   0x08002086   0x00000002   PAD
    0x08002088   0x08002088   0x00000068   Code   RO         3174    i.prvInitialiseTaskLists  tasks.o
    0x080020f0   0x080020f0   0x00000068   Code   RO         3501    i.prvInsertBlockIntoFreeList  heap_4.o
    0x08002158   0x08002158   0x00000030   Code   RO         3175    i.prvResetNextTaskUnblockTime  tasks.o
    0x08002188   0x08002188   0x00000016   Code   RO         3568    i.prvTaskExitError  port.o
    0x0800219e   0x0800219e   0x00000002   PAD
    0x080021a0   0x080021a0   0x00000100   Code   RO         3503    i.pvPortMalloc      heap_4.o
    0x080022a0   0x080022a0   0x00000024   Code   RO         3569    i.pxPortInitialiseStack  port.o
    0x080022c4   0x080022c4   0x00000028   Code   RO         2817    i.uxListRemove      list.o
    0x080022ec   0x080022ec   0x000000b8   Code   RO         3638    i.vAnimation_LoadingBar  startup_animation.o
    0x080023a4   0x080023a4   0x00000068   Code   RO         3639    i.vAnimation_Typewriter  startup_animation.o
    0x0800240c   0x0800240c   0x00000030   Code   RO           17    i.vLEDTask          main.o
    0x0800243c   0x0800243c   0x0000001a   Code   RO         2818    i.vListInitialise   list.o
    0x08002456   0x08002456   0x00000006   Code   RO         2819    i.vListInitialiseItem  list.o
    0x0800245c   0x0800245c   0x00000034   Code   RO         2820    i.vListInsert       list.o
    0x08002490   0x08002490   0x00000018   Code   RO         2821    i.vListInsertEnd    list.o
    0x080024a8   0x080024a8   0x00000024   Code   RO         3571    i.vPortEnterCritical  port.o
    0x080024cc   0x080024cc   0x00000020   Code   RO         3572    i.vPortExitCritical  port.o
    0x080024ec   0x080024ec   0x0000004c   Code   RO         3504    i.vPortFree         heap_4.o
    0x08002538   0x08002538   0x00000018   Code   RO         3573    i.vPortSetupTimerInterrupt  port.o
    0x08002550   0x08002550   0x00000034   Code   RO         3183    i.vTaskDelay        tasks.o
    0x08002584   0x08002584   0x000000ec   Code   RO         3184    i.vTaskDelete       tasks.o
    0x08002670   0x08002670   0x0000004c   Code   RO         3196    i.vTaskStartScheduler  tasks.o
    0x080026bc   0x080026bc   0x00000048   Code   RO         3640    i.vTaskStartupAnimation  startup_animation.o
    0x08002704   0x08002704   0x00000010   Code   RO         3198    i.vTaskSuspendAll   tasks.o
    0x08002714   0x08002714   0x00000068   Code   RO         3199    i.vTaskSwitchContext  tasks.o
    0x0800277c   0x0800277c   0x00000034   Code   RO         3641    i.xCreateStartupAnimationTask  startup_animation.o
    0x080027b0   0x080027b0   0x00000034   Code   RO         3574    i.xPortStartScheduler  port.o
    0x080027e4   0x080027e4   0x00000034   Code   RO         3575    i.xPortSysTickHandler  port.o
    0x08002818   0x08002818   0x00000038   Code   RO         3202    i.xTaskCreate       tasks.o
    0x08002850   0x08002850   0x00000020   Code   RO         3210    i.xTaskGetSchedulerState  tasks.o
    0x08002870   0x08002870   0x000001a0   Code   RO         3213    i.xTaskIncrementTick  tasks.o
    0x08002a10   0x08002a10   0x0000017c   Code   RO         3215    i.xTaskResumeAll    tasks.o
    0x08002b8c   0x08002b8c   0x00000012   Data   RO         1553    .constdata          stm32f1xx_hal_rcc.o
    0x08002b9e   0x08002b9e   0x00000018   Data   RO         2374    .constdata          system_stm32f1xx.o
    0x08002bb6   0x08002bb6   0x000008de   Data   RO         2487    .constdata          oled_fonts.o
    0x08003494   0x08003494   0x00000020   Data   RO         4029    Region$$Table       anon$$obj.o


    Execution Region RW_IRAM1 (Exec base: 0x20000000, Load base: 0x080034b4, Size: 0x00001be8, Max: 0x00002800, ABSOLUTE)

    Exec Addr    Load Addr    Size         Type   Attr      Idx    E Section Name        Object

    0x20000000   0x080034b4   0x00000004   Data   RW           18    .data               main.o
    0x20000004   0x080034b8   0x00000009   Data   RW         1389    .data               stm32f1xx_hal.o
    0x2000000d   0x080034c1   0x00000003   PAD
    0x20000010   0x080034c4   0x00000004   Data   RW         2375    .data               system_stm32f1xx.o
    0x20000014   0x080034c8   0x00000040   Data   RW         3218    .data               tasks.o
    0x20000054   0x08003508   0x0000001c   Data   RW         3511    .data               heap_4.o
    0x20000070   0x08003524   0x00000004   Data   RW         3576    .data               port.o
    0x20000074   0x08003528   0x00000004   Data   RW         3642    .data               startup_animation.o
    0x20000078        -       0x00000048   Zero   RW          308    .bss                stm32f1xx_hal_timebase_tim.o
    0x200000c0        -       0x00000400   Zero   RW         2532    .bss                oled.o
    0x200004c0        -       0x000000c8   Zero   RW         3217    .bss                tasks.o
    0x20000588        -       0x00001000   Zero   RW         3510    .bss                heap_4.o
    0x20001588        -       0x00000060   Zero   RW         3908    .bss                c_w.l(libspace.o)
    0x200015e8        -       0x00000200   Zero   RW            2    HEAP                startup_stm32f103xb.o
    0x200017e8        -       0x00000400   Zero   RW            1    STACK               startup_stm32f103xb.o


==============================================================================

Image component sizes


      Code (inc. data)   RO Data    RW Data    ZI Data      Debug   Object Name

         0          0          0          0          0       2524   event_groups.o
       212         14          0          0          0        935   gpio.o
       544         58          0         28       4096       4811   heap_4.o
       148          0          0          0          0       3082   list.o
       274         34          0          4          0     427368   main.o
       214         18          0          0          0       3742   myi2c_hal.o
      1330         38          0          0       1024       9474   oled.o
         0          0       2270          0          0       1008   oled_fonts.o
       404         48          0          4          0       9160   port.o
       412         70          0          4          0       3104   startup_animation.o
        64         26        236          0       1536        784   startup_stm32f103xb.o
        76         20          0          9          0       4206   stm32f1xx_hal.o
       252         22          0          0          0      28574   stm32f1xx_hal_cortex.o
       828         30          0          0          0       3848   stm32f1xx_hal_gpio.o
        84          8          0          0          0        866   stm32f1xx_hal_msp.o
      1784         98         18          0          0       5914   stm32f1xx_hal_rcc.o
       700         18          0          0          0       6106   stm32f1xx_hal_tim.o
         4          0          0          0          0       1501   stm32f1xx_hal_tim_ex.o
       176         16          0          0         72       1415   stm32f1xx_hal_timebase_tim.o
        54          6          0          0          0       3413   stm32f1xx_it.o
         2          0         24          4          0       1071   system_stm32f1xx.o
      2410        310          0         64        200      30108   tasks.o

    ----------------------------------------------------------------------
      9984        834       2580        120       6928     553014   Object Totals
         0          0         32          0          0          0   (incl. Generated)
        12          0          0          3          0          0   (incl. Padding)

    ----------------------------------------------------------------------

      Code (inc. data)   RO Data    RW Data    ZI Data      Debug   Library Member Name

         8          0          0          0          0         68   __main.o
       104          0          0          0          0         84   __printf.o
         0          0          0          0          0          0   __rtentry.o
        12          0          0          0          0          0   __rtentry2.o
         6          0          0          0          0          0   __rtentry4.o
        52          8          0          0          0          0   __scatter.o
        26          0          0          0          0          0   __scatter_copy.o
        28          0          0          0          0          0   __scatter_zi.o
        48          6          0          0          0         96   _printf_char_common.o
         6          0          0          0          0          0   _printf_d.o
       120         16          0          0          0         92   _printf_dec.o
       178          0          0          0          0         88   _printf_intcommon.o
         0          0          0          0          0          0   _printf_percent.o
         4          0          0          0          0          0   _printf_percent_end.o
        10          0          0          0          0         68   _sputc.o
        18          0          0          0          0         80   exit.o
         6          0          0          0          0        152   heapauxi.o
         0          0          0          0          0          0   indicate_semi.o
         2          0          0          0          0          0   libinit.o
         2          0          0          0          0          0   libinit2.o
         2          0          0          0          0          0   libshutdown.o
         2          0          0          0          0          0   libshutdown2.o
         8          4          0          0         96         68   libspace.o
        40          6          0          0          0         84   noretval__2sprintf.o
        78          0          0          0          0         80   rt_memclr_w.o
         2          0          0          0          0          0   rtexit.o
        10          0          0          0          0          0   rtexit2.o
        62          0          0          0          0         76   strlen.o
        12          4          0          0          0         68   sys_exit.o
        74          0          0          0          0         80   sys_stackheap_outer.o
         2          0          0          0          0         68   use_no_semi.o

    ----------------------------------------------------------------------
       928         44          0          0         96       1252   Library Totals
         6          0          0          0          0          0   (incl. Padding)

    ----------------------------------------------------------------------

      Code (inc. data)   RO Data    RW Data    ZI Data      Debug   Library Name

       922         44          0          0         96       1252   c_w.l

    ----------------------------------------------------------------------
       928         44          0          0         96       1252   Library Totals

    ----------------------------------------------------------------------

==============================================================================


      Code (inc. data)   RO Data    RW Data    ZI Data      Debug   

     10912        878       2580        120       7024     548334   Grand Totals
     10912        878       2580        120       7024     548334   ELF Image Totals
     10912        878       2580        120          0          0   ROM Totals

==============================================================================

    Total RO  Size (Code + RO Data)                13492 (  13.18kB)
    Total RW  Size (RW Data + ZI Data)              7144 (   6.98kB)
    Total ROM Size (Code + RO Data + RW Data)      13612 (  13.29kB)

==============================================================================

