Component: ARM Compiler 5.06 update 6 (build 750) Tool: armlink [4d35ed]

==============================================================================

Section Cross References

    startup_stm32f103xb.o(STACK) refers (Special) to heapauxi.o(.text) for __use_two_region_memory
    startup_stm32f103xb.o(HEAP) refers (Special) to heapauxi.o(.text) for __use_two_region_memory
    startup_stm32f103xb.o(RESET) refers (Special) to heapauxi.o(.text) for __use_two_region_memory
    startup_stm32f103xb.o(RESET) refers to startup_stm32f103xb.o(STACK) for __initial_sp
    startup_stm32f103xb.o(RESET) refers to startup_stm32f103xb.o(.text) for Reset_Handler
    startup_stm32f103xb.o(RESET) refers to stm32f1xx_it.o(i.NMI_Handler) for NMI_Handler
    startup_stm32f103xb.o(RESET) refers to stm32f1xx_it.o(i.HardFault_Handler) for HardFault_Handler
    startup_stm32f103xb.o(RESET) refers to stm32f1xx_it.o(i.MemManage_Handler) for MemManage_Handler
    startup_stm32f103xb.o(RESET) refers to stm32f1xx_it.o(i.BusFault_Handler) for BusFault_Handler
    startup_stm32f103xb.o(RESET) refers to stm32f1xx_it.o(i.UsageFault_Handler) for UsageFault_Handler
    startup_stm32f103xb.o(RESET) refers to port.o(.emb_text) for SVC_Handler
    startup_stm32f103xb.o(RESET) refers to stm32f1xx_it.o(i.DebugMon_Handler) for DebugMon_Handler
    startup_stm32f103xb.o(RESET) refers to stm32f1xx_it.o(i.SysTick_Handler) for SysTick_Handler
    startup_stm32f103xb.o(RESET) refers to stm32f1xx_it.o(i.TIM2_IRQHandler) for TIM2_IRQHandler
    startup_stm32f103xb.o(.text) refers (Special) to heapauxi.o(.text) for __use_two_region_memory
    startup_stm32f103xb.o(.text) refers to system_stm32f1xx.o(i.SystemInit) for SystemInit
    startup_stm32f103xb.o(.text) refers to __main.o(!!!main) for __main
    startup_stm32f103xb.o(.text) refers to startup_stm32f103xb.o(HEAP) for Heap_Mem
    startup_stm32f103xb.o(.text) refers to startup_stm32f103xb.o(STACK) for Stack_Mem
    main.o(i.HAL_TIM_PeriodElapsedCallback) refers to stm32f1xx_hal.o(i.HAL_IncTick) for HAL_IncTick
    main.o(i.SystemClock_Config) refers to rt_memclr_w.o(.text) for __aeabi_memclr4
    main.o(i.SystemClock_Config) refers to stm32f1xx_hal_rcc.o(i.HAL_RCC_OscConfig) for HAL_RCC_OscConfig
    main.o(i.SystemClock_Config) refers to main.o(i.Error_Handler) for Error_Handler
    main.o(i.SystemClock_Config) refers to stm32f1xx_hal_rcc.o(i.HAL_RCC_ClockConfig) for HAL_RCC_ClockConfig
    main.o(i.SystemClock_Config) refers to stm32f1xx_hal_rcc_ex.o(i.HAL_RCCEx_PeriphCLKConfig) for HAL_RCCEx_PeriphCLKConfig
    main.o(i.main) refers to stm32f1xx_hal.o(i.HAL_Init) for HAL_Init
    main.o(i.main) refers to main.o(i.SystemClock_Config) for SystemClock_Config
    main.o(i.main) refers to gpio.o(i.MX_GPIO_Init) for MX_GPIO_Init
    main.o(i.main) refers to rtc.o(i.MX_RTC_Init) for MX_RTC_Init
    main.o(i.main) refers to oled.o(i.OLED_Init) for OLED_Init
    main.o(i.main) refers to oled.o(i.OLED_Clear) for OLED_Clear
    main.o(i.main) refers to startup_animation.o(i.xCreateStartupAnimationTask) for xCreateStartupAnimationTask
    main.o(i.main) refers to oled.o(i.OLED_ShowString) for OLED_ShowString
    main.o(i.main) refers to oled.o(i.OLED_Update) for OLED_Update
    main.o(i.main) refers to tasks.o(i.xTaskCreate) for xTaskCreate
    main.o(i.main) refers to clock.o(i.Clock_Task_Init) for Clock_Task_Init
    main.o(i.main) refers to tasks.o(i.vTaskStartScheduler) for vTaskStartScheduler
    main.o(i.main) refers to main.o(.data) for xLEDTaskHandle
    main.o(i.main) refers to main.o(i.vLEDTask) for vLEDTask
    main.o(i.vLEDTask) refers to tasks.o(i.vTaskDelay) for vTaskDelay
    main.o(i.vLEDTask) refers to stm32f1xx_hal_gpio.o(i.HAL_GPIO_TogglePin) for HAL_GPIO_TogglePin
    main.o(i.vLEDTask) refers to startup_animation.o(.data) for xAnimationCompleted
    gpio.o(i.MX_GPIO_Init) refers to stm32f1xx_hal_gpio.o(i.HAL_GPIO_WritePin) for HAL_GPIO_WritePin
    gpio.o(i.MX_GPIO_Init) refers to stm32f1xx_hal_gpio.o(i.HAL_GPIO_Init) for HAL_GPIO_Init
    rtc.o(i.HAL_RTC_MspInit) refers to stm32f1xx_hal_pwr.o(i.HAL_PWR_EnableBkUpAccess) for HAL_PWR_EnableBkUpAccess
    rtc.o(i.MX_RTC_Init) refers to stm32f1xx_hal_rtc.o(i.HAL_RTC_Init) for HAL_RTC_Init
    rtc.o(i.MX_RTC_Init) refers to main.o(i.Error_Handler) for Error_Handler
    rtc.o(i.MX_RTC_Init) refers to stm32f1xx_hal_rtc_ex.o(i.HAL_RTCEx_BKUPRead) for HAL_RTCEx_BKUPRead
    rtc.o(i.MX_RTC_Init) refers to stm32f1xx_hal_rtc.o(i.HAL_RTC_SetTime) for HAL_RTC_SetTime
    rtc.o(i.MX_RTC_Init) refers to stm32f1xx_hal_rtc.o(i.HAL_RTC_SetDate) for HAL_RTC_SetDate
    rtc.o(i.MX_RTC_Init) refers to stm32f1xx_hal_rtc_ex.o(i.HAL_RTCEx_BKUPWrite) for HAL_RTCEx_BKUPWrite
    rtc.o(i.MX_RTC_Init) refers to rtc.o(.bss) for hrtc
    stm32f1xx_it.o(i.SysTick_Handler) refers to tasks.o(i.xTaskGetSchedulerState) for xTaskGetSchedulerState
    stm32f1xx_it.o(i.SysTick_Handler) refers to port.o(i.xPortSysTickHandler) for xPortSysTickHandler
[...]
    .ARM.Collect$$rtentry$$00000002          0x08000170   Section        0  __rtentry2.o(.ARM.Collect$$rtentry$$00000002)
    .ARM.Collect$$rtentry$$00000004          0x08000170   Section        6  __rtentry4.o(.ARM.Collect$$rtentry$$00000004)
    .ARM.Collect$$rtentry$$00000009          0x08000176   Section        0  __rtentry2.o(.ARM.Collect$$rtentry$$00000009)
    .ARM.Collect$$rtentry$$0000000A          0x08000176   Section        4  __rtentry2.o(.ARM.Collect$$rtentry$$0000000A)
    .ARM.Collect$$rtentry$$0000000C          0x0800017a   Section        0  __rtentry2.o(.ARM.Collect$$rtentry$$0000000C)
    .ARM.Collect$$rtentry$$0000000D          0x0800017a   Section        8  __rtentry2.o(.ARM.Collect$$rtentry$$0000000D)
    .ARM.Collect$$rtexit$$00000000           0x08000182   Section        2  rtexit.o(.ARM.Collect$$rtexit$$00000000)
    .ARM.Collect$$rtexit$$00000002           0x08000184   Section        0  rtexit2.o(.ARM.Collect$$rtexit$$00000002)
    .ARM.Collect$$rtexit$$00000003           0x08000184   Section        4  rtexit2.o(.ARM.Collect$$rtexit$$00000003)
    .ARM.Collect$$rtexit$$00000004           0x08000188   Section        6  rtexit2.o(.ARM.Collect$$rtexit$$00000004)
    .emb_text                                0x08000190   Section      150  port.o(.emb_text)
    .emb_text                                0x08000228   Section        0  maybetermalloc1.o(.emb_text)
    .text                                    0x08000228   Section       64  startup_stm32f103xb.o(.text)
    .text                                    0x08000268   Section        0  h1_alloc.o(.text)
    .text                                    0x080002c6   Section        0  h1_free.o(.text)
    .text                                    0x08000314   Section        0  strlen.o(.text)
    .text                                    0x08000352   Section      100  rt_memcpy_w.o(.text)
    .text                                    0x080003b6   Section       78  rt_memclr_w.o(.text)
    .text                                    0x08000404   Section        0  localtime.o(.text)
    .text                                    0x08000410   Section        0  mktime.o(.text)
    _tm_carry                                0x08000411   Thumb Code    62  mktime.o(.text)
    .text                                    0x080005bc   Section        0  heapauxi.o(.text)
    .text                                    0x080005c4   Section        8  rt_heap_descriptor_intlibspace.o(.text)
    .text                                    0x080005cc   Section        0  hguard.o(.text)
    .text                                    0x080005d0   Section        0  init_alloc.o(.text)
    .text                                    0x0800065a   Section        0  h1_init.o(.text)
    .text                                    0x08000668   Section        0  localtime_internal.o(.text)
    .text                                    0x08000720   Section        8  libspace.o(.text)
    .text                                    0x08000728   Section        0  h1_extend.o(.text)
    .text                                    0x0800075c   Section        0  defsig_rtmem_outer.o(.text)
    .text                                    0x0800076a   Section        2  use_no_semi.o(.text)
    .text                                    0x0800076c   Section        0  indicate_semi.o(.text)
    .text                                    0x0800076c   Section       74  sys_stackheap_outer.o(.text)
    .text                                    0x080007b6   Section        0  exit.o(.text)
    .text                                    0x080007c8   Section        0  defsig_exit.o(.text)
    .text                                    0x080007d4   Section        0  defsig_rtmem_inner.o(.text)
    .text                                    0x08000824   Section        0  sys_exit.o(.text)
    .text                                    0x08000830   Section        0  defsig_general.o(.text)
    .text                                    0x08000862   Section        0  sys_wrch.o(.text)
    i.BusFault_Handler                       0x08000870   Section        0  stm32f1xx_it.o(i.BusFault_Handler)
    i.Clock_Task_Init                        0x08000874   Section        0  clock.o(i.Clock_Task_Init)
    i.DebugMon_Handler                       0x080008a0   Section        0  stm32f1xx_it.o(i.DebugMon_Handler)
    i.Error_Handler                          0x080008a2   Section        0  main.o(i.Error_Handler)
    i.HAL_GPIO_Init                          0x080008a8   Section        0  stm32f1xx_hal_gpio.o(i.HAL_GPIO_Init)
    i.HAL_GPIO_ReadPin                       0x08000bb4   Section        0  stm32f1xx_hal_gpio.o(i.HAL_GPIO_ReadPin)
    i.HAL_GPIO_TogglePin                     0x08000bc4   Section        0  stm32f1xx_hal_gpio.o(i.HAL_GPIO_TogglePin)
    i.HAL_GPIO_WritePin                      0x08000bd8   Section        0  stm32f1xx_hal_gpio.o(i.HAL_GPIO_WritePin)
    i.HAL_GetTick                            0x08000be4   Section        0  stm32f1xx_hal.o(i.HAL_GetTick)
    i.HAL_IncTick                            0x08000bf0   Section        0  stm32f1xx_hal.o(i.HAL_IncTick)
    i.HAL_Init                               0x08000c08   Section        0  stm32f1xx_hal.o(i.HAL_Init)
    i.HAL_InitTick                           0x08000c30   Section        0  stm32f1xx_hal_timebase_tim.o(i.HAL_InitTick)
    i.HAL_MspInit                            0x08000ce0   Section        0  stm32f1xx_hal_msp.o(i.HAL_MspInit)
    i.HAL_NVIC_EnableIRQ                     0x08000d34   Section        0  stm32f1xx_hal_cortex.o(i.HAL_NVIC_EnableIRQ)
    i.HAL_NVIC_SetPriority                   0x08000d54   Section        0  stm32f1xx_hal_cortex.o(i.HAL_NVIC_SetPriority)
    i.HAL_NVIC_SetPriorityGrouping           0x08000dd0   Section        0  stm32f1xx_hal_cortex.o(i.HAL_NVIC_SetPriorityGrouping)
    i.HAL_PWR_EnableBkUpAccess               0x08000df8   Section        0  stm32f1xx_hal_pwr.o(i.HAL_PWR_EnableBkUpAccess)
    i.HAL_RCCEx_GetPeriphCLKFreq             0x08000e04   Section        0  stm32f1xx_hal_rcc_ex.o(i.HAL_RCCEx_GetPeriphCLKFreq)
    i.HAL_RCCEx_PeriphCLKConfig              0x08000f00   Section        0  stm32f1xx_hal_rcc_ex.o(i.HAL_RCCEx_PeriphCLKConfig)
    i.HAL_RCC_ClockConfig                    0x08001030   Section        0  stm32f1xx_hal_rcc.o(i.HAL_RCC_ClockConfig)
    i.HAL_RCC_GetClockConfig                 0x080011bc   Section        0  stm32f1xx_hal_rcc.o(i.HAL_RCC_GetClockConfig)
    i.HAL_RCC_GetHCLKFreq                    0x08001200   Section        0  stm32f1xx_hal_rcc.o(i.HAL_RCC_GetHCLKFreq)
    i.HAL_RCC_GetPCLK1Freq                   0x0800120c   Section        0  stm32f1xx_hal_rcc.o(i.HAL_RCC_GetPCLK1Freq)
    i.HAL_RCC_GetPCLK2Freq                   0x0800122c   Section        0  stm32f1xx_hal_rcc.o(i.HAL_RCC_GetPCLK2Freq)
    i.HAL_RCC_GetSysClockFreq                0x0800124c   Section        0  stm32f1xx_hal_rcc.o(i.HAL_RCC_GetSysClockFreq)
    i.HAL_RCC_OscConfig                      0x080012bc   Section        0  stm32f1xx_hal_rcc.o(i.HAL_RCC_OscConfig)
    i.HAL_RTCEx_BKUPRead                     0x08001720   Section        0  stm32f1xx_hal_rtc_ex.o(i.HAL_RTCEx_BKUPRead)
    i.HAL_RTCEx_BKUPWrite                    0x08001738   Section        0  stm32f1xx_hal_rtc_ex.o(i.HAL_RTCEx_BKUPWrite)
    i.HAL_RTC_GetDate                        0x08001750   Section        0  stm32f1xx_hal_rtc.o(i.HAL_RTC_GetDate)
    i.HAL_RTC_GetTime                        0x080017a2   Section        0  stm32f1xx_hal_rtc.o(i.HAL_RTC_GetTime)
    i.HAL_RTC_Init                           0x080018a8   Section        0  stm32f1xx_hal_rtc.o(i.HAL_RTC_Init)
    i.HAL_RTC_MspInit                        0x08001968   Section        0  rtc.o(i.HAL_RTC_MspInit)
    i.HAL_RTC_SetDate                        0x080019a8   Section        0  stm32f1xx_hal_rtc.o(i.HAL_RTC_SetDate)
    i.HAL_RTC_SetTime                        0x08001aa0   Section        0  stm32f1xx_hal_rtc.o(i.HAL_RTC_SetTime)
    i.HAL_RTC_WaitForSynchro                 0x08001b7c   Section        0  stm32f1xx_hal_rtc.o(i.HAL_RTC_WaitForSynchro)
    i.HAL_TIMEx_BreakCallback                0x08001bbc   Section        0  stm32f1xx_hal_tim_ex.o(i.HAL_TIMEx_BreakCallback)
    i.HAL_TIMEx_CommutCallback               0x08001bbe   Section        0  stm32f1xx_hal_tim_ex.o(i.HAL_TIMEx_CommutCallback)
    i.HAL_TIM_Base_Init                      0x08001bc0   Section        0  stm32f1xx_hal_tim.o(i.HAL_TIM_Base_Init)
    i.HAL_TIM_Base_MspInit                   0x08001c26   Section        0  stm32f1xx_hal_tim.o(i.HAL_TIM_Base_MspInit)
    i.HAL_TIM_Base_Start_IT                  0x08001c28   Section        0  stm32f1xx_hal_tim.o(i.HAL_TIM_Base_Start_IT)
    i.HAL_TIM_IC_CaptureCallback             0x08001c94   Section        0  stm32f1xx_hal_tim.o(i.HAL_TIM_IC_CaptureCallback)
    i.HAL_TIM_IRQHandler                     0x08001c96   Section        0  stm32f1xx_hal_tim.o(i.HAL_TIM_IRQHandler)
    i.HAL_TIM_OC_DelayElapsedCallback        0x08001e02   Section        0  stm32f1xx_hal_tim.o(i.HAL_TIM_OC_DelayElapsedCallback)
    i.HAL_TIM_PWM_PulseFinishedCallback      0x08001e04   Section        0  stm32f1xx_hal_tim.o(i.HAL_TIM_PWM_PulseFinishedCallback)
    i.HAL_TIM_PeriodElapsedCallback          0x08001e06   Section        0  main.o(i.HAL_TIM_PeriodElapsedCallback)
    i.HAL_TIM_TriggerCallback                0x08001e18   Section        0  stm32f1xx_hal_tim.o(i.HAL_TIM_TriggerCallback)
    i.HardFault_Handler                      0x08001e1a   Section        0  stm32f1xx_it.o(i.HardFault_Handler)
    i.MX_GPIO_Init                           0x08001e20   Section        0  gpio.o(i.MX_GPIO_Init)
    i.MX_RTC_Init                            0x08001ef4   Section        0  rtc.o(i.MX_RTC_Init)
    i.MemManage_Handler                      0x08002060   Section        0  stm32f1xx_it.o(i.MemManage_Handler)
    i.MyI2C_Init                             0x08002064   Section        0  myi2c_hal.o(i.MyI2C_Init)
    i.MyI2C_R_SDA                            0x08002074   Section        0  myi2c_hal.o(i.MyI2C_R_SDA)
    i.MyI2C_ReceiveAck                       0x08002088   Section        0  myi2c_hal.o(i.MyI2C_ReceiveAck)
    i.MyI2C_SendByte                         0x080020a6   Section        0  myi2c_hal.o(i.MyI2C_SendByte)
    i.MyI2C_Start                            0x080020d8   Section        0  myi2c_hal.o(i.MyI2C_Start)
    i.MyI2C_Stop                             0x080020f4   Section        0  myi2c_hal.o(i.MyI2C_Stop)
    i.MyI2C_W_SCL                            0x0800210c   Section        0  myi2c_hal.o(i.MyI2C_W_SCL)
    i.MyI2C_W_SDA                            0x08002124   Section        0  myi2c_hal.o(i.MyI2C_W_SDA)
    i.MyRTC_ReadTime                         0x0800213c   Section        0  myrtc.o(i.MyRTC_ReadTime)
    i.NMI_Handler                            0x080021c8   Section        0  stm32f1xx_it.o(i.NMI_Handler)
    i.OLED_Clear                             0x080021cc   Section        0  oled.o(i.OLED_Clear)
    i.OLED_ClearArea                         0x080021f4   Section        0  oled.o(i.OLED_ClearArea)
    i.OLED_DrawPoint                         0x08002274   Section        0  oled.o(i.OLED_DrawPoint)
    i.OLED_DrawRectangle                     0x080022a4   Section        0  oled.o(i.OLED_DrawRectangle)
    i.OLED_FillArea                          0x0800231c   Section        0  oled.o(i.OLED_FillArea)
    i.OLED_Init                              0x080023fc   Section        0  oled.o(i.OLED_Init)
    i.OLED_SetCursor                         0x0800248e   Section        0  oled.o(i.OLED_SetCursor)
    i.OLED_ShowChar                          0x080024b0   Section        0  oled.o(i.OLED_ShowChar)
    i.OLED_ShowImage                         0x08002504   Section        0  oled.o(i.OLED_ShowImage)
    i.OLED_ShowNum                           0x08002610   Section        0  oled.o(i.OLED_ShowNum)
    i.OLED_ShowString                        0x0800266a   Section        0  oled.o(i.OLED_ShowString)
    i.OLED_ShowString_Center                 0x08002698   Section        0  oled.o(i.OLED_ShowString_Center)
    i.OLED_Update                            0x080026cc   Section        0  oled.o(i.OLED_Update)
    i.OLED_WriteCommand                      0x080026f4   Section        0  oled.o(i.OLED_WriteCommand)
    i.OLED_WriteData                         0x08002720   Section        0  oled.o(i.OLED_WriteData)
    i.RCC_Delay                              0x0800275c   Section        0  stm32f1xx_hal_rcc.o(i.RCC_Delay)
    RCC_Delay                                0x0800275d   Thumb Code    36  stm32f1xx_hal_rcc.o(i.RCC_Delay)
    i.RTC_Bcd2ToByte                         0x08002784   Section        0  stm32f1xx_hal_rtc.o(i.RTC_Bcd2ToByte)
    RTC_Bcd2ToByte                           0x08002785   Thumb Code    22  stm32f1xx_hal_rtc.o(i.RTC_Bcd2ToByte)
    i.RTC_ByteToBcd2                         0x0800279a   Section        0  stm32f1xx_hal_rtc.o(i.RTC_ByteToBcd2)
    RTC_ByteToBcd2                           0x0800279b   Thumb Code    26  stm32f1xx_hal_rtc.o(i.RTC_ByteToBcd2)
    i.RTC_DateUpdate                         0x080027b4   Section        0  stm32f1xx_hal_rtc.o(i.RTC_DateUpdate)
    RTC_DateUpdate                           0x080027b5   Thumb Code   182  stm32f1xx_hal_rtc.o(i.RTC_DateUpdate)
    i.RTC_EnterInitMode                      0x0800286a   Section        0  stm32f1xx_hal_rtc.o(i.RTC_EnterInitMode)
    RTC_EnterInitMode                        0x0800286b   Thumb Code    58  stm32f1xx_hal_rtc.o(i.RTC_EnterInitMode)
    i.RTC_ExitInitMode                       0x080028a4   Section        0  stm32f1xx_hal_rtc.o(i.RTC_ExitInitMode)
    RTC_ExitInitMode                         0x080028a5   Thumb Code    58  stm32f1xx_hal_rtc.o(i.RTC_ExitInitMode)
    i.RTC_IsLeapYear                         0x080028de   Section        0  stm32f1xx_hal_rtc.o(i.RTC_IsLeapYear)
    RTC_IsLeapYear                           0x080028df   Thumb Code    50  stm32f1xx_hal_rtc.o(i.RTC_IsLeapYear)
    i.RTC_ReadAlarmCounter                   0x08002910   Section        0  stm32f1xx_hal_rtc.o(i.RTC_ReadAlarmCounter)
    RTC_ReadAlarmCounter                     0x08002911   Thumb Code    24  stm32f1xx_hal_rtc.o(i.RTC_ReadAlarmCounter)
    i.RTC_ReadTimeCounter                    0x08002928   Section        0  stm32f1xx_hal_rtc.o(i.RTC_ReadTimeCounter)
    RTC_ReadTimeCounter                      0x08002929   Thumb Code    52  stm32f1xx_hal_rtc.o(i.RTC_ReadTimeCounter)
    i.RTC_WeekDayNum                         0x0800295c   Section        0  stm32f1xx_hal_rtc.o(i.RTC_WeekDayNum)
    RTC_WeekDayNum                           0x0800295d   Thumb Code   132  stm32f1xx_hal_rtc.o(i.RTC_WeekDayNum)
    i.RTC_WriteAlarmCounter                  0x080029e0   Section        0  stm32f1xx_hal_rtc.o(i.RTC_WriteAlarmCounter)
    RTC_WriteAlarmCounter                    0x080029e1   Thumb Code    46  stm32f1xx_hal_rtc.o(i.RTC_WriteAlarmCounter)
    i.RTC_WriteTimeCounter                   0x08002a0e   Section        0  stm32f1xx_hal_rtc.o(i.RTC_WriteTimeCounter)
    RTC_WriteTimeCounter                     0x08002a0f   Thumb Code    46  stm32f1xx_hal_rtc.o(i.RTC_WriteTimeCounter)
    i.SysTick_Handler                        0x08002a3c   Section        0  stm32f1xx_it.o(i.SysTick_Handler)
    i.SystemClock_Config                     0x08002a4c   Section        0  main.o(i.SystemClock_Config)
    i.SystemInit                             0x08002ad4   Section        0  system_stm32f1xx.o(i.SystemInit)
    i.TIM2_IRQHandler                        0x08002ad8   Section        0  stm32f1xx_it.o(i.TIM2_IRQHandler)
    i.TIM_Base_SetConfig                     0x08002ae8   Section        0  stm32f1xx_hal_tim.o(i.TIM_Base_SetConfig)
    i.Task_RTC_Display                       0x08002b5c   Section        0  clock.o(i.Task_RTC_Display)
    i.UsageFault_Handler                     0x08002c58   Section        0  stm32f1xx_it.o(i.UsageFault_Handler)
    i.__NVIC_GetPriorityGrouping             0x08002c5c   Section        0  stm32f1xx_hal_cortex.o(i.__NVIC_GetPriorityGrouping)
    __NVIC_GetPriorityGrouping               0x08002c5d   Thumb Code    10  stm32f1xx_hal_cortex.o(i.__NVIC_GetPriorityGrouping)
    i.__NVIC_SetPriority                     0x08002c6c   Section        0  stm32f1xx_hal_cortex.o(i.__NVIC_SetPriority)
    __NVIC_SetPriority                       0x08002c6d   Thumb Code    32  stm32f1xx_hal_cortex.o(i.__NVIC_SetPriority)
    i.main                                   0x08002c94   Section        0  main.o(i.main)
    i.prvAddCurrentTaskToDelayedList         0x08002d00   Section        0  tasks.o(i.prvAddCurrentTaskToDelayedList)
    prvAddCurrentTaskToDelayedList           0x08002d01   Thumb Code   174  tasks.o(i.prvAddCurrentTaskToDelayedList)
    i.prvAddNewTaskToReadyList               0x08002dcc   Section        0  tasks.o(i.prvAddNewTaskToReadyList)
    prvAddNewTaskToReadyList                 0x08002dcd   Thumb Code   212  tasks.o(i.prvAddNewTaskToReadyList)
    i.prvCheckTasksWaitingTermination        0x08002ebc   Section        0  tasks.o(i.prvCheckTasksWaitingTermination)
    prvCheckTasksWaitingTermination          0x08002ebd   Thumb Code    60  tasks.o(i.prvCheckTasksWaitingTermination)
    i.prvCreateIdleTasks                     0x08002f04   Section        0  tasks.o(i.prvCreateIdleTasks)
    prvCreateIdleTasks                       0x08002f05   Thumb Code    86  tasks.o(i.prvCreateIdleTasks)
    i.prvCreateTask                          0x08002f6c   Section        0  tasks.o(i.prvCreateTask)
    prvCreateTask                            0x08002f6d   Thumb Code    90  tasks.o(i.prvCreateTask)
    i.prvDeleteTCB                           0x08002fc6   Section        0  tasks.o(i.prvDeleteTCB)
    prvDeleteTCB                             0x08002fc7   Thumb Code    18  tasks.o(i.prvDeleteTCB)
    i.prvHeapInit                            0x08002fd8   Section        0  heap_4.o(i.prvHeapInit)
    prvHeapInit                              0x08002fd9   Thumb Code    88  heap_4.o(i.prvHeapInit)
    i.prvIdleTask                            0x08003044   Section        0  tasks.o(i.prvIdleTask)
    prvIdleTask                              0x08003045   Thumb Code    32  tasks.o(i.prvIdleTask)
    i.prvInitialiseNewTask                   0x0800306c   Section        0  tasks.o(i.prvInitialiseNewTask)
    prvInitialiseNewTask                     0x0800306d   Thumb Code   122  tasks.o(i.prvInitialiseNewTask)
    i.prvInitialiseTaskLists                 0x080030e8   Section        0  tasks.o(i.prvInitialiseTaskLists)
    prvInitialiseTaskLists                   0x080030e9   Thumb Code    70  tasks.o(i.prvInitialiseTaskLists)
    i.prvInsertBlockIntoFreeList             0x08003150   Section        0  heap_4.o(i.prvInsertBlockIntoFreeList)
    prvInsertBlockIntoFreeList               0x08003151   Thumb Code    96  heap_4.o(i.prvInsertBlockIntoFreeList)
    i.prvResetNextTaskUnblockTime            0x080031b8   Section        0  tasks.o(i.prvResetNextTaskUnblockTime)
    prvResetNextTaskUnblockTime              0x080031b9   Thumb Code    40  tasks.o(i.prvResetNextTaskUnblockTime)
    i.prvTaskExitError                       0x080031e8   Section        0  port.o(i.prvTaskExitError)
    prvTaskExitError                         0x080031e9   Thumb Code    22  port.o(i.prvTaskExitError)
    i.pvPortMalloc                           0x08003200   Section        0  heap_4.o(i.pvPortMalloc)
    i.pxPortInitialiseStack                  0x08003300   Section        0  port.o(i.pxPortInitialiseStack)
    i.uxListRemove                           0x08003324   Section        0  list.o(i.uxListRemove)
    i.vAnimation_LoadingBar                  0x0800334c   Section        0  startup_animation.o(i.vAnimation_LoadingBar)
    i.vAnimation_Typewriter                  0x08003420   Section        0  startup_animation.o(i.vAnimation_Typewriter)
    i.vLEDTask                               0x08003488   Section        0  main.o(i.vLEDTask)
    i.vListInitialise                        0x080034b8   Section        0  list.o(i.vListInitialise)
    i.vListInitialiseItem                    0x080034d2   Section        0  list.o(i.vListInitialiseItem)
    i.vListInsert                            0x080034d8   Section        0  list.o(i.vListInsert)
    i.vListInsertEnd                         0x0800350c   Section        0  list.o(i.vListInsertEnd)
    i.vPortEnterCritical                     0x08003524   Section        0  port.o(i.vPortEnterCritical)
    i.vPortExitCritical                      0x08003548   Section        0  port.o(i.vPortExitCritical)
    i.vPortFree                              0x08003568   Section        0  heap_4.o(i.vPortFree)
    i.vPortSetupTimerInterrupt               0x080035b4   Section        0  port.o(i.vPortSetupTimerInterrupt)
    i.vTaskDelay                             0x080035cc   Section        0  tasks.o(i.vTaskDelay)
    i.vTaskDelete                            0x08003600   Section        0  tasks.o(i.vTaskDelete)
    i.vTaskStartScheduler                    0x080036ec   Section        0  tasks.o(i.vTaskStartScheduler)
    i.vTaskStartupAnimation                  0x08003738   Section        0  startup_animation.o(i.vTaskStartupAnimation)
    i.vTaskSuspendAll                        0x08003780   Section        0  tasks.o(i.vTaskSuspendAll)
    i.vTaskSwitchContext                     0x08003790   Section        0  tasks.o(i.vTaskSwitchContext)
    i.xCreateStartupAnimationTask            0x080037f8   Section        0  startup_animation.o(i.xCreateStartupAnimationTask)
    i.xPortStartScheduler                    0x0800382c   Section        0  port.o(i.xPortStartScheduler)
    i.xPortSysTickHandler                    0x08003860   Section        0  port.o(i.xPortSysTickHandler)
    i.xTaskCreate                            0x08003894   Section        0  tasks.o(i.xTaskCreate)
    i.xTaskGetSchedulerState                 0x080038cc   Section        0  tasks.o(i.xTaskGetSchedulerState)
    i.xTaskIncrementTick                     0x080038ec   Section        0  tasks.o(i.xTaskIncrementTick)
    i.xTaskResumeAll                         0x08003a8c   Section        0  tasks.o(i.xTaskResumeAll)
    .constdata                               0x08003c08   Section       18  stm32f1xx_hal_rcc.o(.constdata)
    aPLLMULFactorTable                       0x08003c08   Data          16  stm32f1xx_hal_rcc.o(.constdata)
    aPredivFactorTable                       0x08003c18   Data           2  stm32f1xx_hal_rcc.o(.constdata)
    .constdata                               0x08003c1a   Section       18  stm32f1xx_hal_rcc_ex.o(.constdata)
    aPLLMULFactorTable                       0x08003c1a   Data          16  stm32f1xx_hal_rcc_ex.o(.constdata)
    aPredivFactorTable                       0x08003c2a   Data           2  stm32f1xx_hal_rcc_ex.o(.constdata)
    .constdata                               0x08003c2c   Section       24  system_stm32f1xx.o(.constdata)
    .constdata                               0x08003c44   Section     2270  oled_fonts.o(.constdata)
    .constdata                               0x08004522   Section       12  _monlen.o(.constdata)
    .data                                    0x20000000   Section        4  main.o(.data)
    .data                                    0x20000004   Section        9  stm32f1xx_hal.o(.data)
    .data                                    0x20000010   Section        4  system_stm32f1xx.o(.data)
    .data                                    0x20000014   Section       64  tasks.o(.data)
    pxDelayedTaskList                        0x20000018   Data           4  tasks.o(.data)
    pxOverflowDelayedTaskList                0x2000001c   Data           4  tasks.o(.data)
    uxDeletedTasksWaitingCleanUp             0x20000020   Data           4  tasks.o(.data)
    uxCurrentNumberOfTasks                   0x20000024   Data           4  tasks.o(.data)
    xTickCount                               0x20000028   Data           4  tasks.o(.data)
    uxTopReadyPriority                       0x2000002c   Data           4  tasks.o(.data)
    xSchedulerRunning                        0x20000030   Data           4  tasks.o(.data)
    xPendedTicks                             0x20000034   Data           4  tasks.o(.data)
    xYieldPendings                           0x20000038   Data           4  tasks.o(.data)
    xNumOfOverflows                          0x2000003c   Data           4  tasks.o(.data)
    uxTaskNumber                             0x20000040   Data           4  tasks.o(.data)
    xNextTaskUnblockTime                     0x20000044   Data           4  tasks.o(.data)
    xIdleTaskHandles                         0x20000048   Data           4  tasks.o(.data)
    uxTopUsedPriority                        0x2000004c   Data           4  tasks.o(.data)
    uxSchedulerSuspended                     0x20000050   Data           4  tasks.o(.data)
    .data                                    0x20000054   Section       28  heap_4.o(.data)
    xStart                                   0x20000054   Data           8  heap_4.o(.data)
    pxEnd                                    0x2000005c   Data           4  heap_4.o(.data)
    xFreeBytesRemaining                      0x20000060   Data           4  heap_4.o(.data)
    xMinimumEverFreeBytesRemaining           0x20000064   Data           4  heap_4.o(.data)
    xNumberOfSuccessfulAllocations           0x20000068   Data           4  heap_4.o(.data)
    xNumberOfSuccessfulFrees                 0x2000006c   Data           4  heap_4.o(.data)
    .data                                    0x20000070   Section        4  port.o(.data)
    uxCriticalNesting                        0x20000070   Data           4  port.o(.data)
    .data                                    0x20000074   Section        4  startup_animation.o(.data)
    .data                                    0x20000078   Section        4  clock.o(.data)
    .bss                                     0x2000007c   Section       20  rtc.o(.bss)
    .bss                                     0x20000090   Section       72  stm32f1xx_hal_timebase_tim.o(.bss)
    .bss                                     0x200000d8   Section     1024  oled.o(.bss)
    .bss                                     0x200004d8   Section       12  myrtc.o(.bss)
    .bss                                     0x200004e4   Section      200  tasks.o(.bss)
    pxReadyTasksLists                        0x200004e4   Data         100  tasks.o(.bss)
    xDelayedTaskList1                        0x20000548   Data          20  tasks.o(.bss)
    xDelayedTaskList2                        0x2000055c   Data          20  tasks.o(.bss)
    xPendingReadyList                        0x20000570   Data          20  tasks.o(.bss)
    xTasksWaitingTermination                 0x20000584   Data          20  tasks.o(.bss)
    xSuspendedTaskList                       0x20000598   Data          20  tasks.o(.bss)
    .bss                                     0x200005ac   Section     4096  heap_4.o(.bss)
    ucHeap                                   0x200005ac   Data        4096  heap_4.o(.bss)
    .bss                                     0x200015ac   Section       44  localtime.o(.bss)
    _tms                                     0x200015ac   Data          44  localtime.o(.bss)
    .bss                                     0x200015d8   Section       96  libspace.o(.bss)
    HEAP                                     0x20001638   Section      512  startup_stm32f103xb.o(HEAP)
    Heap_Mem                                 0x20001638   Data         512  startup_stm32f103xb.o(HEAP)
    STACK                                    0x20001838   Section     1024  startup_stm32f103xb.o(STACK)
    Stack_Mem                                0x20001838   Data        1024  startup_stm32f103xb.o(STACK)
    __initial_sp                             0x20001c38   Data           0  startup_stm32f103xb.o(STACK)

    Global Symbols

    Symbol Name                              Value     Ov Type        Size  Object(Section)

    BuildAttributes$$THM_ISAv4$P$D$K$B$S$PE$A:L22UL41UL21$X:L11$S22US41US21$IEEE1$IW$USESV6$~STKCKD$USESV7$~SHL$OTIME$ROPI$EBA8$UX$STANDARDLIB$REQ8$PRES8$EABIv2 0x00000000   Number         0  anon$$obj.o ABSOLUTE
    __ARM_use_no_argv                        0x00000000   Number         0  main.o ABSOLUTE
    __ARM_exceptions_init                     - Undefined Weak Reference
    __alloca_initialize                       - Undefined Weak Reference
    __arm_preinit_                            - Undefined Weak Reference
    __cpp_initialize__aeabi_                  - Undefined Weak Reference
    __cxa_finalize                            - Undefined Weak Reference
    __rt_locale                               - Undefined Weak Reference
    __sigvec_lookup                           - Undefined Weak Reference
    __user_heap_extent                        - Undefined Weak Reference
    _atexit_init                              - Undefined Weak Reference
    _call_atexit_fns                          - Undefined Weak Reference
    _clock_init                               - Undefined Weak Reference
    _fp_trap_init                             - Undefined Weak Reference
    _fp_trap_shutdown                         - Undefined Weak Reference
    _get_lc_collate                           - Undefined Weak Reference
    _get_lc_ctype                             - Undefined Weak Reference
    _get_lc_monetary                          - Undefined Weak Reference
    _get_lc_numeric                           - Undefined Weak Reference
    _get_lc_time                              - Undefined Weak Reference
    _getenv_init                              - Undefined Weak Reference
    _handle_redirection                       - Undefined Weak Reference
    _initio                                   - Undefined Weak Reference
    _mutex_acquire                            - Undefined Weak Reference
    _mutex_free                               - Undefined Weak Reference
    _mutex_release                            - Undefined Weak Reference
    _rand_init                                - Undefined Weak Reference
    _signal_finish                            - Undefined Weak Reference
    _signal_init                              - Undefined Weak Reference
    _terminateio                              - Undefined Weak Reference
    __Vectors_Size                           0x000000ec   Number         0  startup_stm32f103xb.o ABSOLUTE
    __Vectors                                0x08000000   Data           4  startup_stm32f103xb.o(RESET)
    __Vectors_End                            0x080000ec   Data           0  startup_stm32f103xb.o(RESET)
    __main                                   0x080000ed   Thumb Code     8  __main.o(!!!main)
    __scatterload                            0x080000f5   Thumb Code     0  __scatter.o(!!!scatter)
    __scatterload_rt2                        0x080000f5   Thumb Code    44  __scatter.o(!!!scatter)
    __scatterload_rt2_thumb_only             0x080000f5   Thumb Code     0  __scatter.o(!!!scatter)
    __scatterload_null                       0x08000103   Thumb Code     0  __scatter.o(!!!scatter)
    __scatterload_copy                       0x08000129   Thumb Code    26  __scatter_copy.o(!!handler_copy)
    __scatterload_zeroinit                   0x08000145   Thumb Code    28  __scatter_zi.o(!!handler_zi)
    __rt_lib_init                            0x08000161   Thumb Code     0  libinit.o(.ARM.Collect$$libinit$$00000000)
    __rt_lib_init_fp_1                       0x08000163   Thumb Code     0  libinit2.o(.ARM.Collect$$libinit$$00000002)
    __rt_lib_init_heap_2                     0x08000163   Thumb Code     0  libinit2.o(.ARM.Collect$$libinit$$00000005)
    __rt_lib_init_preinit_1                  0x08000163   Thumb Code     0  libinit2.o(.ARM.Collect$$libinit$$00000004)
    __rt_lib_init_alloca_1                   0x0800016b   Thumb Code     0  libinit2.o(.ARM.Collect$$libinit$$0000002E)
    __rt_lib_init_argv_1                     0x0800016b   Thumb Code     0  libinit2.o(.ARM.Collect$$libinit$$0000002C)
    __rt_lib_init_atexit_1                   0x0800016b   Thumb Code     0  libinit2.o(.ARM.Collect$$libinit$$0000001B)
    __rt_lib_init_clock_1                    0x0800016b   Thumb Code     0  libinit2.o(.ARM.Collect$$libinit$$00000021)
    __rt_lib_init_cpp_1                      0x0800016b   Thumb Code     0  libinit2.o(.ARM.Collect$$libinit$$00000032)
    __rt_lib_init_exceptions_1               0x0800016b   Thumb Code     0  libinit2.o(.ARM.Collect$$libinit$$00000030)
    __rt_lib_init_fp_trap_1                  0x0800016b   Thumb Code     0  libinit2.o(.ARM.Collect$$libinit$$0000001F)
    __rt_lib_init_getenv_1                   0x0800016b   Thumb Code     0  libinit2.o(.ARM.Collect$$libinit$$00000023)
    __rt_lib_init_heap_1                     0x0800016b   Thumb Code     0  libinit2.o(.ARM.Collect$$libinit$$0000000A)
    __rt_lib_init_lc_collate_1               0x0800016b   Thumb Code     0  libinit2.o(.ARM.Collect$$libinit$$00000011)
    __rt_lib_init_lc_ctype_1                 0x0800016b   Thumb Code     0  libinit2.o(.ARM.Collect$$libinit$$00000013)
    __rt_lib_init_lc_monetary_1              0x0800016b   Thumb Code     0  libinit2.o(.ARM.Collect$$libinit$$00000015)
    __rt_lib_init_lc_numeric_1               0x0800016b   Thumb Code     0  libinit2.o(.ARM.Collect$$libinit$$00000017)
    __rt_lib_init_lc_time_1                  0x0800016b   Thumb Code     0  libinit2.o(.ARM.Collect$$libinit$$00000019)
    __rt_lib_init_rand_1                     0x0800016b   Thumb Code     0  libinit2.o(.ARM.Collect$$libinit$$0000000E)
    __rt_lib_init_return                     0x0800016b   Thumb Code     0  libinit2.o(.ARM.Collect$$libinit$$00000033)
    __rt_lib_init_signal_1                   0x0800016b   Thumb Code     0  libinit2.o(.ARM.Collect$$libinit$$0000001D)
    __rt_lib_init_stdio_1                    0x0800016b   Thumb Code     0  libinit2.o(.ARM.Collect$$libinit$$00000025)
    __rt_lib_init_user_alloc_1               0x0800016b   Thumb Code     0  libinit2.o(.ARM.Collect$$libinit$$0000000C)
    __rt_lib_shutdown                        0x0800016d   Thumb Code     0  libshutdown.o(.ARM.Collect$$libshutdown$$00000000)
    __rt_lib_shutdown_cpp_1                  0x0800016f   Thumb Code     0  libshutdown2.o(.ARM.Collect$$libshutdown$$00000002)
    __rt_lib_shutdown_fp_trap_1              0x0800016f   Thumb Code     0  libshutdown2.o(.ARM.Collect$$libshutdown$$00000007)
    __rt_lib_shutdown_heap_1                 0x0800016f   Thumb Code     0  libshutdown2.o(.ARM.Collect$$libshutdown$$0000000F)
    __rt_lib_shutdown_return                 0x0800016f   Thumb Code     0  libshutdown2.o(.ARM.Collect$$libshutdown$$00000010)
    __rt_lib_shutdown_signal_1               0x0800016f   Thumb Code     0  libshutdown2.o(.ARM.Collect$$libshutdown$$0000000A)
    __rt_lib_shutdown_stdio_1                0x0800016f   Thumb Code     0  libshutdown2.o(.ARM.Collect$$libshutdown$$00000004)
    __rt_lib_shutdown_user_alloc_1           0x0800016f   Thumb Code     0  libshutdown2.o(.ARM.Collect$$libshutdown$$0000000C)
    __rt_entry                               0x08000171   Thumb Code     0  __rtentry.o(.ARM.Collect$$rtentry$$00000000)
    __rt_entry_presh_1                       0x08000171   Thumb Code     0  __rtentry2.o(.ARM.Collect$$rtentry$$00000002)
    __rt_entry_sh                            0x08000171   Thumb Code     0  __rtentry4.o(.ARM.Collect$$rtentry$$00000004)
    __rt_entry_li                            0x08000177   Thumb Code     0  __rtentry2.o(.ARM.Collect$$rtentry$$0000000A)
    __rt_entry_postsh_1                      0x08000177   Thumb Code     0  __rtentry2.o(.ARM.Collect$$rtentry$$00000009)
    __rt_entry_main                          0x0800017b   Thumb Code     0  __rtentry2.o(.ARM.Collect$$rtentry$$0000000D)
    __rt_entry_postli_1                      0x0800017b   Thumb Code     0  __rtentry2.o(.ARM.Collect$$rtentry$$0000000C)
    __rt_exit                                0x08000183   Thumb Code     0  rtexit.o(.ARM.Collect$$rtexit$$00000000)
    __rt_exit_ls                             0x08000185   Thumb Code     0  rtexit2.o(.ARM.Collect$$rtexit$$00000003)
    __rt_exit_prels_1                        0x08000185   Thumb Code     0  rtexit2.o(.ARM.Collect$$rtexit$$00000002)
    __rt_exit_exit                           0x08000189   Thumb Code     0  rtexit2.o(.ARM.Collect$$rtexit$$00000004)
    SVC_Handler                              0x08000191   Thumb Code    32  port.o(.emb_text)
    __asm___6_port_c_39a90d8d__prvStartFirstTask 0x080001b5   Thumb Code    28  port.o(.emb_text)
    PendSV_Handler                           0x080001d5   Thumb Code    72  port.o(.emb_text)
    vPortGetIPSR                             0x08000221   Thumb Code     6  port.o(.emb_text)
    Reset_Handler                            0x08000229   Thumb Code     8  startup_stm32f103xb.o(.text)
    _maybe_terminate_alloc                   0x08000229   Thumb Code     0  maybetermalloc1.o(.emb_text)
    ADC1_2_IRQHandler                        0x08000243   Thumb Code     0  startup_stm32f103xb.o(.text)
    CAN1_RX1_IRQHandler                      0x08000243   Thumb Code     0  startup_stm32f103xb.o(.text)
    CAN1_SCE_IRQHandler                      0x08000243   Thumb Code     0  startup_stm32f103xb.o(.text)
    DMA1_Channel1_IRQHandler                 0x08000243   Thumb Code     0  startup_stm32f103xb.o(.text)
    DMA1_Channel2_IRQHandler                 0x08000243   Thumb Code     0  startup_stm32f103xb.o(.text)
    DMA1_Channel3_IRQHandler                 0x08000243   Thumb Code     0  startup_stm32f103xb.o(.text)
    DMA1_Channel4_IRQHandler                 0x08000243   Thumb Code     0  startup_stm32f103xb.o(.text)
    DMA1_Channel5_IRQHandler                 0x08000243   Thumb Code     0  startup_stm32f103xb.o(.text)
    DMA1_Channel6_IRQHandler                 0x08000243   Thumb Code     0  startup_stm32f103xb.o(.text)
    DMA1_Channel7_IRQHandler                 0x08000243   Thumb Code     0  startup_stm32f103xb.o(.text)
    EXTI0_IRQHandler                         0x08000243   Thumb Code     0  startup_stm32f103xb.o(.text)
    EXTI15_10_IRQHandler                     0x08000243   Thumb Code     0  startup_stm32f103xb.o(.text)
    EXTI1_IRQHandler                         0x08000243   Thumb Code     0  startup_stm32f103xb.o(.text)
    EXTI2_IRQHandler                         0x08000243   Thumb Code     0  startup_stm32f103xb.o(.text)
    EXTI3_IRQHandler                         0x08000243   Thumb Code     0  startup_stm32f103xb.o(.text)
    EXTI4_IRQHandler                         0x08000243   Thumb Code     0  startup_stm32f103xb.o(.text)
    EXTI9_5_IRQHandler                       0x08000243   Thumb Code     0  startup_stm32f103xb.o(.text)
    FLASH_IRQHandler                         0x08000243   Thumb Code     0  startup_stm32f103xb.o(.text)
    I2C1_ER_IRQHandler                       0x08000243   Thumb Code     0  startup_stm32f103xb.o(.text)
    I2C1_EV_IRQHandler                       0x08000243   Thumb Code     0  startup_stm32f103xb.o(.text)
    I2C2_ER_IRQHandler                       0x08000243   Thumb Code     0  startup_stm32f103xb.o(.text)
    I2C2_EV_IRQHandler                       0x08000243   Thumb Code     0  startup_stm32f103xb.o(.text)
    PVD_IRQHandler                           0x08000243   Thumb Code     0  startup_stm32f103xb.o(.text)
    RCC_IRQHandler                           0x08000243   Thumb Code     0  startup_stm32f103xb.o(.text)
    RTC_Alarm_IRQHandler                     0x08000243   Thumb Code     0  startup_stm32f103xb.o(.text)
    RTC_IRQHandler                           0x08000243   Thumb Code     0  startup_stm32f103xb.o(.text)
    SPI1_IRQHandler                          0x08000243   Thumb Code     0  startup_stm32f103xb.o(.text)
    SPI2_IRQHandler                          0x08000243   Thumb Code     0  startup_stm32f103xb.o(.text)
    TAMPER_IRQHandler                        0x08000243   Thumb Code     0  startup_stm32f103xb.o(.text)
    TIM1_BRK_IRQHandler                      0x08000243   Thumb Code     0  startup_stm32f103xb.o(.text)
    TIM1_CC_IRQHandler                       0x08000243   Thumb Code     0  startup_stm32f103xb.o(.text)
    TIM1_TRG_COM_IRQHandler                  0x08000243   Thumb Code     0  startup_stm32f103xb.o(.text)
    TIM1_UP_IRQHandler                       0x08000243   Thumb Code     0  startup_stm32f103xb.o(.text)
    TIM3_IRQHandler                          0x08000243   Thumb Code     0  startup_stm32f103xb.o(.text)
    TIM4_IRQHandler                          0x08000243   Thumb Code     0  startup_stm32f103xb.o(.text)
    USART1_IRQHandler                        0x08000243   Thumb Code     0  startup_stm32f103xb.o(.text)
    USART2_IRQHandler                        0x08000243   Thumb Code     0  startup_stm32f103xb.o(.text)
    USART3_IRQHandler                        0x08000243   Thumb Code     0  startup_stm32f103xb.o(.text)
    USBWakeUp_IRQHandler                     0x08000243   Thumb Code     0  startup_stm32f103xb.o(.text)
    USB_HP_CAN1_TX_IRQHandler                0x08000243   Thumb Code     0  startup_stm32f103xb.o(.text)
    USB_LP_CAN1_RX0_IRQHandler               0x08000243   Thumb Code     0  startup_stm32f103xb.o(.text)
    WWDG_IRQHandler                          0x08000243   Thumb Code     0  startup_stm32f103xb.o(.text)
    __user_initial_stackheap                 0x08000245   Thumb Code     0  startup_stm32f103xb.o(.text)
    malloc                                   0x08000269   Thumb Code    94  h1_alloc.o(.text)
    free                                     0x080002c7   Thumb Code    78  h1_free.o(.text)
    strlen                                   0x08000315   Thumb Code    62  strlen.o(.text)
    __aeabi_memcpy4                          0x08000353   Thumb Code     0  rt_memcpy_w.o(.text)
    __aeabi_memcpy8                          0x08000353   Thumb Code     0  rt_memcpy_w.o(.text)
    __rt_memcpy_w                            0x08000353   Thumb Code   100  rt_memcpy_w.o(.text)
    _memcpy_lastbytes_aligned                0x0800039b   Thumb Code     0  rt_memcpy_w.o(.text)
    __aeabi_memclr4                          0x080003b7   Thumb Code     0  rt_memclr_w.o(.text)
    __aeabi_memclr8                          0x080003b7   Thumb Code     0  rt_memclr_w.o(.text)
    __rt_memclr_w                            0x080003b7   Thumb Code    78  rt_memclr_w.o(.text)
    _memset_w                                0x080003bb   Thumb Code     0  rt_memclr_w.o(.text)
    localtime                                0x08000405   Thumb Code     6  localtime.o(.text)
    mktime                                   0x0800044f   Thumb Code   356  mktime.o(.text)
    __use_two_region_memory                  0x080005bd   Thumb Code     2  heapauxi.o(.text)
    __rt_heap_escrow                         0x080005bf   Thumb Code     2  heapauxi.o(.text)
    __rt_heap_expand                         0x080005c1   Thumb Code     2  heapauxi.o(.text)
    __rt_heap_descriptor                     0x080005c5   Thumb Code     8  rt_heap_descriptor_intlibspace.o(.text)
    __use_no_heap                            0x080005cd   Thumb Code     2  hguard.o(.text)
    __heap$guard                             0x080005cf   Thumb Code     2  hguard.o(.text)
    _terminate_user_alloc                    0x080005d1   Thumb Code     2  init_alloc.o(.text)
    _init_user_alloc                         0x080005d3   Thumb Code     2  init_alloc.o(.text)
    __Heap_Full                              0x080005d5   Thumb Code    34  init_alloc.o(.text)
    __Heap_Broken                            0x080005f7   Thumb Code     6  init_alloc.o(.text)
    _init_alloc                              0x080005fd   Thumb Code    94  init_alloc.o(.text)
    __Heap_Initialize                        0x0800065b   Thumb Code    10  h1_init.o(.text)
    __Heap_DescSize                          0x08000665   Thumb Code     4  h1_init.o(.text)
    _localtime_r                             0x08000669   Thumb Code   178  localtime_internal.o(.text)
    _n$localtime_r                           0x08000669   Thumb Code     0  localtime_internal.o(.text)
    __user_libspace                          0x08000721   Thumb Code     8  libspace.o(.text)
    __user_perproc_libspace                  0x08000721   Thumb Code     0  libspace.o(.text)
    __user_perthread_libspace                0x08000721   Thumb Code     0  libspace.o(.text)
    __Heap_ProvideMemory                     0x08000729   Thumb Code    52  h1_extend.o(.text)
    __rt_SIGRTMEM                            0x0800075d   Thumb Code    14  defsig_rtmem_outer.o(.text)
    __I$use$semihosting                      0x0800076b   Thumb Code     0  use_no_semi.o(.text)
    __use_no_semihosting_swi                 0x0800076b   Thumb Code     2  use_no_semi.o(.text)
    __semihosting_library_function           0x0800076d   Thumb Code     0  indicate_semi.o(.text)
    __user_setup_stackheap                   0x0800076d   Thumb Code    74  sys_stackheap_outer.o(.text)
    exit                                     0x080007b7   Thumb Code    18  exit.o(.text)
    __sig_exit                               0x080007c9   Thumb Code    10  defsig_exit.o(.text)
    __rt_SIGRTMEM_inner                      0x080007d5   Thumb Code    22  defsig_rtmem_inner.o(.text)
    _sys_exit                                0x08000825   Thumb Code     8  sys_exit.o(.text)
    __default_signal_display                 0x08000831   Thumb Code    50  defsig_general.o(.text)
    _ttywrch                                 0x08000863   Thumb Code    14  sys_wrch.o(.text)
    BusFault_Handler                         0x08000871   Thumb Code     4  stm32f1xx_it.o(i.BusFault_Handler)
    Clock_Task_Init                          0x08000875   Thumb Code    24  clock.o(i.Clock_Task_Init)
    DebugMon_Handler                         0x080008a1   Thumb Code     2  stm32f1xx_it.o(i.DebugMon_Handler)
    Error_Handler                            0x080008a3   Thumb Code     6  main.o(i.Error_Handler)
    HAL_GPIO_Init                            0x080008a9   Thumb Code   750  stm32f1xx_hal_gpio.o(i.HAL_GPIO_Init)
    HAL_GPIO_ReadPin                         0x08000bb5   Thumb Code    16  stm32f1xx_hal_gpio.o(i.HAL_GPIO_ReadPin)
    HAL_GPIO_TogglePin                       0x08000bc5   Thumb Code    20  stm32f1xx_hal_gpio.o(i.HAL_GPIO_TogglePin)
    HAL_GPIO_WritePin                        0x08000bd9   Thumb Code    12  stm32f1xx_hal_gpio.o(i.HAL_GPIO_WritePin)
    HAL_GetTick                              0x08000be5   Thumb Code     6  stm32f1xx_hal.o(i.HAL_GetTick)
    HAL_IncTick                              0x08000bf1   Thumb Code    16  stm32f1xx_hal.o(i.HAL_IncTick)
    HAL_Init                                 0x08000c09   Thumb Code    34  stm32f1xx_hal.o(i.HAL_Init)
    HAL_InitTick                             0x08000c31   Thumb Code   160  stm32f1xx_hal_timebase_tim.o(i.HAL_InitTick)
    HAL_MspInit                              0x08000ce1   Thumb Code    76  stm32f1xx_hal_msp.o(i.HAL_MspInit)
    HAL_NVIC_EnableIRQ                       0x08000d35   Thumb Code    32  stm32f1xx_hal_cortex.o(i.HAL_NVIC_EnableIRQ)
    HAL_NVIC_SetPriority                     0x08000d55   Thumb Code   124  stm32f1xx_hal_cortex.o(i.HAL_NVIC_SetPriority)
    HAL_NVIC_SetPriorityGrouping             0x08000dd1   Thumb Code    32  stm32f1xx_hal_cortex.o(i.HAL_NVIC_SetPriorityGrouping)
    HAL_PWR_EnableBkUpAccess                 0x08000df9   Thumb Code     8  stm32f1xx_hal_pwr.o(i.HAL_PWR_EnableBkUpAccess)
    HAL_RCCEx_GetPeriphCLKFreq               0x08000e05   Thumb Code   232  stm32f1xx_hal_rcc_ex.o(i.HAL_RCCEx_GetPeriphCLKFreq)
    HAL_RCCEx_PeriphCLKConfig                0x08000f01   Thumb Code   290  stm32f1xx_hal_rcc_ex.o(i.HAL_RCCEx_PeriphCLKConfig)
    HAL_RCC_ClockConfig                      0x08001031   Thumb Code   376  stm32f1xx_hal_rcc.o(i.HAL_RCC_ClockConfig)
    HAL_RCC_GetClockConfig                   0x080011bd   Thumb Code    58  stm32f1xx_hal_rcc.o(i.HAL_RCC_GetClockConfig)
    HAL_RCC_GetHCLKFreq                      0x08001201   Thumb Code     6  stm32f1xx_hal_rcc.o(i.HAL_RCC_GetHCLKFreq)
    HAL_RCC_GetPCLK1Freq                     0x0800120d   Thumb Code    22  stm32f1xx_hal_rcc.o(i.HAL_RCC_GetPCLK1Freq)
    HAL_RCC_GetPCLK2Freq                     0x0800122d   Thumb Code    22  stm32f1xx_hal_rcc.o(i.HAL_RCC_GetPCLK2Freq)
    HAL_RCC_GetSysClockFreq                  0x0800124d   Thumb Code    92  stm32f1xx_hal_rcc.o(i.HAL_RCC_GetSysClockFreq)
    HAL_RCC_OscConfig                        0x080012bd   Thumb Code  1114  stm32f1xx_hal_rcc.o(i.HAL_RCC_OscConfig)
    HAL_RTCEx_BKUPRead                       0x08001721   Thumb Code    20  stm32f1xx_hal_rtc_ex.o(i.HAL_RTCEx_BKUPRead)
    HAL_RTCEx_BKUPWrite                      0x08001739   Thumb Code    18  stm32f1xx_hal_rtc_ex.o(i.HAL_RTCEx_BKUPWrite)
    HAL_RTC_GetDate                          0x08001751   Thumb Code    82  stm32f1xx_hal_rtc.o(i.HAL_RTC_GetDate)
    HAL_RTC_GetTime                          0x080017a3   Thumb Code   260  stm32f1xx_hal_rtc.o(i.HAL_RTC_GetTime)
    HAL_RTC_Init                             0x080018a9   Thumb Code   188  stm32f1xx_hal_rtc.o(i.HAL_RTC_Init)
    HAL_RTC_MspInit                          0x08001969   Thumb Code    52  rtc.o(i.HAL_RTC_MspInit)
    HAL_RTC_SetDate                          0x080019a9   Thumb Code   242  stm32f1xx_hal_rtc.o(i.HAL_RTC_SetDate)
    HAL_RTC_SetTime                          0x08001aa1   Thumb Code   214  stm32f1xx_hal_rtc.o(i.HAL_RTC_SetTime)
    HAL_RTC_WaitForSynchro                   0x08001b7d   Thumb Code    64  stm32f1xx_hal_rtc.o(i.HAL_RTC_WaitForSynchro)
    HAL_TIMEx_BreakCallback                  0x08001bbd   Thumb Code     2  stm32f1xx_hal_tim_ex.o(i.HAL_TIMEx_BreakCallback)
    HAL_TIMEx_CommutCallback                 0x08001bbf   Thumb Code     2  stm32f1xx_hal_tim_ex.o(i.HAL_TIMEx_CommutCallback)
    HAL_TIM_Base_Init                        0x08001bc1   Thumb Code   102  stm32f1xx_hal_tim.o(i.HAL_TIM_Base_Init)
    HAL_TIM_Base_MspInit                     0x08001c27   Thumb Code     2  stm32f1xx_hal_tim.o(i.HAL_TIM_Base_MspInit)
    HAL_TIM_Base_Start_IT                    0x08001c29   Thumb Code    98  stm32f1xx_hal_tim.o(i.HAL_TIM_Base_Start_IT)
    HAL_TIM_IC_CaptureCallback               0x08001c95   Thumb Code     2  stm32f1xx_hal_tim.o(i.HAL_TIM_IC_CaptureCallback)
    HAL_TIM_IRQHandler                       0x08001c97   Thumb Code   364  stm32f1xx_hal_tim.o(i.HAL_TIM_IRQHandler)
    HAL_TIM_OC_DelayElapsedCallback          0x08001e03   Thumb Code     2  stm32f1xx_hal_tim.o(i.HAL_TIM_OC_DelayElapsedCallback)
    HAL_TIM_PWM_PulseFinishedCallback        0x08001e05   Thumb Code     2  stm32f1xx_hal_tim.o(i.HAL_TIM_PWM_PulseFinishedCallback)
    HAL_TIM_PeriodElapsedCallback            0x08001e07   Thumb Code    18  main.o(i.HAL_TIM_PeriodElapsedCallback)
    HAL_TIM_TriggerCallback                  0x08001e19   Thumb Code     2  stm32f1xx_hal_tim.o(i.HAL_TIM_TriggerCallback)
    HardFault_Handler                        0x08001e1b   Thumb Code     4  stm32f1xx_it.o(i.HardFault_Handler)
    MX_GPIO_Init                             0x08001e21   Thumb Code   198  gpio.o(i.MX_GPIO_Init)
    MX_RTC_Init                              0x08001ef5   Thumb Code   350  rtc.o(i.MX_RTC_Init)
    MemManage_Handler                        0x08002061   Thumb Code     4  stm32f1xx_it.o(i.MemManage_Handler)
    MyI2C_Init                               0x08002065   Thumb Code    16  myi2c_hal.o(i.MyI2C_Init)
    MyI2C_R_SDA                              0x08002075   Thumb Code    14  myi2c_hal.o(i.MyI2C_R_SDA)
    MyI2C_ReceiveAck                         0x08002089   Thumb Code    30  myi2c_hal.o(i.MyI2C_ReceiveAck)
    MyI2C_SendByte                           0x080020a7   Thumb Code    50  myi2c_hal.o(i.MyI2C_SendByte)
    MyI2C_Start                              0x080020d9   Thumb Code    28  myi2c_hal.o(i.MyI2C_Start)
    MyI2C_Stop                               0x080020f5   Thumb Code    22  myi2c_hal.o(i.MyI2C_Stop)
    MyI2C_W_SCL                              0x0800210d   Thumb Code    18  myi2c_hal.o(i.MyI2C_W_SCL)
    MyI2C_W_SDA                              0x08002125   Thumb Code    18  myi2c_hal.o(i.MyI2C_W_SDA)
    MyRTC_ReadTime                           0x0800213d   Thumb Code   132  myrtc.o(i.MyRTC_ReadTime)
    NMI_Handler                              0x080021c9   Thumb Code     4  stm32f1xx_it.o(i.NMI_Handler)
    OLED_Clear                               0x080021cd   Thumb Code    36  oled.o(i.OLED_Clear)
    OLED_ClearArea                           0x080021f5   Thumb Code   124  oled.o(i.OLED_ClearArea)
    OLED_DrawPoint                           0x08002275   Thumb Code    42  oled.o(i.OLED_DrawPoint)
    OLED_DrawRectangle                       0x080022a5   Thumb Code   120  oled.o(i.OLED_DrawRectangle)
    OLED_FillArea                            0x0800231d   Thumb Code   220  oled.o(i.OLED_FillArea)
    OLED_Init                                0x080023fd   Thumb Code   146  oled.o(i.OLED_Init)
    OLED_SetCursor                           0x0800248f   Thumb Code    34  oled.o(i.OLED_SetCursor)
    OLED_ShowChar                            0x080024b1   Thumb Code    74  oled.o(i.OLED_ShowChar)
    OLED_ShowImage                           0x08002505   Thumb Code   262  oled.o(i.OLED_ShowImage)
    OLED_ShowNum                             0x08002611   Thumb Code    90  oled.o(i.OLED_ShowNum)
    OLED_ShowString                          0x0800266b   Thumb Code    46  oled.o(i.OLED_ShowString)
    OLED_ShowString_Center                   0x08002699   Thumb Code    50  oled.o(i.OLED_ShowString_Center)
    OLED_Update                              0x080026cd   Thumb Code    36  oled.o(i.OLED_Update)
    OLED_WriteCommand                        0x080026f5   Thumb Code    44  oled.o(i.OLED_WriteCommand)
    OLED_WriteData                           0x08002721   Thumb Code    58  oled.o(i.OLED_WriteData)
    SysTick_Handler                          0x08002a3d   Thumb Code    16  stm32f1xx_it.o(i.SysTick_Handler)
    SystemClock_Config                       0x08002a4d   Thumb Code   136  main.o(i.SystemClock_Config)
    SystemInit                               0x08002ad5   Thumb Code     2  system_stm32f1xx.o(i.SystemInit)
    TIM2_IRQHandler                          0x08002ad9   Thumb Code    10  stm32f1xx_it.o(i.TIM2_IRQHandler)
    TIM_Base_SetConfig                       0x08002ae9   Thumb Code   108  stm32f1xx_hal_tim.o(i.TIM_Base_SetConfig)
    Task_RTC_Display                         0x08002b5d   Thumb Code   222  clock.o(i.Task_RTC_Display)
    UsageFault_Handler                       0x08002c59   Thumb Code     4  stm32f1xx_it.o(i.UsageFault_Handler)
    main                                     0x08002c95   Thumb Code    84  main.o(i.main)
    pvPortMalloc                             0x08003201   Thumb Code   234  heap_4.o(i.pvPortMalloc)
    pxPortInitialiseStack                    0x08003301   Thumb Code    30  port.o(i.pxPortInitialiseStack)
    uxListRemove                             0x08003325   Thumb Code    40  list.o(i.uxListRemove)
    vAnimation_LoadingBar                    0x0800334d   Thumb Code   202  startup_animation.o(i.vAnimation_LoadingBar)
    vAnimation_Typewriter                    0x08003421   Thumb Code    90  startup_animation.o(i.vAnimation_Typewriter)
    vLEDTask                                 0x08003489   Thumb Code    38  main.o(i.vLEDTask)
    vListInitialise                          0x080034b9   Thumb Code    26  list.o(i.vListInitialise)
    vListInitialiseItem                      0x080034d3   Thumb Code     6  list.o(i.vListInitialiseItem)
    vListInsert                              0x080034d9   Thumb Code    52  list.o(i.vListInsert)
    vListInsertEnd                           0x0800350d   Thumb Code    24  list.o(i.vListInsertEnd)
    vPortEnterCritical                       0x08003525   Thumb Code    30  port.o(i.vPortEnterCritical)
    vPortExitCritical                        0x08003549   Thumb Code    28  port.o(i.vPortExitCritical)
    vPortFree                                0x08003569   Thumb Code    68  heap_4.o(i.vPortFree)
    vPortSetupTimerInterrupt                 0x080035b5   Thumb Code    20  port.o(i.vPortSetupTimerInterrupt)
    vTaskDelay                               0x080035cd   Thumb Code    46  tasks.o(i.vTaskDelay)
    vTaskDelete                              0x08003601   Thumb Code   198  tasks.o(i.vTaskDelete)
    vTaskStartScheduler                      0x080036ed   Thumb Code    60  tasks.o(i.vTaskStartScheduler)
    vTaskStartupAnimation                    0x08003739   Thumb Code    52  startup_animation.o(i.vTaskStartupAnimation)
    vTaskSuspendAll                          0x08003781   Thumb Code    12  tasks.o(i.vTaskSuspendAll)
    vTaskSwitchContext                       0x08003791   Thumb Code    84  tasks.o(i.vTaskSwitchContext)
    xCreateStartupAnimationTask              0x080037f9   Thumb Code    34  startup_animation.o(i.xCreateStartupAnimationTask)
    xPortStartScheduler                      0x0800382d   Thumb Code    42  port.o(i.xPortStartScheduler)
    xPortSysTickHandler                      0x08003861   Thumb Code    46  port.o(i.xPortSysTickHandler)
    xTaskCreate                              0x08003895   Thumb Code    56  tasks.o(i.xTaskCreate)
    xTaskGetSchedulerState                   0x080038cd   Thumb Code    24  tasks.o(i.xTaskGetSchedulerState)
    xTaskIncrementTick                       0x080038ed   Thumb Code   372  tasks.o(i.xTaskIncrementTick)
    xTaskResumeAll                           0x08003a8d   Thumb Code   344  tasks.o(i.xTaskResumeAll)
    AHBPrescTable                            0x08003c2c   Data          16  system_stm32f1xx.o(.constdata)
    APBPrescTable                            0x08003c3c   Data           8  system_stm32f1xx.o(.constdata)
    OLED_F8x16                               0x08003c44   Data        1520  oled_fonts.o(.constdata)
    OLED_F6x8                                0x08004234   Data         570  oled_fonts.o(.constdata)
    OLED_CF16x16                             0x0800446e   Data         180  oled_fonts.o(.constdata)
    _monlen                                  0x08004522   Data          12  _monlen.o(.constdata)
    Region$$Table$$Base                      0x08004530   Number         0  anon$$obj.o(Region$$Table)
    Region$$Table$$Limit                     0x08004550   Number         0  anon$$obj.o(Region$$Table)
    xLEDTaskHandle                           0x20000000   Data           4  main.o(.data)
    uwTick                                   0x20000004   Data           4  stm32f1xx_hal.o(.data)
    uwTickPrio                               0x20000008   Data           4  stm32f1xx_hal.o(.data)
    uwTickFreq                               0x2000000c   Data           1  stm32f1xx_hal.o(.data)
    SystemCoreClock                          0x20000010   Data           4  system_stm32f1xx.o(.data)
    pxCurrentTCB                             0x20000014   Data           4  tasks.o(.data)
    xAnimationCompleted                      0x20000074   Data           4  startup_animation.o(.data)
    RTC_Display_Handle                       0x20000078   Data           4  clock.o(.data)
    hrtc                                     0x2000007c   Data          20  rtc.o(.bss)
    htim2                                    0x20000090   Data          72  stm32f1xx_hal_timebase_tim.o(.bss)
    OLED_DisplayBuf                          0x200000d8   Data        1024  oled.o(.bss)
    MyRTC_Time                               0x200004d8   Data          12  myrtc.o(.bss)
    __libspace_start                         0x200015d8   Data          96  libspace.o(.bss)
    __temporary_stack_top$libspace           0x20001638   Data           0  libspace.o(.bss)



==============================================================================

Memory Map of the image

  Image Entry point : 0x080000ed

  Load Region LR_IROM1 (Base: 0x08000000, Size: 0x000045cc, Max: 0x00008000, ABSOLUTE)

    Execution Region ER_IROM1 (Exec base: 0x08000000, Load base: 0x08000000, Size: 0x00004550, Max: 0x00008000, ABSOLUTE)

    Exec Addr    Load Addr    Size         Type   Attr      Idx    E Section Name        Object

    0x08000000   0x08000000   0x000000ec   Data   RO            3    RESET               startup_stm32f103xb.o
    0x080000ec   0x080000ec   0x00000008   Code   RO         4276  * !!!main             c_w.l(__main.o)
    0x080000f4   0x080000f4   0x00000034   Code   RO         4513    !!!scatter          c_w.l(__scatter.o)
    0x08000128   0x08000128   0x0000001a   Code   RO         4515    !!handler_copy      c_w.l(__scatter_copy.o)
    0x08000142   0x08000142   0x00000002   PAD
    0x08000144   0x08000144   0x0000001c   Code   RO         4517    !!handler_zi        c_w.l(__scatter_zi.o)
    0x08000160   0x08000160   0x00000002   Code   RO         4452    .ARM.Collect$$libinit$$00000000  c_w.l(libinit.o)
    0x08000162   0x08000162   0x00000000   Code   RO         4336    .ARM.Collect$$libinit$$00000002  c_w.l(libinit2.o)
    0x08000162   0x08000162   0x00000000   Code   RO         4338    .ARM.Collect$$libinit$$00000004  c_w.l(libinit2.o)
    0x08000162   0x08000162   0x00000008   Code   RO         4339    .ARM.Collect$$libinit$$00000005  c_w.l(libinit2.o)
    0x0800016a   0x0800016a   0x00000000   Code   RO         4341    .ARM.Collect$$libinit$$0000000A  c_w.l(libinit2.o)
    0x0800016a   0x0800016a   0x00000000   Code   RO         4343    .ARM.Collect$$libinit$$0000000C  c_w.l(libinit2.o)
    0x0800016a   0x0800016a   0x00000000   Code   RO         4345    .ARM.Collect$$libinit$$0000000E  c_w.l(libinit2.o)
    0x0800016a   0x0800016a   0x00000000   Code   RO         4348    .ARM.Collect$$libinit$$00000011  c_w.l(libinit2.o)
    0x0800016a   0x0800016a   0x00000000   Code   RO         4350    .ARM.Collect$$libinit$$00000013  c_w.l(libinit2.o)
    0x0800016a   0x0800016a   0x00000000   Code   RO         4352    .ARM.Collect$$libinit$$00000015  c_w.l(libinit2.o)
    0x0800016a   0x0800016a   0x00000000   Code   RO         4354    .ARM.Collect$$libinit$$00000017  c_w.l(libinit2.o)
    0x0800016a   0x0800016a   0x00000000   Code   RO         4356    .ARM.Collect$$libinit$$00000019  c_w.l(libinit2.o)
    0x0800016a   0x0800016a   0x00000000   Code   RO         4358    .ARM.Collect$$libinit$$0000001B  c_w.l(libinit2.o)
    0x0800016a   0x0800016a   0x00000000   Code   RO         4360    .ARM.Collect$$libinit$$0000001D  c_w.l(libinit2.o)
    0x0800016a   0x0800016a   0x00000000   Code   RO         4362    .ARM.Collect$$libinit$$0000001F  c_w.l(libinit2.o)
    0x0800016a   0x0800016a   0x00000000   Code   RO         4364    .ARM.Collect$$libinit$$00000021  c_w.l(libinit2.o)
    0x0800016a   0x0800016a   0x00000000   Code   RO         4366    .ARM.Collect$$libinit$$00000023  c_w.l(libinit2.o)
    0x0800016a   0x0800016a   0x00000000   Code   RO         4368    .ARM.Collect$$libinit$$00000025  c_w.l(libinit2.o)
    0x0800016a   0x0800016a   0x00000000   Code   RO         4372    .ARM.Collect$$libinit$$0000002C  c_w.l(libinit2.o)
    0x0800016a   0x0800016a   0x00000000   Code   RO         4374    .ARM.Collect$$libinit$$0000002E  c_w.l(libinit2.o)
    0x0800016a   0x0800016a   0x00000000   Code   RO         4376    .ARM.Collect$$libinit$$00000030  c_w.l(libinit2.o)
    0x0800016a   0x0800016a   0x00000000   Code   RO         4378    .ARM.Collect$$libinit$$00000032  c_w.l(libinit2.o)
    0x0800016a   0x0800016a   0x00000002   Code   RO         4379    .ARM.Collect$$libinit$$00000033  c_w.l(libinit2.o)
    0x0800016c   0x0800016c   0x00000002   Code   RO         4510    .ARM.Collect$$libshutdown$$00000000  c_w.l(libshutdown.o)
    0x0800016e   0x0800016e   0x00000000   Code   RO         4466    .ARM.Collect$$libshutdown$$00000002  c_w.l(libshutdown2.o)
    0x0800016e   0x0800016e   0x00000000   Code   RO         4468    .ARM.Collect$$libshutdown$$00000004  c_w.l(libshutdown2.o)
    0x0800016e   0x0800016e   0x00000000   Code   RO         4471    .ARM.Collect$$libshutdown$$00000007  c_w.l(libshutdown2.o)
    0x0800016e   0x0800016e   0x00000000   Code   RO         4474    .ARM.Collect$$libshutdown$$0000000A  c_w.l(libshutdown2.o)
    0x0800016e   0x0800016e   0x00000000   Code   RO         4476    .ARM.Collect$$libshutdown$$0000000C  c_w.l(libshutdown2.o)
    0x0800016e   0x0800016e   0x00000000   Code   RO         4479    .ARM.Collect$$libshutdown$$0000000F  c_w.l(libshutdown2.o)
    0x0800016e   0x0800016e   0x00000002   Code   RO         4480    .ARM.Collect$$libshutdown$$00000010  c_w.l(libshutdown2.o)
    0x08000170   0x08000170   0x00000000   Code   RO         4304    .ARM.Collect$$rtentry$$00000000  c_w.l(__rtentry.o)
    0x08000170   0x08000170   0x00000000   Code   RO         4395    .ARM.Collect$$rtentry$$00000002  c_w.l(__rtentry2.o)
    0x08000170   0x08000170   0x00000006   Code   RO         4407    .ARM.Collect$$rtentry$$00000004  c_w.l(__rtentry4.o)
    0x08000176   0x08000176   0x00000000   Code   RO         4397    .ARM.Collect$$rtentry$$00000009  c_w.l(__rtentry2.o)
    0x08000176   0x08000176   0x00000004   Code   RO         4398    .ARM.Collect$$rtentry$$0000000A  c_w.l(__rtentry2.o)
    0x0800017a   0x0800017a   0x00000000   Code   RO         4400    .ARM.Collect$$rtentry$$0000000C  c_w.l(__rtentry2.o)
    0x0800017a   0x0800017a   0x00000008   Code   RO         4401    .ARM.Collect$$rtentry$$0000000D  c_w.l(__rtentry2.o)
    0x08000182   0x08000182   0x00000002   Code   RO         4455    .ARM.Collect$$rtexit$$00000000  c_w.l(rtexit.o)
    0x08000184   0x08000184   0x00000000   Code   RO         4484    .ARM.Collect$$rtexit$$00000002  c_w.l(rtexit2.o)
    0x08000184   0x08000184   0x00000004   Code   RO         4485    .ARM.Collect$$rtexit$$00000003  c_w.l(rtexit2.o)
    0x08000188   0x08000188   0x00000006   Code   RO         4486    .ARM.Collect$$rtexit$$00000004  c_w.l(rtexit2.o)
    0x0800018e   0x0800018e   0x00000002   PAD
    0x08000190   0x08000190   0x00000096   Code   RO         4027    .emb_text           port.o
    0x08000226   0x08000226   0x00000002   PAD
    0x08000228   0x08000228   0x00000000   Code   RO         4411    .emb_text           c_w.l(maybetermalloc1.o)
    0x08000228   0x08000228   0x00000040   Code   RO            4    .text               startup_stm32f103xb.o
    0x08000268   0x08000268   0x0000005e   Code   RO         4197    .text               c_w.l(h1_alloc.o)
    0x080002c6   0x080002c6   0x0000004e   Code   RO         4199    .text               c_w.l(h1_free.o)
    0x08000314   0x08000314   0x0000003e   Code   RO         4257    .text               c_w.l(strlen.o)
    0x08000352   0x08000352   0x00000064   Code   RO         4261    .text               c_w.l(rt_memcpy_w.o)
    0x080003b6   0x080003b6   0x0000004e   Code   RO         4265    .text               c_w.l(rt_memclr_w.o)
    0x08000404   0x08000404   0x0000000c   Code   RO         4269    .text               c_w.l(localtime.o)
    0x08000410   0x08000410   0x000001ac   Code   RO         4272    .text               c_w.l(mktime.o)
    0x080005bc   0x080005bc   0x00000006   Code   RO         4274    .text               c_w.l(heapauxi.o)
    0x080005c2   0x080005c2   0x00000002   PAD
    0x080005c4   0x080005c4   0x00000008   Code   RO         4308    .text               c_w.l(rt_heap_descriptor_intlibspace.o)
    0x080005cc   0x080005cc   0x00000004   Code   RO         4310    .text               c_w.l(hguard.o)
    0x080005d0   0x080005d0   0x0000008a   Code   RO         4312    .text               c_w.l(init_alloc.o)
    0x0800065a   0x0800065a   0x0000000e   Code   RO         4316    .text               c_w.l(h1_init.o)
    0x08000668   0x08000668   0x000000b8   Code   RO         4331    .text               c_w.l(localtime_internal.o)
    0x08000720   0x08000720   0x00000008   Code   RO         4391    .text               c_w.l(libspace.o)
    0x08000728   0x08000728   0x00000034   Code   RO         4413    .text               c_w.l(h1_extend.o)
    0x0800075c   0x0800075c   0x0000000e   Code   RO         4417    .text               c_w.l(defsig_rtmem_outer.o)
    0x0800076a   0x0800076a   0x00000002   Code   RO         4428    .text               c_w.l(use_no_semi.o)
    0x0800076c   0x0800076c   0x00000000   Code   RO         4430    .text               c_w.l(indicate_semi.o)
    0x0800076c   0x0800076c   0x0000004a   Code   RO         4431    .text               c_w.l(sys_stackheap_outer.o)
    0x080007b6   0x080007b6   0x00000012   Code   RO         4437    .text               c_w.l(exit.o)
    0x080007c8   0x080007c8   0x0000000a   Code   RO         4439    .text               c_w.l(defsig_exit.o)
    0x080007d2   0x080007d2   0x00000002   PAD
    0x080007d4   0x080007d4   0x00000050   Code   RO         4441    .text               c_w.l(defsig_rtmem_inner.o)
    0x08000824   0x08000824   0x0000000c   Code   RO         4453    .text               c_w.l(sys_exit.o)
    0x08000830   0x08000830   0x00000032   Code   RO         4463    .text               c_w.l(defsig_general.o)
    0x08000862   0x08000862   0x0000000e   Code   RO         4481    .text               c_w.l(sys_wrch.o)
    0x08000870   0x08000870   0x00000004   Code   RO          354    i.BusFault_Handler  stm32f1xx_it.o
    0x08000874   0x08000874   0x0000002c   Code   RO         4153    i.Clock_Task_Init   clock.o
    0x080008a0   0x080008a0   0x00000002   Code   RO          355    i.DebugMon_Handler  stm32f1xx_it.o
    0x080008a2   0x080008a2   0x00000006   Code   RO           13    i.Error_Handler     main.o
    0x080008a8   0x080008a8   0x0000030c   Code   RO         2106    i.HAL_GPIO_Init     stm32f1xx_hal_gpio.o
    0x08000bb4   0x08000bb4   0x00000010   Code   RO         2108    i.HAL_GPIO_ReadPin  stm32f1xx_hal_gpio.o
    0x08000bc4   0x08000bc4   0x00000014   Code   RO         2109    i.HAL_GPIO_TogglePin  stm32f1xx_hal_gpio.o
    0x08000bd8   0x08000bd8   0x0000000c   Code   RO         2110    i.HAL_GPIO_WritePin  stm32f1xx_hal_gpio.o
    0x08000be4   0x08000be4   0x0000000c   Code   RO         1795    i.HAL_GetTick       stm32f1xx_hal.o
    0x08000bf0   0x08000bf0   0x00000018   Code   RO         1801    i.HAL_IncTick       stm32f1xx_hal.o
    0x08000c08   0x08000c08   0x00000028   Code   RO         1802    i.HAL_Init          stm32f1xx_hal.o
    0x08000c30   0x08000c30   0x000000b0   Code   RO          448    i.HAL_InitTick      stm32f1xx_hal_timebase_tim.o
    0x08000ce0   0x08000ce0   0x00000054   Code   RO          424    i.HAL_MspInit       stm32f1xx_hal_msp.o
    0x08000d34   0x08000d34   0x00000020   Code   RO         2266    i.HAL_NVIC_EnableIRQ  stm32f1xx_hal_cortex.o
    0x08000d54   0x08000d54   0x0000007c   Code   RO         2272    i.HAL_NVIC_SetPriority  stm32f1xx_hal_cortex.o
    0x08000dd0   0x08000dd0   0x00000028   Code   RO         2273    i.HAL_NVIC_SetPriorityGrouping  stm32f1xx_hal_cortex.o
    0x08000df8   0x08000df8   0x0000000c   Code   RO         2393    i.HAL_PWR_EnableBkUpAccess  stm32f1xx_hal_pwr.o
    0x08000e04   0x08000e04   0x000000fc   Code   RO         2067    i.HAL_RCCEx_GetPeriphCLKFreq  stm32f1xx_hal_rcc_ex.o
    0x08000f00   0x08000f00   0x00000130   Code   RO         2068    i.HAL_RCCEx_PeriphCLKConfig  stm32f1xx_hal_rcc_ex.o
    0x08001030   0x08001030   0x0000018c   Code   RO         1959    i.HAL_RCC_ClockConfig  stm32f1xx_hal_rcc.o
    0x080011bc   0x080011bc   0x00000044   Code   RO         1963    i.HAL_RCC_GetClockConfig  stm32f1xx_hal_rcc.o
    0x08001200   0x08001200   0x0000000c   Code   RO         1964    i.HAL_RCC_GetHCLKFreq  stm32f1xx_hal_rcc.o
    0x0800120c   0x0800120c   0x00000020   Code   RO         1966    i.HAL_RCC_GetPCLK1Freq  stm32f1xx_hal_rcc.o
    0x0800122c   0x0800122c   0x00000020   Code   RO         1967    i.HAL_RCC_GetPCLK2Freq  stm32f1xx_hal_rcc.o
    0x0800124c   0x0800124c   0x00000070   Code   RO         1968    i.HAL_RCC_GetSysClockFreq  stm32f1xx_hal_rcc.o
    0x080012bc   0x080012bc   0x00000464   Code   RO         1971    i.HAL_RCC_OscConfig  stm32f1xx_hal_rcc.o
    0x08001720   0x08001720   0x00000018   Code   RO         1682    i.HAL_RTCEx_BKUPRead  stm32f1xx_hal_rtc_ex.o
    0x08001738   0x08001738   0x00000018   Code   RO         1683    i.HAL_RTCEx_BKUPWrite  stm32f1xx_hal_rtc_ex.o
    0x08001750   0x08001750   0x00000052   Code   RO         1512    i.HAL_RTC_GetDate   stm32f1xx_hal_rtc.o
    0x080017a2   0x080017a2   0x00000104   Code   RO         1514    i.HAL_RTC_GetTime   stm32f1xx_hal_rtc.o
    0x080018a6   0x080018a6   0x00000002   PAD
    0x080018a8   0x080018a8   0x000000c0   Code   RO         1515    i.HAL_RTC_Init      stm32f1xx_hal_rtc.o
    0x08001968   0x08001968   0x00000040   Code   RO          313    i.HAL_RTC_MspInit   rtc.o
    0x080019a8   0x080019a8   0x000000f8   Code   RO         1521    i.HAL_RTC_SetDate   stm32f1xx_hal_rtc.o
    0x08001aa0   0x08001aa0   0x000000dc   Code   RO         1522    i.HAL_RTC_SetTime   stm32f1xx_hal_rtc.o
    0x08001b7c   0x08001b7c   0x00000040   Code   RO         1523    i.HAL_RTC_WaitForSynchro  stm32f1xx_hal_rtc.o
    0x08001bbc   0x08001bbc   0x00000002   Code   RO         1240    i.HAL_TIMEx_BreakCallback  stm32f1xx_hal_tim_ex.o
    0x08001bbe   0x08001bbe   0x00000002   Code   RO         1241    i.HAL_TIMEx_CommutCallback  stm32f1xx_hal_tim_ex.o
    0x08001bc0   0x08001bc0   0x00000066   Code   RO          525    i.HAL_TIM_Base_Init  stm32f1xx_hal_tim.o
    0x08001c26   0x08001c26   0x00000002   Code   RO          527    i.HAL_TIM_Base_MspInit  stm32f1xx_hal_tim.o
    0x08001c28   0x08001c28   0x0000006c   Code   RO          530    i.HAL_TIM_Base_Start_IT  stm32f1xx_hal_tim.o
    0x08001c94   0x08001c94   0x00000002   Code   RO          559    i.HAL_TIM_IC_CaptureCallback  stm32f1xx_hal_tim.o
    0x08001c96   0x08001c96   0x0000016c   Code   RO          573    i.HAL_TIM_IRQHandler  stm32f1xx_hal_tim.o
    0x08001e02   0x08001e02   0x00000002   Code   RO          576    i.HAL_TIM_OC_DelayElapsedCallback  stm32f1xx_hal_tim.o
    0x08001e04   0x08001e04   0x00000002   Code   RO          603    i.HAL_TIM_PWM_PulseFinishedCallback  stm32f1xx_hal_tim.o
    0x08001e06   0x08001e06   0x00000012   Code   RO           14    i.HAL_TIM_PeriodElapsedCallback  main.o
    0x08001e18   0x08001e18   0x00000002   Code   RO          616    i.HAL_TIM_TriggerCallback  stm32f1xx_hal_tim.o
    0x08001e1a   0x08001e1a   0x00000004   Code   RO          356    i.HardFault_Handler  stm32f1xx_it.o
    0x08001e1e   0x08001e1e   0x00000002   PAD
    0x08001e20   0x08001e20   0x000000d4   Code   RO          201    i.MX_GPIO_Init      gpio.o
    0x08001ef4   0x08001ef4   0x0000016c   Code   RO          314    i.MX_RTC_Init       rtc.o
    0x08002060   0x08002060   0x00000004   Code   RO          357    i.MemManage_Handler  stm32f1xx_it.o
    0x08002064   0x08002064   0x00000010   Code   RO         2829    i.MyI2C_Init        myi2c_hal.o
    0x08002074   0x08002074   0x00000014   Code   RO         2830    i.MyI2C_R_SDA       myi2c_hal.o
    0x08002088   0x08002088   0x0000001e   Code   RO         2831    i.MyI2C_ReceiveAck  myi2c_hal.o
    0x080020a6   0x080020a6   0x00000032   Code   RO         2834    i.MyI2C_SendByte    myi2c_hal.o
    0x080020d8   0x080020d8   0x0000001c   Code   RO         2835    i.MyI2C_Start       myi2c_hal.o
    0x080020f4   0x080020f4   0x00000016   Code   RO         2836    i.MyI2C_Stop        myi2c_hal.o
    0x0800210a   0x0800210a   0x00000002   PAD
    0x0800210c   0x0800210c   0x00000018   Code   RO         2837    i.MyI2C_W_SCL       myi2c_hal.o
    0x08002124   0x08002124   0x00000018   Code   RO         2838    i.MyI2C_W_SDA       myi2c_hal.o
    0x0800213c   0x0800213c   0x0000008c   Code   RO         3139    i.MyRTC_ReadTime    myrtc.o
    0x080021c8   0x080021c8   0x00000004   Code   RO          358    i.NMI_Handler       stm32f1xx_it.o
    0x080021cc   0x080021cc   0x00000028   Code   RO         2922    i.OLED_Clear        oled.o
    0x080021f4   0x080021f4   0x00000080   Code   RO         2923    i.OLED_ClearArea    oled.o
    0x08002274   0x08002274   0x00000030   Code   RO         2927    i.OLED_DrawPoint    oled.o
    0x080022a4   0x080022a4   0x00000078   Code   RO         2928    i.OLED_DrawRectangle  oled.o
    0x0800231c   0x0800231c   0x000000e0   Code   RO         2929    i.OLED_FillArea     oled.o
    0x080023fc   0x080023fc   0x00000092   Code   RO         2931    i.OLED_Init         oled.o
    0x0800248e   0x0800248e   0x00000022   Code   RO         2936    i.OLED_SetCursor    oled.o
    0x080024b0   0x080024b0   0x00000054   Code   RO         2938    i.OLED_ShowChar     oled.o
    0x08002504   0x08002504   0x0000010c   Code   RO         2942    i.OLED_ShowImage    oled.o
    0x08002610   0x08002610   0x0000005a   Code   RO         2943    i.OLED_ShowNum      oled.o
    0x0800266a   0x0800266a   0x0000002e   Code   RO         2945    i.OLED_ShowString   oled.o
    0x08002698   0x08002698   0x00000032   Code   RO         2946    i.OLED_ShowString_Center  oled.o
    0x080026ca   0x080026ca   0x00000002   PAD
    0x080026cc   0x080026cc   0x00000028   Code   RO         2948    i.OLED_Update       oled.o
    0x080026f4   0x080026f4   0x0000002c   Code   RO         2949    i.OLED_WriteCommand  oled.o
    0x08002720   0x08002720   0x0000003a   Code   RO         2950    i.OLED_WriteData    oled.o
    0x0800275a   0x0800275a   0x00000002   PAD
    0x0800275c   0x0800275c   0x00000028   Code   RO         1972    i.RCC_Delay         stm32f1xx_hal_rcc.o
    0x08002784   0x08002784   0x00000016   Code   RO         1524    i.RTC_Bcd2ToByte    stm32f1xx_hal_rtc.o
    0x0800279a   0x0800279a   0x0000001a   Code   RO         1525    i.RTC_ByteToBcd2    stm32f1xx_hal_rtc.o
    0x080027b4   0x080027b4   0x000000b6   Code   RO         1526    i.RTC_DateUpdate    stm32f1xx_hal_rtc.o
    0x0800286a   0x0800286a   0x0000003a   Code   RO         1527    i.RTC_EnterInitMode  stm32f1xx_hal_rtc.o
    0x080028a4   0x080028a4   0x0000003a   Code   RO         1528    i.RTC_ExitInitMode  stm32f1xx_hal_rtc.o
    0x080028de   0x080028de   0x00000032   Code   RO         1529    i.RTC_IsLeapYear    stm32f1xx_hal_rtc.o
    0x08002910   0x08002910   0x00000018   Code   RO         1530    i.RTC_ReadAlarmCounter  stm32f1xx_hal_rtc.o
    0x08002928   0x08002928   0x00000034   Code   RO         1531    i.RTC_ReadTimeCounter  stm32f1xx_hal_rtc.o
    0x0800295c   0x0800295c   0x00000084   Code   RO         1532    i.RTC_WeekDayNum    stm32f1xx_hal_rtc.o
    0x080029e0   0x080029e0   0x0000002e   Code   RO         1533    i.RTC_WriteAlarmCounter  stm32f1xx_hal_rtc.o
    0x08002a0e   0x08002a0e   0x0000002e   Code   RO         1534    i.RTC_WriteTimeCounter  stm32f1xx_hal_rtc.o
    0x08002a3c   0x08002a3c   0x00000010   Code   RO          359    i.SysTick_Handler   stm32f1xx_it.o
    0x08002a4c   0x08002a4c   0x00000088   Code   RO           15    i.SystemClock_Config  main.o
    0x08002ad4   0x08002ad4   0x00000002   Code   RO         2793    i.SystemInit        system_stm32f1xx.o
    0x08002ad6   0x08002ad6   0x00000002   PAD
    0x08002ad8   0x08002ad8   0x00000010   Code   RO          360    i.TIM2_IRQHandler   stm32f1xx_it.o
    0x08002ae8   0x08002ae8   0x00000074   Code   RO          618    i.TIM_Base_SetConfig  stm32f1xx_hal_tim.o
    0x08002b5c   0x08002b5c   0x000000fc   Code   RO         4154    i.Task_RTC_Display  clock.o
    0x08002c58   0x08002c58   0x00000004   Code   RO          361    i.UsageFault_Handler  stm32f1xx_it.o
    0x08002c5c   0x08002c5c   0x00000010   Code   RO         2279    i.__NVIC_GetPriorityGrouping  stm32f1xx_hal_cortex.o
    0x08002c6c   0x08002c6c   0x00000028   Code   RO         2280    i.__NVIC_SetPriority  stm32f1xx_hal_cortex.o
    0x08002c94   0x08002c94   0x0000006c   Code   RO           16    i.main              main.o
    0x08002d00   0x08002d00   0x000000cc   Code   RO         3626    i.prvAddCurrentTaskToDelayedList  tasks.o
    0x08002dcc   0x08002dcc   0x000000f0   Code   RO         3627    i.prvAddNewTaskToReadyList  tasks.o
    0x08002ebc   0x08002ebc   0x00000048   Code   RO         3628    i.prvCheckTasksWaitingTermination  tasks.o
    0x08002f04   0x08002f04   0x00000068   Code   RO         3629    i.prvCreateIdleTasks  tasks.o
    0x08002f6c   0x08002f6c   0x0000005a   Code   RO         3630    i.prvCreateTask     tasks.o
    0x08002fc6   0x08002fc6   0x00000012   Code   RO         3631    i.prvDeleteTCB      tasks.o
    0x08002fd8   0x08002fd8   0x0000006c   Code   RO         3960    i.prvHeapInit       heap_4.o
    0x08003044   0x08003044   0x00000028   Code   RO         3632    i.prvIdleTask       tasks.o
    0x0800306c   0x0800306c   0x0000007a   Code   RO         3633    i.prvInitialiseNewTask  tasks.o
    0x080030e6   0x080030e6   0x00000002   PAD
    0x080030e8   0x080030e8   0x00000068   Code   RO         3634    i.prvInitialiseTaskLists  tasks.o
    0x08003150   0x08003150   0x00000068   Code   RO         3961    i.prvInsertBlockIntoFreeList  heap_4.o
    0x080031b8   0x080031b8   0x00000030   Code   RO         3635    i.prvResetNextTaskUnblockTime  tasks.o
    0x080031e8   0x080031e8   0x00000016   Code   RO         4028    i.prvTaskExitError  port.o
    0x080031fe   0x080031fe   0x00000002   PAD
    0x08003200   0x08003200   0x00000100   Code   RO         3963    i.pvPortMalloc      heap_4.o
    0x08003300   0x08003300   0x00000024   Code   RO         4029    i.pxPortInitialiseStack  port.o
    0x08003324   0x08003324   0x00000028   Code   RO         3277    i.uxListRemove      list.o
    0x0800334c   0x0800334c   0x000000d4   Code   RO         4101    i.vAnimation_LoadingBar  startup_animation.o
    0x08003420   0x08003420   0x00000068   Code   RO         4102    i.vAnimation_Typewriter  startup_animation.o
    0x08003488   0x08003488   0x00000030   Code   RO           17    i.vLEDTask          main.o
    0x080034b8   0x080034b8   0x0000001a   Code   RO         3278    i.vListInitialise   list.o
    0x080034d2   0x080034d2   0x00000006   Code   RO         3279    i.vListInitialiseItem  list.o
    0x080034d8   0x080034d8   0x00000034   Code   RO         3280    i.vListInsert       list.o
    0x0800350c   0x0800350c   0x00000018   Code   RO         3281    i.vListInsertEnd    list.o
    0x08003524   0x08003524   0x00000024   Code   RO         4031    i.vPortEnterCritical  port.o
    0x08003548   0x08003548   0x00000020   Code   RO         4032    i.vPortExitCritical  port.o
    0x08003568   0x08003568   0x0000004c   Code   RO         3964    i.vPortFree         heap_4.o
    0x080035b4   0x080035b4   0x00000018   Code   RO         4033    i.vPortSetupTimerInterrupt  port.o
    0x080035cc   0x080035cc   0x00000034   Code   RO         3643    i.vTaskDelay        tasks.o
    0x08003600   0x08003600   0x000000ec   Code   RO         3644    i.vTaskDelete       tasks.o
    0x080036ec   0x080036ec   0x0000004c   Code   RO         3656    i.vTaskStartScheduler  tasks.o
    0x08003738   0x08003738   0x00000048   Code   RO         4103    i.vTaskStartupAnimation  startup_animation.o
    0x08003780   0x08003780   0x00000010   Code   RO         3658    i.vTaskSuspendAll   tasks.o
    0x08003790   0x08003790   0x00000068   Code   RO         3659    i.vTaskSwitchContext  tasks.o
    0x080037f8   0x080037f8   0x00000034   Code   RO         4104    i.xCreateStartupAnimationTask  startup_animation.o
    0x0800382c   0x0800382c   0x00000034   Code   RO         4034    i.xPortStartScheduler  port.o
    0x08003860   0x08003860   0x00000034   Code   RO         4035    i.xPortSysTickHandler  port.o
    0x08003894   0x08003894   0x00000038   Code   RO         3662    i.xTaskCreate       tasks.o
    0x080038cc   0x080038cc   0x00000020   Code   RO         3670    i.xTaskGetSchedulerState  tasks.o
    0x080038ec   0x080038ec   0x000001a0   Code   RO         3673    i.xTaskIncrementTick  tasks.o
    0x08003a8c   0x08003a8c   0x0000017c   Code   RO         3675    i.xTaskResumeAll    tasks.o
    0x08003c08   0x08003c08   0x00000012   Data   RO         1973    .constdata          stm32f1xx_hal_rcc.o
    0x08003c1a   0x08003c1a   0x00000012   Data   RO         2069    .constdata          stm32f1xx_hal_rcc_ex.o
    0x08003c2c   0x08003c2c   0x00000018   Data   RO         2794    .constdata          system_stm32f1xx.o
    0x08003c44   0x08003c44   0x000008de   Data   RO         2907    .constdata          oled_fonts.o
    0x08004522   0x08004522   0x0000000c   Data   RO         4330    .constdata          c_w.l(_monlen.o)
    0x0800452e   0x0800452e   0x00000002   PAD
    0x08004530   0x08004530   0x00000020   Data   RO         4511    Region$$Table       anon$$obj.o


    Execution Region RW_IRAM1 (Exec base: 0x20000000, Load base: 0x08004550, Size: 0x00001c38, Max: 0x00002800, ABSOLUTE)

    Exec Addr    Load Addr    Size         Type   Attr      Idx    E Section Name        Object

    0x20000000   0x08004550   0x00000004   Data   RW           18    .data               main.o
    0x20000004   0x08004554   0x00000009   Data   RW         1809    .data               stm32f1xx_hal.o
    0x2000000d   0x0800455d   0x00000003   PAD
    0x20000010   0x08004560   0x00000004   Data   RW         2795    .data               system_stm32f1xx.o
    0x20000014   0x08004564   0x00000040   Data   RW         3678    .data               tasks.o
    0x20000054   0x080045a4   0x0000001c   Data   RW         3971    .data               heap_4.o
    0x20000070   0x080045c0   0x00000004   Data   RW         4036    .data               port.o
    0x20000074   0x080045c4   0x00000004   Data   RW         4105    .data               startup_animation.o
    0x20000078   0x080045c8   0x00000004   Data   RW         4155    .data               clock.o
    0x2000007c        -       0x00000014   Zero   RW          315    .bss                rtc.o
    0x20000090        -       0x00000048   Zero   RW          451    .bss                stm32f1xx_hal_timebase_tim.o
    0x200000d8        -       0x00000400   Zero   RW         2952    .bss                oled.o
    0x200004d8        -       0x0000000c   Zero   RW         3141    .bss                myrtc.o
    0x200004e4        -       0x000000c8   Zero   RW         3677    .bss                tasks.o
    0x200005ac        -       0x00001000   Zero   RW         3970    .bss                heap_4.o
    0x200015ac        -       0x0000002c   Zero   RW         4270    .bss                c_w.l(localtime.o)
    0x200015d8        -       0x00000060   Zero   RW         4392    .bss                c_w.l(libspace.o)
    0x20001638        -       0x00000200   Zero   RW            2    HEAP                startup_stm32f103xb.o
    0x20001838        -       0x00000400   Zero   RW            1    STACK               startup_stm32f103xb.o


==============================================================================

Image component sizes


      Code (inc. data)   RO Data    RW Data    ZI Data      Debug   Object Name

       296         50          0          4          0       1158   clock.o
         0          0          0          0          0       2512   event_groups.o
       212         14          0          0          0     413691   gpio.o
       544         58          0         28       4096       4731   heap_4.o
       148          0          0          0          0       3006   list.o
       316         34          0          4          0     426576   main.o
       214         18          0          0          0       3766   myi2c_hal.o
       140          8          0          0         12       2053   myrtc.o
      1420         38          0          0       1024       9961   oled.o
         0          0       2270          0          0       1008   oled_fonts.o
       404         48          0          4          0       9004   port.o
       428         26          0          0         20       1703   rtc.o
       440         62          0          4          0       3112   startup_animation.o
        64         26        236          0       1536        784   startup_stm32f103xb.o
        76         20          0          9          0       4214   stm32f1xx_hal.o
       252         22          0          0          0      28590   stm32f1xx_hal_cortex.o
       828         30          0          0          0       3852   stm32f1xx_hal_gpio.o
        84          8          0          0          0        866   stm32f1xx_hal_msp.o
        12          4          0          0          0        499   stm32f1xx_hal_pwr.o
      1816        108         18          0          0       6461   stm32f1xx_hal_rcc.o
       556         34         18          0          0       2329   stm32f1xx_hal_rcc_ex.o
      1762         16          0          0          0      12656   stm32f1xx_hal_rtc.o
        48         10          0          0          0       1735   stm32f1xx_hal_rtc_ex.o
       700         18          0          0          0       6134   stm32f1xx_hal_tim.o
         4          0          0          0          0       1509   stm32f1xx_hal_tim_ex.o
       176         16          0          0         72       1427   stm32f1xx_hal_timebase_tim.o
        54          6          0          0          0       3305   stm32f1xx_it.o
         2          0         24          4          0       1079   system_stm32f1xx.o
      2410        310          0         64        200      29776   tasks.o

    ----------------------------------------------------------------------
     13424        984       2598        124       6960     987497   Object Totals
         0          0         32          0          0          0   (incl. Generated)
        18          0          0          3          0          0   (incl. Padding)

    ----------------------------------------------------------------------

      Code (inc. data)   RO Data    RW Data    ZI Data      Debug   Library Member Name

         8          0          0          0          0         68   __main.o
         0          0          0          0          0          0   __rtentry.o
        12          0          0          0          0          0   __rtentry2.o
         6          0          0          0          0          0   __rtentry4.o
        52          8          0          0          0          0   __scatter.o
        26          0          0          0          0          0   __scatter_copy.o
        28          0          0          0          0          0   __scatter_zi.o
         0          0         12          0          0          0   _monlen.o
        10          0          0          0          0         68   defsig_exit.o
        50          0          0          0          0         88   defsig_general.o
        80         58          0          0          0         76   defsig_rtmem_inner.o
        14          0          0          0          0         80   defsig_rtmem_outer.o
        18          0          0          0          0         80   exit.o
        94          0          0          0          0         80   h1_alloc.o
        52          0          0          0          0         68   h1_extend.o
        78          0          0          0          0         80   h1_free.o
        14          0          0          0          0         84   h1_init.o
         6          0          0          0          0        152   heapauxi.o
         4          0          0          0          0        136   hguard.o
         0          0          0          0          0          0   indicate_semi.o
       138          0          0          0          0        168   init_alloc.o
         2          0          0          0          0          0   libinit.o
        10          0          0          0          0          0   libinit2.o
         2          0          0          0          0          0   libshutdown.o
         2          0          0          0          0          0   libshutdown2.o
         8          4          0          0         96         68   libspace.o
        12          6          0          0         44         68   localtime.o
       184          6          0          0          0         80   localtime_internal.o
         0          0          0          0          0          0   maybetermalloc1.o
       428         10          0          0          0        116   mktime.o
         8          4          0          0          0         68   rt_heap_descriptor_intlibspace.o
        78          0          0          0          0         80   rt_memclr_w.o
       100          0          0          0          0         80   rt_memcpy_w.o
         2          0          0          0          0          0   rtexit.o
        10          0          0          0          0          0   rtexit2.o
        62          0          0          0          0         76   strlen.o
        12          4          0          0          0         68   sys_exit.o
        74          0          0          0          0         80   sys_stackheap_outer.o
        14          0          0          0          0         76   sys_wrch.o
         2          0          0          0          0         68   use_no_semi.o

    ----------------------------------------------------------------------
      1708        100         14          0        140       2156   Library Totals
         8          0          2          0          0          0   (incl. Padding)

    ----------------------------------------------------------------------

      Code (inc. data)   RO Data    RW Data    ZI Data      Debug   Library Name

      1700        100         12          0        140       2156   c_w.l

    ----------------------------------------------------------------------
      1708        100         14          0        140       2156   Library Totals

    ----------------------------------------------------------------------

==============================================================================


      Code (inc. data)   RO Data    RW Data    ZI Data      Debug   

     15132       1084       2612        124       7100     981641   Grand Totals
     15132       1084       2612        124       7100     981641   ELF Image Totals
     15132       1084       2612        124          0          0   ROM Totals

==============================================================================

    Total RO  Size (Code + RO Data)                17744 (  17.33kB)
    Total RW  Size (RW Data + ZI Data)              7224 (   7.05kB)
    Total ROM Size (Code + RO Data + RW Data)      17868 (  17.45kB)

==============================================================================

